Component: Arm Compiler for Embedded 6.19 Tool: armlink [5e73cb00]

==============================================================================

Section Cross References

    empty.o(.text.Car_Move) refers to bsp_motor_iic.o(.text.control_speed) for control_speed
    empty.o(.text.Car_Move) refers to empty.o(.bss.Car_Move.state) for [Anonymous Symbol]
    empty.o(.ARM.exidx.text.Car_Move) refers to empty.o(.text.Car_Move) for [Anonymous Symbol]
    empty.o(.text.Car_Move_PWM) refers to bsp_motor_iic.o(.text.control_pwm) for control_pwm
    empty.o(.text.Car_Move_PWM) refers to empty.o(.bss.Car_Move_PWM.state) for [Anonymous Symbol]
    empty.o(.ARM.exidx.text.Car_Move_PWM) refers to empty.o(.text.Car_Move_PWM) for [Anonymous Symbol]
    empty.o(.text.main) refers to usart.o(.text.USART_Init) for USART_Init
    empty.o(.text.main) refers to printfa.o(i.__0printf) for printf
    empty.o(.text.main) refers to bsp_motor_iic.o(.text.control_pwm) for control_pwm
    empty.o(.text.main) refers to delay.o(.text.delay_ms) for delay_ms
    empty.o(.text.main) refers to bsp_motor_iic.o(.text.Set_motor_type) for Set_motor_type
    empty.o(.text.main) refers to bsp_motor_iic.o(.text.Set_Pluse_Phase) for Set_Pluse_Phase
    empty.o(.text.main) refers to bsp_motor_iic.o(.text.Set_Pluse_line) for Set_Pluse_line
    empty.o(.text.main) refers to bsp_motor_iic.o(.text.Set_Wheel_dis) for Set_Wheel_dis
    empty.o(.text.main) refers to bsp_motor_iic.o(.text.Set_motor_deadzone) for Set_motor_deadzone
    empty.o(.text.main) refers to empty.o(.text.__NVIC_ClearPendingIRQ) for __NVIC_ClearPendingIRQ
    empty.o(.text.main) refers to empty.o(.text.__NVIC_EnableIRQ) for __NVIC_EnableIRQ
    empty.o(.text.main) refers to empty.o(.text.Car_Move) for Car_Move
    empty.o(.text.main) refers to bsp_motor_iic.o(.text.Read_ALL_Enconder) for Read_ALL_Enconder
    empty.o(.text.main) refers to empty.o(.rodata.str1.1) for [Anonymous Symbol]
    empty.o(.text.main) refers to empty.o(.bss.times) for times
    empty.o(.text.main) refers to bsp_motor_iic.o(.bss.Encoder_Now) for Encoder_Now
    empty.o(.ARM.exidx.text.main) refers to empty.o(.text.main) for [Anonymous Symbol]
    empty.o(.ARM.exidx.text.__NVIC_ClearPendingIRQ) refers to empty.o(.text.__NVIC_ClearPendingIRQ) for [Anonymous Symbol]
    empty.o(.ARM.exidx.text.__NVIC_EnableIRQ) refers to empty.o(.text.__NVIC_EnableIRQ) for [Anonymous Symbol]
    empty.o(.text.TIMA0_IRQHandler) refers to empty.o(.text.DL_Timer_getPendingInterrupt) for DL_Timer_getPendingInterrupt
    empty.o(.text.TIMA0_IRQHandler) refers to empty.o(.bss.times) for times
    empty.o(.ARM.exidx.text.TIMA0_IRQHandler) refers to empty.o(.text.TIMA0_IRQHandler) for [Anonymous Symbol]
    empty.o(.ARM.exidx.text.DL_Timer_getPendingInterrupt) refers to empty.o(.text.DL_Timer_getPendingInterrupt) for [Anonymous Symbol]
    startup_mspm0g350x_uvision.o(RESET) refers to startup_mspm0g350x_uvision.o(STACK) for __initial_sp
    startup_mspm0g350x_uvision.o(RESET) refers to startup_mspm0g350x_uvision.o(.text) for Reset_Handler
    startup_mspm0g350x_uvision.o(RESET) refers to usart.o(.text.UART0_IRQHandler) for UART0_IRQHandler
    startup_mspm0g350x_uvision.o(RESET) refers to empty.o(.text.TIMA0_IRQHandler) for TIMA0_IRQHandler
    startup_mspm0g350x_uvision.o(.text) refers to entry.o(.ARM.Collect$$$$00000000) for __main
    ti_msp_dl_config.o(.text.SYSCFG_DL_init) refers to ti_msp_dl_config.o(.text.SYSCFG_DL_initPower) for SYSCFG_DL_initPower
    ti_msp_dl_config.o(.text.SYSCFG_DL_init) refers to ti_msp_dl_config.o(.text.SYSCFG_DL_GPIO_init) for SYSCFG_DL_GPIO_init
    ti_msp_dl_config.o(.text.SYSCFG_DL_init) refers to ti_msp_dl_config.o(.text.SYSCFG_DL_SYSCTL_init) for SYSCFG_DL_SYSCTL_init
    ti_msp_dl_config.o(.text.SYSCFG_DL_init) refers to ti_msp_dl_config.o(.text.SYSCFG_DL_TIMER_0_init) for SYSCFG_DL_TIMER_0_init
    ti_msp_dl_config.o(.text.SYSCFG_DL_init) refers to ti_msp_dl_config.o(.text.SYSCFG_DL_UART_0_init) for SYSCFG_DL_UART_0_init
    ti_msp_dl_config.o(.text.SYSCFG_DL_init) refers to ti_msp_dl_config.o(.text.SYSCFG_DL_SYSTICK_init) for SYSCFG_DL_SYSTICK_init
    ti_msp_dl_config.o(.text.SYSCFG_DL_init) refers to ti_msp_dl_config.o(.bss.gTIMER_0Backup) for gTIMER_0Backup
    ti_msp_dl_config.o(.ARM.exidx.text.SYSCFG_DL_init) refers to ti_msp_dl_config.o(.text.SYSCFG_DL_init) for [Anonymous Symbol]
    ti_msp_dl_config.o(.text.SYSCFG_DL_initPower) refers to ti_msp_dl_config.o(.text.DL_GPIO_reset) for DL_GPIO_reset
    ti_msp_dl_config.o(.text.SYSCFG_DL_initPower) refers to ti_msp_dl_config.o(.text.DL_Timer_reset) for DL_Timer_reset
    ti_msp_dl_config.o(.text.SYSCFG_DL_initPower) refers to ti_msp_dl_config.o(.text.DL_UART_reset) for DL_UART_reset
    ti_msp_dl_config.o(.text.SYSCFG_DL_initPower) refers to ti_msp_dl_config.o(.text.DL_GPIO_enablePower) for DL_GPIO_enablePower
    ti_msp_dl_config.o(.text.SYSCFG_DL_initPower) refers to ti_msp_dl_config.o(.text.DL_Timer_enablePower) for DL_Timer_enablePower
[...]
    Removing dl_spi.o(.text.DL_SPI_enable), (24 bytes).
    Removing dl_spi.o(.ARM.exidx.text.DL_SPI_enable), (8 bytes).
    Removing dl_spi.o(.text.DL_SPI_fillTXFIFO32), (72 bytes).
    Removing dl_spi.o(.ARM.exidx.text.DL_SPI_fillTXFIFO32), (8 bytes).
    Removing dl_timer.o(.text), (0 bytes).
    Removing dl_timer.o(.ARM.exidx.text.DL_Timer_setClockConfig), (8 bytes).
    Removing dl_timer.o(.text.DL_Timer_getClockConfig), (52 bytes).
    Removing dl_timer.o(.ARM.exidx.text.DL_Timer_getClockConfig), (8 bytes).
    Removing dl_timer.o(.ARM.exidx.text.DL_Timer_initTimerMode), (8 bytes).
    Removing dl_timer.o(.ARM.exidx.text.DL_Timer_setLoadValue), (8 bytes).
    Removing dl_timer.o(.ARM.exidx.text.DL_Timer_setCounterValueAfterEnable), (8 bytes).
    Removing dl_timer.o(.ARM.exidx.text.DL_Timer_setCaptureCompareValue), (8 bytes).
    Removing dl_timer.o(.ARM.exidx.text.DL_Timer_setCaptureCompareCtl), (8 bytes).
    Removing dl_timer.o(.text.DL_Timer_initCaptureMode), (304 bytes).
    Removing dl_timer.o(.ARM.exidx.text.DL_Timer_initCaptureMode), (8 bytes).
    Removing dl_timer.o(.text.DL_Timer_getInChanConfig), (150 bytes).
    Removing dl_timer.o(.ARM.exidx.text.DL_Timer_getInChanConfig), (8 bytes).
    Removing dl_timer.o(.text.DL_Timer_setCaptureCompareInput), (52 bytes).
    Removing dl_timer.o(.ARM.exidx.text.DL_Timer_setCaptureCompareInput), (8 bytes).
    Removing dl_timer.o(.text.DL_Timer_setCCPDirection), (20 bytes).
    Removing dl_timer.o(.ARM.exidx.text.DL_Timer_setCCPDirection), (8 bytes).
    Removing dl_timer.o(.ARM.exidx.text.DL_Common_updateReg), (8 bytes).
    Removing dl_timer.o(.text.DL_Timer_initCaptureTriggerMode), (180 bytes).
    Removing dl_timer.o(.ARM.exidx.text.DL_Timer_initCaptureTriggerMode), (8 bytes).
    Removing dl_timer.o(.text.DL_Timer_initCaptureCombinedMode), (176 bytes).
    Removing dl_timer.o(.ARM.exidx.text.DL_Timer_initCaptureCombinedMode), (8 bytes).
    Removing dl_timer.o(.text.DL_Timer_getInChanPairConfig), (82 bytes).
    Removing dl_timer.o(.ARM.exidx.text.DL_Timer_getInChanPairConfig), (8 bytes).
    Removing dl_timer.o(.text.DL_Timer_initCompareMode), (184 bytes).
    Removing dl_timer.o(.ARM.exidx.text.DL_Timer_initCompareMode), (8 bytes).
    Removing dl_timer.o(.text.DL_Timer_initCompareTriggerMode), (156 bytes).
    Removing dl_timer.o(.ARM.exidx.text.DL_Timer_initCompareTriggerMode), (8 bytes).
    Removing dl_timer.o(.text.DL_Timer_getCaptureCompareValue), (40 bytes).
    Removing dl_timer.o(.ARM.exidx.text.DL_Timer_getCaptureCompareValue), (8 bytes).
    Removing dl_timer.o(.text.DL_Timer_getCaptureCompareCtl), (48 bytes).
    Removing dl_timer.o(.ARM.exidx.text.DL_Timer_getCaptureCompareCtl), (8 bytes).
    Removing dl_timer.o(.text.DL_Timer_setSecondCompSrcDn), (52 bytes).
    Removing dl_timer.o(.ARM.exidx.text.DL_Timer_setSecondCompSrcDn), (8 bytes).
    Removing dl_timer.o(.text.DL_Timer_getSecondCompSrcDn), (48 bytes).
    Removing dl_timer.o(.ARM.exidx.text.DL_Timer_getSecondCompSrcDn), (8 bytes).
    Removing dl_timer.o(.text.DL_Timer_setSecondCompSrcUp), (52 bytes).
    Removing dl_timer.o(.ARM.exidx.text.DL_Timer_setSecondCompSrcUp), (8 bytes).
    Removing dl_timer.o(.text.DL_Timer_getSecondCompSrcUp), (48 bytes).
    Removing dl_timer.o(.ARM.exidx.text.DL_Timer_getSecondCompSrcUp), (8 bytes).
    Removing dl_timer.o(.text.DL_Timer_setSecondCompActionDn), (60 bytes).
    Removing dl_timer.o(.ARM.exidx.text.DL_Timer_setSecondCompActionDn), (8 bytes).
    Removing dl_timer.o(.text.DL_Timer_getSecondCompActionDn), (52 bytes).
    Removing dl_timer.o(.ARM.exidx.text.DL_Timer_getSecondCompActionDn), (8 bytes).
    Removing dl_timer.o(.text.DL_Timer_setSecondCompActionUp), (52 bytes).
    Removing dl_timer.o(.ARM.exidx.text.DL_Timer_setSecondCompActionUp), (8 bytes).
    Removing dl_timer.o(.text.DL_Timer_getSecondCompActionUp), (48 bytes).
    Removing dl_timer.o(.ARM.exidx.text.DL_Timer_getSecondCompActionUp), (8 bytes).
    Removing dl_timer.o(.text.DL_Timer_enableSuppressionOfCompEvent), (48 bytes).
    Removing dl_timer.o(.ARM.exidx.text.DL_Timer_enableSuppressionOfCompEvent), (8 bytes).
    Removing dl_timer.o(.text.DL_Timer_disableSuppressionOfCompEvent), (48 bytes).
    Removing dl_timer.o(.ARM.exidx.text.DL_Timer_disableSuppressionOfCompEvent), (8 bytes).
    Removing dl_timer.o(.text.DL_Timer_setCaptCompUpdateMethod), (52 bytes).
    Removing dl_timer.o(.ARM.exidx.text.DL_Timer_setCaptCompUpdateMethod), (8 bytes).
    Removing dl_timer.o(.text.DL_Timer_getCaptCompUpdateMethod), (48 bytes).
    Removing dl_timer.o(.ARM.exidx.text.DL_Timer_getCaptCompUpdateMethod), (8 bytes).
    Removing dl_timer.o(.text.DL_Timer_setCaptureCompareOutCtl), (64 bytes).
    Removing dl_timer.o(.ARM.exidx.text.DL_Timer_setCaptureCompareOutCtl), (8 bytes).
    Removing dl_timer.o(.text.DL_Timer_getCaptureCompareOutCtl), (40 bytes).
    Removing dl_timer.o(.ARM.exidx.text.DL_Timer_getCaptureCompareOutCtl), (8 bytes).
    Removing dl_timer.o(.text.DL_Timer_setCaptureCompareAction), (52 bytes).
    Removing dl_timer.o(.ARM.exidx.text.DL_Timer_setCaptureCompareAction), (8 bytes).
    Removing dl_timer.o(.text.DL_Timer_getCaptureCompareAction), (48 bytes).
    Removing dl_timer.o(.ARM.exidx.text.DL_Timer_getCaptureCompareAction), (8 bytes).
    Removing dl_timer.o(.text.DL_Timer_overrideCCPOut), (56 bytes).
    Removing dl_timer.o(.ARM.exidx.text.DL_Timer_overrideCCPOut), (8 bytes).
    Removing dl_timer.o(.text.DL_Timer_getCaptureCompareInput), (40 bytes).
    Removing dl_timer.o(.ARM.exidx.text.DL_Timer_getCaptureCompareInput), (8 bytes).
    Removing dl_timer.o(.text.DL_Timer_setCaptureCompareInputFilter), (54 bytes).
    Removing dl_timer.o(.ARM.exidx.text.DL_Timer_setCaptureCompareInputFilter), (8 bytes).
    Removing dl_timer.o(.text.DL_Timer_getCaptureCompareInputFilter), (42 bytes).
    Removing dl_timer.o(.ARM.exidx.text.DL_Timer_getCaptureCompareInputFilter), (8 bytes).
    Removing dl_timer.o(.text.DL_Timer_enableCaptureCompareInputFilter), (44 bytes).
    Removing dl_timer.o(.ARM.exidx.text.DL_Timer_enableCaptureCompareInputFilter), (8 bytes).
    Removing dl_timer.o(.text.DL_Timer_disableCaptureCompareInputFilter), (44 bytes).
    Removing dl_timer.o(.ARM.exidx.text.DL_Timer_disableCaptureCompareInputFilter), (8 bytes).
    Removing dl_timer.o(.text.DL_Timer_isCaptureCompareInputFilterEnabled), (44 bytes).
    Removing dl_timer.o(.ARM.exidx.text.DL_Timer_isCaptureCompareInputFilterEnabled), (8 bytes).
    Removing dl_timer.o(.text.DL_Timer_saveConfiguration), (596 bytes).
    Removing dl_timer.o(.ARM.exidx.text.DL_Timer_saveConfiguration), (8 bytes).
    Removing dl_timer.o(.text.DL_Timer_restoreConfiguration), (636 bytes).
    Removing dl_timer.o(.ARM.exidx.text.DL_Timer_restoreConfiguration), (8 bytes).
    Removing dl_timer.o(.text.DL_Timer_initFourCCPWMMode), (236 bytes).
    Removing dl_timer.o(.ARM.exidx.text.DL_Timer_initFourCCPWMMode), (8 bytes).
    Removing dl_timer.o(.text.DL_Timer_initTwoCCPWMMode), (272 bytes).
    Removing dl_timer.o(.ARM.exidx.text.DL_Timer_initTwoCCPWMMode), (8 bytes).
    Removing dl_timer.o(.text.DL_Timer_setFaultSourceConfig), (52 bytes).
    Removing dl_timer.o(.ARM.exidx.text.DL_Timer_setFaultSourceConfig), (8 bytes).
    Removing dl_timer.o(.text.DL_Timer_getFaultSourceConfig), (48 bytes).
    Removing dl_timer.o(.ARM.exidx.text.DL_Timer_getFaultSourceConfig), (8 bytes).
    Removing dl_timer.o(.text.DL_TimerA_saveConfiguration), (676 bytes).
    Removing dl_timer.o(.ARM.exidx.text.DL_TimerA_saveConfiguration), (8 bytes).
    Removing dl_timer.o(.text.DL_TimerA_restoreConfiguration), (696 bytes).
    Removing dl_timer.o(.ARM.exidx.text.DL_TimerA_restoreConfiguration), (8 bytes).
    Removing dl_timer.o(.text.DL_Timer_configQEIHallInputMode), (64 bytes).
    Removing dl_timer.o(.ARM.exidx.text.DL_Timer_configQEIHallInputMode), (8 bytes).
    Removing dl_trng.o(.text), (0 bytes).
    Removing dl_trng.o(.text.DL_TRNG_saveConfiguration), (88 bytes).
    Removing dl_trng.o(.ARM.exidx.text.DL_TRNG_saveConfiguration), (8 bytes).
    Removing dl_trng.o(.text.DL_TRNG_restoreConfiguration), (128 bytes).
    Removing dl_trng.o(.ARM.exidx.text.DL_TRNG_restoreConfiguration), (8 bytes).
    Removing dl_trng.o(.text.DL_Common_updateReg), (40 bytes).
    Removing dl_trng.o(.ARM.exidx.text.DL_Common_updateReg), (8 bytes).
    Removing dl_trng.o(.text.DL_TRNG_sendCommand), (36 bytes).
    Removing dl_trng.o(.ARM.exidx.text.DL_TRNG_sendCommand), (8 bytes).
    Removing dl_uart.o(.text), (0 bytes).
    Removing dl_uart.o(.ARM.exidx.text.DL_UART_init), (8 bytes).
    Removing dl_uart.o(.ARM.exidx.text.DL_UART_disable), (8 bytes).
    Removing dl_uart.o(.ARM.exidx.text.DL_Common_updateReg), (8 bytes).
    Removing dl_uart.o(.ARM.exidx.text.DL_UART_setClockConfig), (8 bytes).
    Removing dl_uart.o(.text.DL_UART_getClockConfig), (36 bytes).
    Removing dl_uart.o(.ARM.exidx.text.DL_UART_getClockConfig), (8 bytes).
    Removing dl_uart.o(.text.DL_UART_configBaudRate), (142 bytes).
    Removing dl_uart.o(.ARM.exidx.text.DL_UART_configBaudRate), (8 bytes).
    Removing dl_uart.o(.text.DL_UART_setOversampling), (30 bytes).
    Removing dl_uart.o(.ARM.exidx.text.DL_UART_setOversampling), (8 bytes).
    Removing dl_uart.o(.text.DL_UART_setBaudRateDivisor), (76 bytes).
    Removing dl_uart.o(.ARM.exidx.text.DL_UART_setBaudRateDivisor), (8 bytes).
    Removing dl_uart.o(.text.DL_UART_configIrDAMode), (64 bytes).
    Removing dl_uart.o(.ARM.exidx.text.DL_UART_configIrDAMode), (8 bytes).
    Removing dl_uart.o(.text.DL_UART_setIrDAPulseLength), (74 bytes).
    Removing dl_uart.o(.ARM.exidx.text.DL_UART_setIrDAPulseLength), (8 bytes).
    Removing dl_uart.o(.text.DL_UART_receiveDataBlocking), (32 bytes).
    Removing dl_uart.o(.ARM.exidx.text.DL_UART_receiveDataBlocking), (8 bytes).
    Removing dl_uart.o(.text.DL_UART_isRXFIFOEmpty), (24 bytes).
    Removing dl_uart.o(.ARM.exidx.text.DL_UART_isRXFIFOEmpty), (8 bytes).
    Removing dl_uart.o(.text.DL_UART_receiveData), (20 bytes).
    Removing dl_uart.o(.ARM.exidx.text.DL_UART_receiveData), (8 bytes).
    Removing dl_uart.o(.text.DL_UART_transmitDataBlocking), (40 bytes).
    Removing dl_uart.o(.ARM.exidx.text.DL_UART_transmitDataBlocking), (8 bytes).
    Removing dl_uart.o(.text.DL_UART_isTXFIFOFull), (24 bytes).
    Removing dl_uart.o(.ARM.exidx.text.DL_UART_isTXFIFOFull), (8 bytes).
    Removing dl_uart.o(.text.DL_UART_transmitData), (22 bytes).
    Removing dl_uart.o(.ARM.exidx.text.DL_UART_transmitData), (8 bytes).
    Removing dl_uart.o(.text.DL_UART_receiveDataCheck), (58 bytes).
    Removing dl_uart.o(.ARM.exidx.text.DL_UART_receiveDataCheck), (8 bytes).
    Removing dl_uart.o(.text.DL_UART_transmitDataCheck), (60 bytes).
    Removing dl_uart.o(.ARM.exidx.text.DL_UART_transmitDataCheck), (8 bytes).
    Removing dl_uart.o(.text.DL_UART_drainRXFIFO), (70 bytes).
    Removing dl_uart.o(.ARM.exidx.text.DL_UART_drainRXFIFO), (8 bytes).
    Removing dl_uart.o(.text.DL_UART_fillTXFIFO), (70 bytes).
    Removing dl_uart.o(.ARM.exidx.text.DL_UART_fillTXFIFO), (8 bytes).
    Removing dl_uart.o(.text.DL_UART_Main_saveConfiguration), (200 bytes).
    Removing dl_uart.o(.ARM.exidx.text.DL_UART_Main_saveConfiguration), (8 bytes).
    Removing dl_uart.o(.text.DL_UART_Main_restoreConfiguration), (228 bytes).
    Removing dl_uart.o(.ARM.exidx.text.DL_UART_Main_restoreConfiguration), (8 bytes).
    Removing dl_uart.o(.text.DL_UART_enable), (22 bytes).
    Removing dl_uart.o(.ARM.exidx.text.DL_UART_enable), (8 bytes).
    Removing dl_uart.o(.text.DL_UART_Extend_saveConfiguration), (256 bytes).
    Removing dl_uart.o(.ARM.exidx.text.DL_UART_Extend_saveConfiguration), (8 bytes).
    Removing dl_uart.o(.text.DL_UART_Extend_restoreConfiguration), (276 bytes).
    Removing dl_uart.o(.ARM.exidx.text.DL_UART_Extend_restoreConfiguration), (8 bytes).
    Removing dl_vref.o(.text), (0 bytes).
    Removing dl_vref.o(.text.DL_VREF_configReference), (52 bytes).
    Removing dl_vref.o(.ARM.exidx.text.DL_VREF_configReference), (8 bytes).
    Removing dl_vref.o(.text.DL_VREF_setClockConfig), (36 bytes).
    Removing dl_vref.o(.ARM.exidx.text.DL_VREF_setClockConfig), (8 bytes).
    Removing dl_vref.o(.text.DL_VREF_getClockConfig), (36 bytes).
    Removing dl_vref.o(.ARM.exidx.text.DL_VREF_getClockConfig), (8 bytes).
    Removing dl_factoryregion.o(.text), (0 bytes).
    Removing dl_interrupt.o(.text), (0 bytes).
    Removing dl_interrupt.o(.text.DL_Interrupt_registerInterrupt), (92 bytes).
    Removing dl_interrupt.o(.ARM.exidx.text.DL_Interrupt_registerInterrupt), (8 bytes).
    Removing dl_interrupt.o(.text.DL_Interrupt_unregisterInterrupt), (28 bytes).
    Removing dl_interrupt.o(.ARM.exidx.text.DL_Interrupt_unregisterInterrupt), (8 bytes).
    Removing dl_interrupt.o(.vtable), (192 bytes).
    Removing dl_sysctl_mspm0c110x.o(.text), (0 bytes).
    Removing dl_sysctl_mspm0g1x0x_g3x0x.o(.text), (0 bytes).
    Removing dl_sysctl_mspm0g1x0x_g3x0x.o(.text.DL_SYSCTL_configSYSPLL), (236 bytes).
    Removing dl_sysctl_mspm0g1x0x_g3x0x.o(.ARM.exidx.text.DL_SYSCTL_configSYSPLL), (8 bytes).
    Removing dl_sysctl_mspm0g1x0x_g3x0x.o(.text.DL_SYSCTL_disableSYSPLL), (20 bytes).
    Removing dl_sysctl_mspm0g1x0x_g3x0x.o(.ARM.exidx.text.DL_SYSCTL_disableSYSPLL), (8 bytes).
    Removing dl_sysctl_mspm0g1x0x_g3x0x.o(.text.DL_SYSCTL_getClockStatus), (12 bytes).
    Removing dl_sysctl_mspm0g1x0x_g3x0x.o(.ARM.exidx.text.DL_SYSCTL_getClockStatus), (8 bytes).
    Removing dl_sysctl_mspm0g1x0x_g3x0x.o(.text.DL_Common_updateReg), (40 bytes).
    Removing dl_sysctl_mspm0g1x0x_g3x0x.o(.ARM.exidx.text.DL_Common_updateReg), (8 bytes).
    Removing dl_sysctl_mspm0g1x0x_g3x0x.o(.text.DL_CORE_getInstructionConfig), (16 bytes).
    Removing dl_sysctl_mspm0g1x0x_g3x0x.o(.ARM.exidx.text.DL_CORE_getInstructionConfig), (8 bytes).
    Removing dl_sysctl_mspm0g1x0x_g3x0x.o(.text.DL_CORE_configInstruction), (32 bytes).
    Removing dl_sysctl_mspm0g1x0x_g3x0x.o(.ARM.exidx.text.DL_CORE_configInstruction), (8 bytes).
    Removing dl_sysctl_mspm0g1x0x_g3x0x.o(.text.DL_SYSCTL_setLFCLKSourceLFXT), (104 bytes).
    Removing dl_sysctl_mspm0g1x0x_g3x0x.o(.ARM.exidx.text.DL_SYSCTL_setLFCLKSourceLFXT), (8 bytes).
    Removing dl_sysctl_mspm0g1x0x_g3x0x.o(.text.DL_SYSCTL_switchMCLKfromSYSOSCtoLFCLK), (100 bytes).
    Removing dl_sysctl_mspm0g1x0x_g3x0x.o(.ARM.exidx.text.DL_SYSCTL_switchMCLKfromSYSOSCtoLFCLK), (8 bytes).
    Removing dl_sysctl_mspm0g1x0x_g3x0x.o(.text.DL_SYSCTL_setSYSOSCFreq), (28 bytes).
    Removing dl_sysctl_mspm0g1x0x_g3x0x.o(.ARM.exidx.text.DL_SYSCTL_setSYSOSCFreq), (8 bytes).
    Removing dl_sysctl_mspm0g1x0x_g3x0x.o(.text.DL_SYSCTL_switchMCLKfromLFCLKtoSYSOSC), (52 bytes).
    Removing dl_sysctl_mspm0g1x0x_g3x0x.o(.ARM.exidx.text.DL_SYSCTL_switchMCLKfromLFCLKtoSYSOSC), (8 bytes).
    Removing dl_sysctl_mspm0g1x0x_g3x0x.o(.text.DL_SYSCTL_switchMCLKfromSYSOSCtoHSCLK), (76 bytes).
    Removing dl_sysctl_mspm0g1x0x_g3x0x.o(.ARM.exidx.text.DL_SYSCTL_switchMCLKfromSYSOSCtoHSCLK), (8 bytes).
    Removing dl_sysctl_mspm0g1x0x_g3x0x.o(.text.DL_SYSCTL_setHSCLKSource), (24 bytes).
    Removing dl_sysctl_mspm0g1x0x_g3x0x.o(.ARM.exidx.text.DL_SYSCTL_setHSCLKSource), (8 bytes).
    Removing dl_sysctl_mspm0g1x0x_g3x0x.o(.text.DL_SYSCTL_switchMCLKfromHSCLKtoSYSOSC), (36 bytes).
    Removing dl_sysctl_mspm0g1x0x_g3x0x.o(.ARM.exidx.text.DL_SYSCTL_switchMCLKfromHSCLKtoSYSOSC), (8 bytes).
    Removing dl_sysctl_mspm0g1x0x_g3x0x.o(.text.DL_SYSCTL_setHFCLKSourceHFXT), (72 bytes).
    Removing dl_sysctl_mspm0g1x0x_g3x0x.o(.ARM.exidx.text.DL_SYSCTL_setHFCLKSourceHFXT), (8 bytes).
    Removing dl_sysctl_mspm0g1x0x_g3x0x.o(.text.DL_SYSCTL_disableHFXT), (16 bytes).
    Removing dl_sysctl_mspm0g1x0x_g3x0x.o(.ARM.exidx.text.DL_SYSCTL_disableHFXT), (8 bytes).
    Removing dl_sysctl_mspm0g1x0x_g3x0x.o(.text.DL_SYSCTL_setHFXTFrequencyRange), (32 bytes).
    Removing dl_sysctl_mspm0g1x0x_g3x0x.o(.ARM.exidx.text.DL_SYSCTL_setHFXTFrequencyRange), (8 bytes).
    Removing dl_sysctl_mspm0g1x0x_g3x0x.o(.text.DL_SYSCTL_setHFXTStartupTime), (24 bytes).
    Removing dl_sysctl_mspm0g1x0x_g3x0x.o(.ARM.exidx.text.DL_SYSCTL_setHFXTStartupTime), (8 bytes).
    Removing dl_sysctl_mspm0g1x0x_g3x0x.o(.text.DL_SYSCTL_enableHFCLKStartupMonitor), (20 bytes).
    Removing dl_sysctl_mspm0g1x0x_g3x0x.o(.ARM.exidx.text.DL_SYSCTL_enableHFCLKStartupMonitor), (8 bytes).
    Removing dl_sysctl_mspm0g1x0x_g3x0x.o(.text.DL_SYSCTL_setHFCLKSourceHFXTParams), (100 bytes).
    Removing dl_sysctl_mspm0g1x0x_g3x0x.o(.ARM.exidx.text.DL_SYSCTL_setHFCLKSourceHFXTParams), (8 bytes).
    Removing dl_sysctl_mspm0g1x0x_g3x0x.o(.text.DL_SYSCTL_disableHFCLKStartupMonitor), (20 bytes).
    Removing dl_sysctl_mspm0g1x0x_g3x0x.o(.ARM.exidx.text.DL_SYSCTL_disableHFCLKStartupMonitor), (8 bytes).
    Removing dl_sysctl_mspm0g1x0x_g3x0x.o(.text.DL_SYSCTL_configFCC), (40 bytes).
    Removing dl_sysctl_mspm0g1x0x_g3x0x.o(.ARM.exidx.text.DL_SYSCTL_configFCC), (8 bytes).
    Removing dl_sysctl_mspm0g1x0x_g3x0x.o(.text.DL_SYSCTL_getPowerPolicyRUNSLEEP), (96 bytes).
    Removing dl_sysctl_mspm0g1x0x_g3x0x.o(.ARM.exidx.text.DL_SYSCTL_getPowerPolicyRUNSLEEP), (8 bytes).
    Removing dl_sysctl_mspm0g1x0x_g3x0x.o(.text.DL_SYSCTL_getPowerPolicySTOP), (104 bytes).
    Removing dl_sysctl_mspm0g1x0x_g3x0x.o(.ARM.exidx.text.DL_SYSCTL_getPowerPolicySTOP), (8 bytes).
    Removing dl_sysctl_mspm0g1x0x_g3x0x.o(.text.DL_SYSCTL_getPowerPolicySTANDBY), (80 bytes).
    Removing dl_sysctl_mspm0g1x0x_g3x0x.o(.ARM.exidx.text.DL_SYSCTL_getPowerPolicySTANDBY), (8 bytes).
    Removing dl_sysctl_mspm0gx51x.o(.text), (0 bytes).
    Removing dl_sysctl_mspm0l11xx_l13xx.o(.text), (0 bytes).
    Removing dl_sysctl_mspm0l122x_l222x.o(.text), (0 bytes).
    Removing delay.o(.text), (0 bytes).
    Removing delay.o(.ARM.exidx.text.delay_us), (8 bytes).
    Removing delay.o(.ARM.exidx.text.delay_ms), (8 bytes).
    Removing delay.o(.bss.delay_times), (4 bytes).
    Removing usart.o(.text), (0 bytes).
    Removing usart.o(.ARM.exidx.text.USART_Init), (8 bytes).
    Removing usart.o(.ARM.exidx.text.__NVIC_ClearPendingIRQ), (8 bytes).
    Removing usart.o(.ARM.exidx.text.__NVIC_EnableIRQ), (8 bytes).
    Removing usart.o(.text.USART_SendData), (44 bytes).
    Removing usart.o(.ARM.exidx.text.USART_SendData), (8 bytes).
    Removing usart.o(.ARM.exidx.text.DL_UART_isBusy), (8 bytes).
    Removing usart.o(.ARM.exidx.text.DL_UART_transmitData), (8 bytes).
    Removing usart.o(.ARM.exidx.text.fputc), (8 bytes).
    Removing usart.o(.ARM.exidx.text.UART0_IRQHandler), (8 bytes).
    Removing usart.o(.ARM.exidx.text.DL_UART_getPendingInterrupt), (8 bytes).
    Removing usart.o(.ARM.exidx.text.DL_UART_receiveData), (8 bytes).
    Removing bsp_motor_iic.o(.text), (0 bytes).
    Removing bsp_motor_iic.o(.ARM.exidx.text.float_to_bytes), (8 bytes).
    Removing bsp_motor_iic.o(.text.char2float), (52 bytes).
    Removing bsp_motor_iic.o(.ARM.exidx.text.char2float), (8 bytes).
    Removing bsp_motor_iic.o(.ARM.exidx.text.Set_motor_type), (8 bytes).
    Removing bsp_motor_iic.o(.ARM.exidx.text.Set_motor_deadzone), (8 bytes).
    Removing bsp_motor_iic.o(.ARM.exidx.text.Set_Pluse_line), (8 bytes).
    Removing bsp_motor_iic.o(.ARM.exidx.text.Set_Pluse_Phase), (8 bytes).
    Removing bsp_motor_iic.o(.ARM.exidx.text.Set_Wheel_dis), (8 bytes).
    Removing bsp_motor_iic.o(.ARM.exidx.text.control_speed), (8 bytes).
    Removing bsp_motor_iic.o(.ARM.exidx.text.control_pwm), (8 bytes).
    Removing bsp_motor_iic.o(.text.Read_10_Enconder), (136 bytes).
    Removing bsp_motor_iic.o(.ARM.exidx.text.Read_10_Enconder), (8 bytes).
    Removing bsp_motor_iic.o(.ARM.exidx.text.Read_ALL_Enconder), (8 bytes).
    Removing bsp_motor_iic.o(.bss.Read_10_Enconder.buf), (2 bytes).
    Removing bsp_motor_iic.o(.bss.Encoder_Offset), (16 bytes).
    Removing ioi2c.o(.text), (0 bytes).
    Removing ioi2c.o(.ARM.exidx.text.IIC_Start), (8 bytes).
    Removing ioi2c.o(.ARM.exidx.text.DL_GPIO_initDigitalOutput), (8 bytes).
    Removing ioi2c.o(.ARM.exidx.text.DL_GPIO_setPins), (8 bytes).
    Removing ioi2c.o(.ARM.exidx.text.DL_GPIO_enableOutput), (8 bytes).
    Removing ioi2c.o(.ARM.exidx.text.DL_GPIO_clearPins), (8 bytes).
    Removing ioi2c.o(.ARM.exidx.text.IIC_Stop), (8 bytes).
    Removing ioi2c.o(.ARM.exidx.text.IIC_Wait_Ack), (8 bytes).
    Removing ioi2c.o(.ARM.exidx.text.DL_GPIO_initDigitalInput), (8 bytes).
    Removing ioi2c.o(.ARM.exidx.text.DL_GPIO_readPins), (8 bytes).
    Removing ioi2c.o(.ARM.exidx.text.IIC_Send_Ack), (8 bytes).
    Removing ioi2c.o(.ARM.exidx.text.IIC_Send_Byte), (8 bytes).
    Removing ioi2c.o(.ARM.exidx.text.i2cWrite), (8 bytes).
    Removing ioi2c.o(.ARM.exidx.text.i2cRead), (8 bytes).
    Removing ioi2c.o(.ARM.exidx.text.IIC_Read_Byte), (8 bytes).

1156 unused section(s) (total 41447 bytes) removed from the image.

==============================================================================

Image Symbol Table

    Local Symbols

    Symbol Name                              Value     Ov Type        Size  Object(Section)

    ../clib/division.s                       0x00000000   Number         0  aeabi_sdiv.o ABSOLUTE
    ../clib/division.s                       0x00000000   Number         0  aeabi_sdiv_div0.o ABSOLUTE
    ../clib/microlib/division.c              0x00000000   Number         0  uidiv.o ABSOLUTE
    ../clib/microlib/division.c              0x00000000   Number         0  uidiv_div0.o ABSOLUTE
    ../clib/microlib/division.c              0x00000000   Number         0  idiv_div0.o ABSOLUTE
    ../clib/microlib/division.c              0x00000000   Number         0  idiv0.o ABSOLUTE
    ../clib/microlib/division.c              0x00000000   Number         0  uldiv.o ABSOLUTE
    ../clib/microlib/init/entry.s            0x00000000   Number         0  entry.o ABSOLUTE
    ../clib/microlib/init/entry.s            0x00000000   Number         0  entry2.o ABSOLUTE
    ../clib/microlib/init/entry.s            0x00000000   Number         0  entry5.o ABSOLUTE
    ../clib/microlib/init/entry.s            0x00000000   Number         0  entry7a.o ABSOLUTE
    ../clib/microlib/init/entry.s            0x00000000   Number         0  entry7b.o ABSOLUTE
    ../clib/microlib/init/entry.s            0x00000000   Number         0  entry8a.o ABSOLUTE
    ../clib/microlib/init/entry.s            0x00000000   Number         0  entry8b.o ABSOLUTE
    ../clib/microlib/init/entry.s            0x00000000   Number         0  entry9a.o ABSOLUTE
    ../clib/microlib/init/entry.s            0x00000000   Number         0  entry9b.o ABSOLUTE
    ../clib/microlib/init/entry.s            0x00000000   Number         0  entry10a.o ABSOLUTE
    ../clib/microlib/init/entry.s            0x00000000   Number         0  entry10b.o ABSOLUTE
    ../clib/microlib/init/entry.s            0x00000000   Number         0  entry11a.o ABSOLUTE
    ../clib/microlib/init/entry.s            0x00000000   Number         0  entry11b.o ABSOLUTE
    ../clib/microlib/longlong.c              0x00000000   Number         0  llshl.o ABSOLUTE
    ../clib/microlib/longlong.c              0x00000000   Number         0  llushr.o ABSOLUTE
    ../clib/microlib/longlong.c              0x00000000   Number         0  llsshr.o ABSOLUTE
    ../clib/microlib/malloc/malloc.c         0x00000000   Number         0  malloc.o ABSOLUTE
    ../clib/microlib/malloc/malloc.c         0x00000000   Number         0  mallocr.o ABSOLUTE
    ../clib/microlib/malloc/malloc.c         0x00000000   Number         0  malloca.o ABSOLUTE
    ../clib/microlib/malloc/malloc.c         0x00000000   Number         0  mallocra.o ABSOLUTE
    ../clib/microlib/malloc/mvars.c          0x00000000   Number         0  mvars.o ABSOLUTE
    ../clib/microlib/printf/printf.c         0x00000000   Number         0  printfa.o ABSOLUTE
    ../clib/microlib/stdio/streams.c         0x00000000   Number         0  stdout.o ABSOLUTE
    ../clib/microlib/string/memcpy.c         0x00000000   Number         0  memcpya.o ABSOLUTE
    ../clib/microlib/string/memcpy.c         0x00000000   Number         0  memcpyb.o ABSOLUTE
    ../clib/microlib/stubs.s                 0x00000000   Number         0  iusefp.o ABSOLUTE
    ../fplib/microlib/fpadd.c                0x00000000   Number         0  dadd.o ABSOLUTE
    ../fplib/microlib/fpdiv.c                0x00000000   Number         0  ddiv.o ABSOLUTE
    ../fplib/microlib/fpepilogue.c           0x00000000   Number         0  depilogue.o ABSOLUTE
    ../fplib/microlib/fpfix.c                0x00000000   Number         0  dfixul.o ABSOLUTE
    ../fplib/microlib/fpmul.c                0x00000000   Number         0  dmul.o ABSOLUTE
    IOI2C.c                                  0x00000000   Number         0  ioi2c.o ABSOLUTE
    bsp_motor_iic.c                          0x00000000   Number         0  bsp_motor_iic.o ABSOLUTE
    cdrcmple.s                               0x00000000   Number         0  cdrcmple.o ABSOLUTE
    dc.s                                     0x00000000   Number         0  dc.o ABSOLUTE
    delay.c                                  0x00000000   Number         0  delay.o ABSOLUTE
    dl_adc12.c                               0x00000000   Number         0  dl_adc12.o ABSOLUTE
    dl_aes.c                                 0x00000000   Number         0  dl_aes.o ABSOLUTE
    dl_aesadv.c                              0x00000000   Number         0  dl_aesadv.o ABSOLUTE
    dl_common.c                              0x00000000   Number         0  dl_common.o ABSOLUTE
    dl_crc.c                                 0x00000000   Number         0  dl_crc.o ABSOLUTE
    dl_crcp.c                                0x00000000   Number         0  dl_crcp.o ABSOLUTE
    dl_dac12.c                               0x00000000   Number         0  dl_dac12.o ABSOLUTE
    dl_dma.c                                 0x00000000   Number         0  dl_dma.o ABSOLUTE
    dl_factoryregion.c                       0x00000000   Number         0  dl_factoryregion.o ABSOLUTE
    dl_flashctl.c                            0x00000000   Number         0  dl_flashctl.o ABSOLUTE
    dl_i2c.c                                 0x00000000   Number         0  dl_i2c.o ABSOLUTE
    dl_interrupt.c                           0x00000000   Number         0  dl_interrupt.o ABSOLUTE
    dl_keystorectl.c                         0x00000000   Number         0  dl_keystorectl.o ABSOLUTE
    dl_lcd.c                                 0x00000000   Number         0  dl_lcd.o ABSOLUTE
    dl_lfss.c                                0x00000000   Number         0  dl_lfss.o ABSOLUTE
    dl_mathacl.c                             0x00000000   Number         0  dl_mathacl.o ABSOLUTE
    dl_mcan.c                                0x00000000   Number         0  dl_mcan.o ABSOLUTE
    dl_opa.c                                 0x00000000   Number         0  dl_opa.o ABSOLUTE
    dl_rtc_common.c                          0x00000000   Number         0  dl_rtc_common.o ABSOLUTE
    dl_spi.c                                 0x00000000   Number         0  dl_spi.o ABSOLUTE
    dl_sysctl_mspm0c110x.c                   0x00000000   Number         0  dl_sysctl_mspm0c110x.o ABSOLUTE
    dl_sysctl_mspm0g1x0x_g3x0x.c             0x00000000   Number         0  dl_sysctl_mspm0g1x0x_g3x0x.o ABSOLUTE
    dl_sysctl_mspm0gx51x.c                   0x00000000   Number         0  dl_sysctl_mspm0gx51x.o ABSOLUTE
    dl_sysctl_mspm0l11xx_l13xx.c             0x00000000   Number         0  dl_sysctl_mspm0l11xx_l13xx.o ABSOLUTE
    dl_sysctl_mspm0l122x_l222x.c             0x00000000   Number         0  dl_sysctl_mspm0l122x_l222x.o ABSOLUTE
    dl_timer.c                               0x00000000   Number         0  dl_timer.o ABSOLUTE
    dl_trng.c                                0x00000000   Number         0  dl_trng.o ABSOLUTE
    dl_uart.c                                0x00000000   Number         0  dl_uart.o ABSOLUTE
    dl_vref.c                                0x00000000   Number         0  dl_vref.o ABSOLUTE
    empty.c                                  0x00000000   Number         0  empty.o ABSOLUTE
    handlers.s                               0x00000000   Number         0  handlers.o ABSOLUTE
    init.s                                   0x00000000   Number         0  init.o ABSOLUTE
    startup_mspm0g350x_uvision.s             0x00000000   Number         0  startup_mspm0g350x_uvision.o ABSOLUTE
    ti_msp_dl_config.c                       0x00000000   Number         0  ti_msp_dl_config.o ABSOLUTE
    usart.c                                  0x00000000   Number         0  usart.o ABSOLUTE
    RESET                                    0x00000000   Section      192  startup_mspm0g350x_uvision.o(RESET)
    .ARM.Collect$$$$00000000                 0x000000c0   Section        0  entry.o(.ARM.Collect$$$$00000000)
    .ARM.Collect$$$$00000001                 0x000000c0   Section        4  entry2.o(.ARM.Collect$$$$00000001)
    .ARM.Collect$$$$00000004                 0x000000c4   Section        4  entry5.o(.ARM.Collect$$$$00000004)
    .ARM.Collect$$$$00000008                 0x000000c8   Section        0  entry7b.o(.ARM.Collect$$$$00000008)
    .ARM.Collect$$$$0000000A                 0x000000c8   Section        0  entry8b.o(.ARM.Collect$$$$0000000A)
    .ARM.Collect$$$$0000000B                 0x000000c8   Section        8  entry9a.o(.ARM.Collect$$$$0000000B)
    __lit__00000000                          0x000000d0   Data           4  entry2.o(.ARM.Collect$$$$00002712)
    .ARM.Collect$$$$0000000D                 0x000000d0   Section        0  entry10a.o(.ARM.Collect$$$$0000000D)
    .ARM.Collect$$$$0000000F                 0x000000d0   Section        0  entry11a.o(.ARM.Collect$$$$0000000F)
    .ARM.Collect$$$$00002712                 0x000000d0   Section        4  entry2.o(.ARM.Collect$$$$00002712)
    .text                                    0x000000d4   Section       20  startup_mspm0g350x_uvision.o(.text)
    .text                                    0x000000e8   Section        0  uidiv_div0.o(.text)
    .text                                    0x00000126   Section        0  uldiv.o(.text)
    .text                                    0x00000186   Section        0  iusefp.o(.text)
    .text                                    0x00000188   Section        0  dadd.o(.text)
    .text                                    0x000002ec   Section        0  dmul.o(.text)
    .text                                    0x000003bc   Section        0  ddiv.o(.text)
    .text                                    0x000004ac   Section        0  dfixul.o(.text)
    .text                                    0x000004ec   Section       40  cdrcmple.o(.text)
    .text                                    0x00000518   Section       36  init.o(.text)
    .text                                    0x0000053c   Section        0  llshl.o(.text)
    .text                                    0x0000055c   Section        0  llushr.o(.text)
    .text                                    0x0000057e   Section        0  llsshr.o(.text)
    .text                                    0x000005a4   Section        0  depilogue.o(.text)
    [Anonymous Symbol]                       0x00000664   Section        0  empty.o(.text.Car_Move)
    __arm_cp.0_0                             0x000006f8   Number         4  empty.o(.text.Car_Move)
    __arm_cp.0_1                             0x000006fc   Number         4  empty.o(.text.Car_Move)
    __arm_cp.0_2                             0x00000700   Number         4  empty.o(.text.Car_Move)
    [Anonymous Symbol]                       0x00000704   Section        0  dl_common.o(.text.DL_Common_delayCycles)
    DL_Common_updateReg                      0x00000719   Thumb Code    40  ti_msp_dl_config.o(.text.DL_Common_updateReg)
    [Anonymous Symbol]                       0x00000718   Section        0  ti_msp_dl_config.o(.text.DL_Common_updateReg)
    DL_Common_updateReg                      0x00000741   Thumb Code    40  dl_timer.o(.text.DL_Common_updateReg)
    [Anonymous Symbol]                       0x00000740   Section        0  dl_timer.o(.text.DL_Common_updateReg)
    DL_Common_updateReg                      0x00000769   Thumb Code    40  dl_uart.o(.text.DL_Common_updateReg)
    [Anonymous Symbol]                       0x00000768   Section        0  dl_uart.o(.text.DL_Common_updateReg)
    DL_GPIO_clearPins                        0x00000791   Thumb Code    20  ioi2c.o(.text.DL_GPIO_clearPins)
    [Anonymous Symbol]                       0x00000790   Section        0  ioi2c.o(.text.DL_GPIO_clearPins)
    DL_GPIO_enableOutput                     0x000007a5   Thumb Code    20  ti_msp_dl_config.o(.text.DL_GPIO_enableOutput)
    [Anonymous Symbol]                       0x000007a4   Section        0  ti_msp_dl_config.o(.text.DL_GPIO_enableOutput)
    DL_GPIO_enableOutput                     0x000007b9   Thumb Code    20  ioi2c.o(.text.DL_GPIO_enableOutput)
    [Anonymous Symbol]                       0x000007b8   Section        0  ioi2c.o(.text.DL_GPIO_enableOutput)
    __arm_cp.3_0                             0x000007cc   Number         4  ioi2c.o(.text.DL_GPIO_enableOutput)
    DL_GPIO_enablePower                      0x000007d1   Thumb Code    20  ti_msp_dl_config.o(.text.DL_GPIO_enablePower)
    [Anonymous Symbol]                       0x000007d0   Section        0  ti_msp_dl_config.o(.text.DL_GPIO_enablePower)
    DL_GPIO_initDigitalInput                 0x000007e5   Thumb Code    20  ioi2c.o(.text.DL_GPIO_initDigitalInput)
    [Anonymous Symbol]                       0x000007e4   Section        0  ioi2c.o(.text.DL_GPIO_initDigitalInput)
    __arm_cp.7_1                             0x000007f8   Number         4  ioi2c.o(.text.DL_GPIO_initDigitalInput)
    DL_GPIO_initDigitalOutput                0x000007fd   Thumb Code    20  ti_msp_dl_config.o(.text.DL_GPIO_initDigitalOutput)
    [Anonymous Symbol]                       0x000007fc   Section        0  ti_msp_dl_config.o(.text.DL_GPIO_initDigitalOutput)
    DL_GPIO_initDigitalOutput                0x00000811   Thumb Code    20  ioi2c.o(.text.DL_GPIO_initDigitalOutput)
    [Anonymous Symbol]                       0x00000810   Section        0  ioi2c.o(.text.DL_GPIO_initDigitalOutput)
    DL_GPIO_initPeripheralInputFunction      0x00000825   Thumb Code    24  ti_msp_dl_config.o(.text.DL_GPIO_initPeripheralInputFunction)
    [Anonymous Symbol]                       0x00000824   Section        0  ti_msp_dl_config.o(.text.DL_GPIO_initPeripheralInputFunction)
    __arm_cp.16_0                            0x0000083c   Number         4  ti_msp_dl_config.o(.text.DL_GPIO_initPeripheralInputFunction)
    DL_GPIO_initPeripheralOutputFunction     0x00000841   Thumb Code    24  ti_msp_dl_config.o(.text.DL_GPIO_initPeripheralOutputFunction)
    [Anonymous Symbol]                       0x00000840   Section        0  ti_msp_dl_config.o(.text.DL_GPIO_initPeripheralOutputFunction)
    __arm_cp.15_0                            0x00000858   Number         4  ti_msp_dl_config.o(.text.DL_GPIO_initPeripheralOutputFunction)
    DL_GPIO_readPins                         0x0000085d   Thumb Code    22  ioi2c.o(.text.DL_GPIO_readPins)
    [Anonymous Symbol]                       0x0000085c   Section        0  ioi2c.o(.text.DL_GPIO_readPins)
    DL_GPIO_reset                            0x00000875   Thumb Code    16  ti_msp_dl_config.o(.text.DL_GPIO_reset)
    [Anonymous Symbol]                       0x00000874   Section        0  ti_msp_dl_config.o(.text.DL_GPIO_reset)
    DL_GPIO_setPins                          0x00000885   Thumb Code    20  ti_msp_dl_config.o(.text.DL_GPIO_setPins)
    [Anonymous Symbol]                       0x00000884   Section        0  ti_msp_dl_config.o(.text.DL_GPIO_setPins)
    DL_GPIO_setPins                          0x00000899   Thumb Code    20  ioi2c.o(.text.DL_GPIO_setPins)
    [Anonymous Symbol]                       0x00000898   Section        0  ioi2c.o(.text.DL_GPIO_setPins)
    __arm_cp.2_0                             0x000008ac   Number         4  ioi2c.o(.text.DL_GPIO_setPins)
    DL_SYSCTL_disableHFXT                    0x000008b1   Thumb Code    12  ti_msp_dl_config.o(.text.DL_SYSCTL_disableHFXT)
    [Anonymous Symbol]                       0x000008b0   Section        0  ti_msp_dl_config.o(.text.DL_SYSCTL_disableHFXT)
    DL_SYSCTL_disableSYSPLL                  0x000008bd   Thumb Code    16  ti_msp_dl_config.o(.text.DL_SYSCTL_disableSYSPLL)
    [Anonymous Symbol]                       0x000008bc   Section        0  ti_msp_dl_config.o(.text.DL_SYSCTL_disableSYSPLL)
    __arm_cp.23_0                            0x000008cc   Number         4  ti_msp_dl_config.o(.text.DL_SYSCTL_disableSYSPLL)
    DL_SYSCTL_enableMFCLK                    0x000008d1   Thumb Code    16  ti_msp_dl_config.o(.text.DL_SYSCTL_enableMFCLK)
    [Anonymous Symbol]                       0x000008d0   Section        0  ti_msp_dl_config.o(.text.DL_SYSCTL_enableMFCLK)
    __arm_cp.24_0                            0x000008e0   Number         4  ti_msp_dl_config.o(.text.DL_SYSCTL_enableMFCLK)
    DL_SYSCTL_setBORThreshold                0x000008e5   Thumb Code    20  ti_msp_dl_config.o(.text.DL_SYSCTL_setBORThreshold)
    [Anonymous Symbol]                       0x000008e4   Section        0  ti_msp_dl_config.o(.text.DL_SYSCTL_setBORThreshold)
    __arm_cp.20_0                            0x000008f8   Number         4  ti_msp_dl_config.o(.text.DL_SYSCTL_setBORThreshold)
    DL_SYSCTL_setSYSOSCFreq                  0x000008fd   Thumb Code    24  ti_msp_dl_config.o(.text.DL_SYSCTL_setSYSOSCFreq)
    [Anonymous Symbol]                       0x000008fc   Section        0  ti_msp_dl_config.o(.text.DL_SYSCTL_setSYSOSCFreq)
    __arm_cp.21_0                            0x00000914   Number         4  ti_msp_dl_config.o(.text.DL_SYSCTL_setSYSOSCFreq)
    DL_SYSTICK_enable                        0x00000919   Thumb Code    12  ti_msp_dl_config.o(.text.DL_SYSTICK_enable)
    [Anonymous Symbol]                       0x00000918   Section        0  ti_msp_dl_config.o(.text.DL_SYSTICK_enable)
    DL_SYSTICK_init                          0x00000925   Thumb Code    28  ti_msp_dl_config.o(.text.DL_SYSTICK_init)
    [Anonymous Symbol]                       0x00000924   Section        0  ti_msp_dl_config.o(.text.DL_SYSTICK_init)
    __arm_cp.31_0                            0x00000940   Number         4  ti_msp_dl_config.o(.text.DL_SYSTICK_init)
    __arm_cp.31_1                            0x00000944   Number         4  ti_msp_dl_config.o(.text.DL_SYSTICK_init)
    __arm_cp.31_2                            0x00000948   Number         4  ti_msp_dl_config.o(.text.DL_SYSTICK_init)
    DL_Timer_enableClock                     0x0000094d   Thumb Code    16  ti_msp_dl_config.o(.text.DL_Timer_enableClock)
    [Anonymous Symbol]                       0x0000094c   Section        0  ti_msp_dl_config.o(.text.DL_Timer_enableClock)
    DL_Timer_enableInterrupt                 0x0000095d   Thumb Code    24  ti_msp_dl_config.o(.text.DL_Timer_enableInterrupt)
    [Anonymous Symbol]                       0x0000095c   Section        0  ti_msp_dl_config.o(.text.DL_Timer_enableInterrupt)
    DL_Timer_enablePower                     0x00000975   Thumb Code    20  ti_msp_dl_config.o(.text.DL_Timer_enablePower)
    [Anonymous Symbol]                       0x00000974   Section        0  ti_msp_dl_config.o(.text.DL_Timer_enablePower)
    __arm_cp.13_0                            0x00000988   Number         4  ti_msp_dl_config.o(.text.DL_Timer_enablePower)
    DL_Timer_getPendingInterrupt             0x0000098d   Thumb Code    18  empty.o(.text.DL_Timer_getPendingInterrupt)
    [Anonymous Symbol]                       0x0000098c   Section        0  empty.o(.text.DL_Timer_getPendingInterrupt)
    [Anonymous Symbol]                       0x000009a0   Section        0  dl_timer.o(.text.DL_Timer_initTimerMode)
    DL_Timer_reset                           0x00000a9d   Thumb Code    16  ti_msp_dl_config.o(.text.DL_Timer_reset)
    [Anonymous Symbol]                       0x00000a9c   Section        0  ti_msp_dl_config.o(.text.DL_Timer_reset)
    __arm_cp.10_0                            0x00000aac   Number         4  ti_msp_dl_config.o(.text.DL_Timer_reset)
    __arm_cp.10_1                            0x00000ab0   Number         4  ti_msp_dl_config.o(.text.DL_Timer_reset)
    [Anonymous Symbol]                       0x00000ab4   Section        0  dl_timer.o(.text.DL_Timer_setCaptureCompareCtl)
    __arm_cp.6_0                             0x00000ae8   Number         4  dl_timer.o(.text.DL_Timer_setCaptureCompareCtl)
    __arm_cp.6_1                             0x00000aec   Number         4  dl_timer.o(.text.DL_Timer_setCaptureCompareCtl)
    [Anonymous Symbol]                       0x00000af0   Section        0  dl_timer.o(.text.DL_Timer_setCaptureCompareValue)
    __arm_cp.5_0                             0x00000b18   Number         4  dl_timer.o(.text.DL_Timer_setCaptureCompareValue)
    [Anonymous Symbol]                       0x00000b1c   Section        0  dl_timer.o(.text.DL_Timer_setClockConfig)
    __arm_cp.0_1                             0x00000b48   Number         4  dl_timer.o(.text.DL_Timer_setClockConfig)
    DL_Timer_setCounterValueAfterEnable      0x00000b4d   Thumb Code    28  dl_timer.o(.text.DL_Timer_setCounterValueAfterEnable)
    [Anonymous Symbol]                       0x00000b4c   Section        0  dl_timer.o(.text.DL_Timer_setCounterValueAfterEnable)
    __arm_cp.4_0                             0x00000b68   Number         4  dl_timer.o(.text.DL_Timer_setCounterValueAfterEnable)
    DL_Timer_setLoadValue                    0x00000b6d   Thumb Code    20  dl_timer.o(.text.DL_Timer_setLoadValue)
    [Anonymous Symbol]                       0x00000b6c   Section        0  dl_timer.o(.text.DL_Timer_setLoadValue)
    __arm_cp.3_0                             0x00000b80   Number         4  dl_timer.o(.text.DL_Timer_setLoadValue)
    DL_UART_disable                          0x00000b85   Thumb Code    22  dl_uart.o(.text.DL_UART_disable)
    [Anonymous Symbol]                       0x00000b84   Section        0  dl_uart.o(.text.DL_UART_disable)
    DL_UART_enable                           0x00000b9b   Thumb Code    22  ti_msp_dl_config.o(.text.DL_UART_enable)
    [Anonymous Symbol]                       0x00000b9a   Section        0  ti_msp_dl_config.o(.text.DL_UART_enable)
    DL_UART_enableInterrupt                  0x00000bb1   Thumb Code    24  ti_msp_dl_config.o(.text.DL_UART_enableInterrupt)
    [Anonymous Symbol]                       0x00000bb0   Section        0  ti_msp_dl_config.o(.text.DL_UART_enableInterrupt)
    __arm_cp.29_0                            0x00000bc8   Number         4  ti_msp_dl_config.o(.text.DL_UART_enableInterrupt)
    DL_UART_enablePower                      0x00000bcd   Thumb Code    20  ti_msp_dl_config.o(.text.DL_UART_enablePower)
    [Anonymous Symbol]                       0x00000bcc   Section        0  ti_msp_dl_config.o(.text.DL_UART_enablePower)
    __arm_cp.14_0                            0x00000be0   Number         4  ti_msp_dl_config.o(.text.DL_UART_enablePower)
    DL_UART_getPendingInterrupt              0x00000be5   Thumb Code    18  usart.o(.text.DL_UART_getPendingInterrupt)
    [Anonymous Symbol]                       0x00000be4   Section        0  usart.o(.text.DL_UART_getPendingInterrupt)
    [Anonymous Symbol]                       0x00000bf8   Section        0  dl_uart.o(.text.DL_UART_init)
    __arm_cp.0_0                             0x00000c3c   Number         4  dl_uart.o(.text.DL_UART_init)
    DL_UART_isBusy                           0x00000c41   Thumb Code    20  usart.o(.text.DL_UART_isBusy)
    [Anonymous Symbol]                       0x00000c40   Section        0  usart.o(.text.DL_UART_isBusy)
    __arm_cp.4_0                             0x00000c54   Number         4  usart.o(.text.DL_UART_isBusy)
    DL_UART_receiveData                      0x00000c59   Thumb Code    16  usart.o(.text.DL_UART_receiveData)
    [Anonymous Symbol]                       0x00000c58   Section        0  usart.o(.text.DL_UART_receiveData)
    __arm_cp.9_0                             0x00000c68   Number         4  usart.o(.text.DL_UART_receiveData)
    DL_UART_reset                            0x00000c6d   Thumb Code    16  ti_msp_dl_config.o(.text.DL_UART_reset)
    [Anonymous Symbol]                       0x00000c6c   Section        0  ti_msp_dl_config.o(.text.DL_UART_reset)
    __arm_cp.11_0                            0x00000c7c   Number         4  ti_msp_dl_config.o(.text.DL_UART_reset)
    __arm_cp.11_1                            0x00000c80   Number         4  ti_msp_dl_config.o(.text.DL_UART_reset)
    DL_UART_setBaudRateDivisor               0x00000c85   Thumb Code    60  ti_msp_dl_config.o(.text.DL_UART_setBaudRateDivisor)
    [Anonymous Symbol]                       0x00000c84   Section        0  ti_msp_dl_config.o(.text.DL_UART_setBaudRateDivisor)
    __arm_cp.28_0                            0x00000cc0   Number         4  ti_msp_dl_config.o(.text.DL_UART_setBaudRateDivisor)
    __arm_cp.28_1                            0x00000cc4   Number         4  ti_msp_dl_config.o(.text.DL_UART_setBaudRateDivisor)
    __arm_cp.28_2                            0x00000cc8   Number         4  ti_msp_dl_config.o(.text.DL_UART_setBaudRateDivisor)
    __arm_cp.28_3                            0x00000ccc   Number         4  ti_msp_dl_config.o(.text.DL_UART_setBaudRateDivisor)
    [Anonymous Symbol]                       0x00000cd0   Section        0  dl_uart.o(.text.DL_UART_setClockConfig)
    __arm_cp.3_0                             0x00000cf0   Number         4  dl_uart.o(.text.DL_UART_setClockConfig)
    DL_UART_setOversampling                  0x00000cf5   Thumb Code    30  ti_msp_dl_config.o(.text.DL_UART_setOversampling)
    [Anonymous Symbol]                       0x00000cf4   Section        0  ti_msp_dl_config.o(.text.DL_UART_setOversampling)
    DL_UART_transmitData                     0x00000d13   Thumb Code    22  usart.o(.text.DL_UART_transmitData)
    [Anonymous Symbol]                       0x00000d12   Section        0  usart.o(.text.DL_UART_transmitData)
    [Anonymous Symbol]                       0x00000d28   Section        0  ioi2c.o(.text.IIC_Read_Byte)
    [Anonymous Symbol]                       0x00000dcc   Section        0  ioi2c.o(.text.IIC_Send_Ack)
    [Anonymous Symbol]                       0x00000e5c   Section        0  ioi2c.o(.text.IIC_Send_Byte)
    [Anonymous Symbol]                       0x00000f08   Section        0  ioi2c.o(.text.IIC_Start)
    [Anonymous Symbol]                       0x00000f60   Section        0  ioi2c.o(.text.IIC_Stop)
    [Anonymous Symbol]                       0x00000fb8   Section        0  ioi2c.o(.text.IIC_Wait_Ack)
    __arm_cp.6_0                             0x00001080   Number         4  ioi2c.o(.text.IIC_Wait_Ack)
    [Anonymous Symbol]                       0x00001084   Section        0  bsp_motor_iic.o(.text.Read_ALL_Enconder)
    __arm_cp.10_0                            0x00001158   Number         4  bsp_motor_iic.o(.text.Read_ALL_Enconder)
    __arm_cp.10_1                            0x0000115c   Number         4  bsp_motor_iic.o(.text.Read_ALL_Enconder)
    __arm_cp.10_2                            0x00001160   Number         4  bsp_motor_iic.o(.text.Read_ALL_Enconder)
    [Anonymous Symbol]                       0x00001164   Section        0  ti_msp_dl_config.o(.text.SYSCFG_DL_GPIO_init)
    __arm_cp.2_0                             0x000011a0   Number         4  ti_msp_dl_config.o(.text.SYSCFG_DL_GPIO_init)
    [Anonymous Symbol]                       0x000011a4   Section        0  ti_msp_dl_config.o(.text.SYSCFG_DL_SYSCTL_init)
    [Anonymous Symbol]                       0x000011c6   Section        0  ti_msp_dl_config.o(.text.SYSCFG_DL_SYSTICK_init)
    [Anonymous Symbol]                       0x000011d4   Section        0  ti_msp_dl_config.o(.text.SYSCFG_DL_TIMER_0_init)
    __arm_cp.4_0                             0x000011fc   Number         4  ti_msp_dl_config.o(.text.SYSCFG_DL_TIMER_0_init)
    __arm_cp.4_2                             0x00001200   Number         4  ti_msp_dl_config.o(.text.SYSCFG_DL_TIMER_0_init)
    [Anonymous Symbol]                       0x00001204   Section        0  ti_msp_dl_config.o(.text.SYSCFG_DL_UART_0_init)
    __arm_cp.5_0                             0x00001240   Number         4  ti_msp_dl_config.o(.text.SYSCFG_DL_UART_0_init)
    __arm_cp.5_2                             0x00001244   Number         4  ti_msp_dl_config.o(.text.SYSCFG_DL_UART_0_init)
    [Anonymous Symbol]                       0x00001248   Section        0  ti_msp_dl_config.o(.text.SYSCFG_DL_init)
    __arm_cp.0_0                             0x0000126c   Number         4  ti_msp_dl_config.o(.text.SYSCFG_DL_init)
    [Anonymous Symbol]                       0x00001270   Section        0  ti_msp_dl_config.o(.text.SYSCFG_DL_initPower)
    __arm_cp.1_0                             0x000012b8   Number         4  ti_msp_dl_config.o(.text.SYSCFG_DL_initPower)
    __arm_cp.1_1                             0x000012bc   Number         4  ti_msp_dl_config.o(.text.SYSCFG_DL_initPower)
    [Anonymous Symbol]                       0x000012c0   Section        0  bsp_motor_iic.o(.text.Set_Pluse_Phase)
    __arm_cp.5_0                             0x000012e4   Number         4  bsp_motor_iic.o(.text.Set_Pluse_Phase)
    [Anonymous Symbol]                       0x000012e8   Section        0  bsp_motor_iic.o(.text.Set_Pluse_line)
    __arm_cp.4_0                             0x0000130c   Number         4  bsp_motor_iic.o(.text.Set_Pluse_line)
    [Anonymous Symbol]                       0x00001310   Section        0  bsp_motor_iic.o(.text.Set_Wheel_dis)
    __arm_cp.6_0                             0x00001330   Number         4  bsp_motor_iic.o(.text.Set_Wheel_dis)
    [Anonymous Symbol]                       0x00001334   Section        0  bsp_motor_iic.o(.text.Set_motor_deadzone)
    __arm_cp.3_0                             0x00001358   Number         4  bsp_motor_iic.o(.text.Set_motor_deadzone)
    [Anonymous Symbol]                       0x0000135c   Section        0  bsp_motor_iic.o(.text.Set_motor_type)
    [Anonymous Symbol]                       0x00001374   Section        0  empty.o(.text.TIMA0_IRQHandler)
    __arm_cp.5_0                             0x00001390   Number         4  empty.o(.text.TIMA0_IRQHandler)
    __arm_cp.5_1                             0x00001394   Number         4  empty.o(.text.TIMA0_IRQHandler)
    [Anonymous Symbol]                       0x00001398   Section        0  usart.o(.text.UART0_IRQHandler)
    __arm_cp.7_0                             0x000013e8   Number         4  usart.o(.text.UART0_IRQHandler)
    __arm_cp.7_1                             0x000013ec   Number         4  usart.o(.text.UART0_IRQHandler)
    __arm_cp.7_2                             0x000013f0   Number         4  usart.o(.text.UART0_IRQHandler)
    __arm_cp.7_3                             0x000013f4   Number         4  usart.o(.text.UART0_IRQHandler)
    [Anonymous Symbol]                       0x000013f8   Section        0  usart.o(.text.USART_Init)
    __NVIC_ClearPendingIRQ                   0x00001415   Thumb Code    40  empty.o(.text.__NVIC_ClearPendingIRQ)
    [Anonymous Symbol]                       0x00001414   Section        0  empty.o(.text.__NVIC_ClearPendingIRQ)
    __NVIC_ClearPendingIRQ                   0x0000143d   Thumb Code    40  usart.o(.text.__NVIC_ClearPendingIRQ)
    [Anonymous Symbol]                       0x0000143c   Section        0  usart.o(.text.__NVIC_ClearPendingIRQ)
    __arm_cp.1_0                             0x00001464   Number         4  usart.o(.text.__NVIC_ClearPendingIRQ)
    __NVIC_EnableIRQ                         0x00001469   Thumb Code    40  empty.o(.text.__NVIC_EnableIRQ)
    [Anonymous Symbol]                       0x00001468   Section        0  empty.o(.text.__NVIC_EnableIRQ)
    __NVIC_EnableIRQ                         0x00001491   Thumb Code    40  usart.o(.text.__NVIC_EnableIRQ)
    [Anonymous Symbol]                       0x00001490   Section        0  usart.o(.text.__NVIC_EnableIRQ)
    __arm_cp.2_0                             0x000014b8   Number         4  usart.o(.text.__NVIC_EnableIRQ)
    [Anonymous Symbol]                       0x000014bc   Section        0  bsp_motor_iic.o(.text.control_pwm)
    __arm_cp.8_0                             0x00001508   Number         4  bsp_motor_iic.o(.text.control_pwm)
    [Anonymous Symbol]                       0x0000150c   Section        0  bsp_motor_iic.o(.text.control_speed)
    __arm_cp.7_0                             0x00001558   Number         4  bsp_motor_iic.o(.text.control_speed)
    [Anonymous Symbol]                       0x0000155c   Section        0  delay.o(.text.delay_ms)
    [Anonymous Symbol]                       0x00001574   Section        0  delay.o(.text.delay_us)
    __arm_cp.0_0                             0x000015e0   Number         4  delay.o(.text.delay_us)
    __arm_cp.0_1                             0x000015e4   Number         4  delay.o(.text.delay_us)
    [Anonymous Symbol]                       0x000015e8   Section        0  bsp_motor_iic.o(.text.float_to_bytes)
    [Anonymous Symbol]                       0x00001608   Section        0  usart.o(.text.fputc)
    __arm_cp.6_0                             0x00001630   Number         4  usart.o(.text.fputc)
    [Anonymous Symbol]                       0x00001634   Section        0  ioi2c.o(.text.i2cRead)
    [Anonymous Symbol]                       0x00001700   Section        0  ioi2c.o(.text.i2cWrite)
    [Anonymous Symbol]                       0x000017ac   Section        0  empty.o(.text.main)
    __arm_cp.2_0                             0x00001850   Number         4  empty.o(.text.main)
    __arm_cp.2_1                             0x00001854   Number         4  empty.o(.text.main)
    __arm_cp.2_2                             0x00001858   Number         4  empty.o(.text.main)
    __arm_cp.2_3                             0x0000185c   Number         4  empty.o(.text.main)
    __arm_cp.2_4                             0x00001860   Number         4  empty.o(.text.main)
    i.__0printf                              0x00001864   Section        0  printfa.o(i.__0printf)
    i.__ARM_clz                              0x00001884   Section        0  depilogue.o(i.__ARM_clz)
    i.__scatterload_copy                     0x000018b8   Section       14  handlers.o(i.__scatterload_copy)
    i.__scatterload_null                     0x000018c8   Section        2  handlers.o(i.__scatterload_null)
    i.__scatterload_zeroinit                 0x000018d0   Section       14  handlers.o(i.__scatterload_zeroinit)
    _fp_digits                               0x000018e1   Thumb Code   344  printfa.o(i._fp_digits)
    i._fp_digits                             0x000018e0   Section        0  printfa.o(i._fp_digits)
    _printf_core                             0x00001a55   Thumb Code  1754  printfa.o(i._printf_core)
    i._printf_core                           0x00001a54   Section        0  printfa.o(i._printf_core)
    _printf_post_padding                     0x00002141   Thumb Code    32  printfa.o(i._printf_post_padding)
    i._printf_post_padding                   0x00002140   Section        0  printfa.o(i._printf_post_padding)
    _printf_pre_padding                      0x00002161   Thumb Code    44  printfa.o(i._printf_pre_padding)
    i._printf_pre_padding                    0x00002160   Section        0  printfa.o(i._printf_pre_padding)
    gTIMER_0ClockConfig                      0x0000218c   Data           3  ti_msp_dl_config.o(.rodata.gTIMER_0ClockConfig)
    [Anonymous Symbol]                       0x0000218c   Section        0  ti_msp_dl_config.o(.rodata.gTIMER_0ClockConfig)
    gTIMER_0TimerConfig                      0x00002190   Data          20  ti_msp_dl_config.o(.rodata.gTIMER_0TimerConfig)
    [Anonymous Symbol]                       0x00002190   Section        0  ti_msp_dl_config.o(.rodata.gTIMER_0TimerConfig)
    gUART_0ClockConfig                       0x000021a4   Data           2  ti_msp_dl_config.o(.rodata.gUART_0ClockConfig)
    [Anonymous Symbol]                       0x000021a4   Section        0  ti_msp_dl_config.o(.rodata.gUART_0ClockConfig)
    gUART_0Config                            0x000021a6   Data          10  ti_msp_dl_config.o(.rodata.gUART_0Config)
    [Anonymous Symbol]                       0x000021a6   Section        0  ti_msp_dl_config.o(.rodata.gUART_0Config)
    [Anonymous Symbol]                       0x000021b0   Section        0  empty.o(.rodata.str1.1)
    .data                                    0x20200000   Section        4  stdout.o(.data)
    Car_Move.state                           0x20200008   Data           1  empty.o(.bss.Car_Move.state)
    [Anonymous Symbol]                       0x20200008   Section        0  empty.o(.bss.Car_Move.state)
    Read_ALL_Enconder.buf                    0x2020001c   Data           2  bsp_motor_iic.o(.bss.Read_ALL_Enconder.buf)
    [Anonymous Symbol]                       0x2020001c   Section        0  bsp_motor_iic.o(.bss.Read_ALL_Enconder.buf)
    Read_ALL_Enconder.buf2                   0x2020001e   Data           2  bsp_motor_iic.o(.bss.Read_ALL_Enconder.buf2)
    [Anonymous Symbol]                       0x2020001e   Section        0  bsp_motor_iic.o(.bss.Read_ALL_Enconder.buf2)
    Set_Pluse_Phase.buf_tempPhase            0x20200020   Data           2  bsp_motor_iic.o(.bss.Set_Pluse_Phase.buf_tempPhase)
    [Anonymous Symbol]                       0x20200020   Section        0  bsp_motor_iic.o(.bss.Set_Pluse_Phase.buf_tempPhase)
    Set_Pluse_line.buf_templine              0x20200022   Data           2  bsp_motor_iic.o(.bss.Set_Pluse_line.buf_templine)
    [Anonymous Symbol]                       0x20200022   Section        0  bsp_motor_iic.o(.bss.Set_Pluse_line.buf_templine)
    Set_Wheel_dis.bytes                      0x20200024   Data           4  bsp_motor_iic.o(.bss.Set_Wheel_dis.bytes)
    [Anonymous Symbol]                       0x20200024   Section        0  bsp_motor_iic.o(.bss.Set_Wheel_dis.bytes)
    Set_motor_deadzone.buf_tempzone          0x20200028   Data           2  bsp_motor_iic.o(.bss.Set_motor_deadzone.buf_tempzone)
    [Anonymous Symbol]                       0x20200028   Section        0  bsp_motor_iic.o(.bss.Set_motor_deadzone.buf_tempzone)
    control_pwm.pwm                          0x2020002a   Data           8  bsp_motor_iic.o(.bss.control_pwm.pwm)
    [Anonymous Symbol]                       0x2020002a   Section        0  bsp_motor_iic.o(.bss.control_pwm.pwm)
    control_speed.speed                      0x20200032   Data           8  bsp_motor_iic.o(.bss.control_speed.speed)
    [Anonymous Symbol]                       0x20200032   Section        0  bsp_motor_iic.o(.bss.control_speed.speed)
    STACK                                    0x20200180   Section      512  startup_mspm0g350x_uvision.o(STACK)

    Global Symbols

    Symbol Name                              Value     Ov Type        Size  Object(Section)

    BuildAttributes$$THM_ISAv3M$S$PE$A:L22$X:L11$S22$IEEE1$IW$~IW$USESV6$~STKCKD$USESV7$~SHL$OSPACE$ROPI$EBA8$MICROLIB$REQ8$PRES8$EABIv2 0x00000000   Number         0  anon$$obj.o ABSOLUTE
    __Vectors                                0x00000000   Data           4  startup_mspm0g350x_uvision.o(RESET)
    __cpp_initialize__aeabi_                  - Undefined Weak Reference
    __cxa_finalize                            - Undefined Weak Reference
    __decompress                              - Undefined Weak Reference
    _clock_init                               - Undefined Weak Reference
    _microlib_exit                            - Undefined Weak Reference
    __Vectors_End                            0x000000c0   Data           0  startup_mspm0g350x_uvision.o(RESET)
    __Vectors_Size                           0x000000c0   Number         0  startup_mspm0g350x_uvision.o ABSOLUTE
    __main                                   0x000000c1   Thumb Code     0  entry.o(.ARM.Collect$$$$00000000)
    _main_stk                                0x000000c1   Thumb Code     0  entry2.o(.ARM.Collect$$$$00000001)
    _main_scatterload                        0x000000c5   Thumb Code     0  entry5.o(.ARM.Collect$$$$00000004)
    __main_after_scatterload                 0x000000c9   Thumb Code     0  entry5.o(.ARM.Collect$$$$00000004)
    _main_clock                              0x000000c9   Thumb Code     0  entry7b.o(.ARM.Collect$$$$00000008)
    _main_cpp_init                           0x000000c9   Thumb Code     0  entry8b.o(.ARM.Collect$$$$0000000A)
    _main_init                               0x000000c9   Thumb Code     0  entry9a.o(.ARM.Collect$$$$0000000B)
    __rt_final_cpp                           0x000000d1   Thumb Code     0  entry10a.o(.ARM.Collect$$$$0000000D)
    __rt_final_exit                          0x000000d1   Thumb Code     0  entry11a.o(.ARM.Collect$$$$0000000F)
    Reset_Handler                            0x000000d5   Thumb Code     4  startup_mspm0g350x_uvision.o(.text)
    NMI_Handler                              0x000000d9   Thumb Code     2  startup_mspm0g350x_uvision.o(.text)
    HardFault_Handler                        0x000000db   Thumb Code     2  startup_mspm0g350x_uvision.o(.text)
    SVC_Handler                              0x000000dd   Thumb Code     2  startup_mspm0g350x_uvision.o(.text)
    PendSV_Handler                           0x000000df   Thumb Code     2  startup_mspm0g350x_uvision.o(.text)
    SysTick_Handler                          0x000000e1   Thumb Code     2  startup_mspm0g350x_uvision.o(.text)
    ADC0_IRQHandler                          0x000000e3   Thumb Code     0  startup_mspm0g350x_uvision.o(.text)
    ADC1_IRQHandler                          0x000000e3   Thumb Code     0  startup_mspm0g350x_uvision.o(.text)
    AES_IRQHandler                           0x000000e3   Thumb Code     0  startup_mspm0g350x_uvision.o(.text)
    CANFD0_IRQHandler                        0x000000e3   Thumb Code     0  startup_mspm0g350x_uvision.o(.text)
    DAC0_IRQHandler                          0x000000e3   Thumb Code     0  startup_mspm0g350x_uvision.o(.text)
    DMA_IRQHandler                           0x000000e3   Thumb Code     0  startup_mspm0g350x_uvision.o(.text)
    Default_Handler                          0x000000e3   Thumb Code     2  startup_mspm0g350x_uvision.o(.text)
    GROUP0_IRQHandler                        0x000000e3   Thumb Code     0  startup_mspm0g350x_uvision.o(.text)
    GROUP1_IRQHandler                        0x000000e3   Thumb Code     0  startup_mspm0g350x_uvision.o(.text)
    I2C0_IRQHandler                          0x000000e3   Thumb Code     0  startup_mspm0g350x_uvision.o(.text)
    I2C1_IRQHandler                          0x000000e3   Thumb Code     0  startup_mspm0g350x_uvision.o(.text)
    RTC_IRQHandler                           0x000000e3   Thumb Code     0  startup_mspm0g350x_uvision.o(.text)
    SPI0_IRQHandler                          0x000000e3   Thumb Code     0  startup_mspm0g350x_uvision.o(.text)
    SPI1_IRQHandler                          0x000000e3   Thumb Code     0  startup_mspm0g350x_uvision.o(.text)
    TIMA1_IRQHandler                         0x000000e3   Thumb Code     0  startup_mspm0g350x_uvision.o(.text)
    TIMG0_IRQHandler                         0x000000e3   Thumb Code     0  startup_mspm0g350x_uvision.o(.text)
    TIMG12_IRQHandler                        0x000000e3   Thumb Code     0  startup_mspm0g350x_uvision.o(.text)
    TIMG6_IRQHandler                         0x000000e3   Thumb Code     0  startup_mspm0g350x_uvision.o(.text)
    TIMG7_IRQHandler                         0x000000e3   Thumb Code     0  startup_mspm0g350x_uvision.o(.text)
    TIMG8_IRQHandler                         0x000000e3   Thumb Code     0  startup_mspm0g350x_uvision.o(.text)
    UART1_IRQHandler                         0x000000e3   Thumb Code     0  startup_mspm0g350x_uvision.o(.text)
    UART2_IRQHandler                         0x000000e3   Thumb Code     0  startup_mspm0g350x_uvision.o(.text)
    UART3_IRQHandler                         0x000000e3   Thumb Code     0  startup_mspm0g350x_uvision.o(.text)
    __aeabi_uidiv                            0x000000e9   Thumb Code     0  uidiv_div0.o(.text)
    __aeabi_uidivmod                         0x000000e9   Thumb Code    62  uidiv_div0.o(.text)
    __aeabi_uldivmod                         0x00000127   Thumb Code    96  uldiv.o(.text)
    __I$use$fp                               0x00000187   Thumb Code     0  iusefp.o(.text)
    __aeabi_dadd                             0x00000189   Thumb Code   328  dadd.o(.text)
    __aeabi_dsub                             0x000002d1   Thumb Code    12  dadd.o(.text)
    __aeabi_drsub                            0x000002dd   Thumb Code    12  dadd.o(.text)
    __aeabi_dmul                             0x000002ed   Thumb Code   202  dmul.o(.text)
    __aeabi_ddiv                             0x000003bd   Thumb Code   234  ddiv.o(.text)
    __aeabi_d2ulz                            0x000004ad   Thumb Code    54  dfixul.o(.text)
    __aeabi_cdrcmple                         0x000004ed   Thumb Code    38  cdrcmple.o(.text)
    __scatterload                            0x00000519   Thumb Code    28  init.o(.text)
    __scatterload_rt2                        0x00000519   Thumb Code     0  init.o(.text)
    __aeabi_llsl                             0x0000053d   Thumb Code    32  llshl.o(.text)
    _ll_shift_l                              0x0000053d   Thumb Code     0  llshl.o(.text)
    __aeabi_llsr                             0x0000055d   Thumb Code    34  llushr.o(.text)
    _ll_ushift_r                             0x0000055d   Thumb Code     0  llushr.o(.text)
    __aeabi_lasr                             0x0000057f   Thumb Code    38  llsshr.o(.text)
    _ll_sshift_r                             0x0000057f   Thumb Code     0  llsshr.o(.text)
    _double_round                            0x000005a5   Thumb Code    26  depilogue.o(.text)
    _double_epilogue                         0x000005bf   Thumb Code   164  depilogue.o(.text)
    Car_Move                                 0x00000665   Thumb Code   148  empty.o(.text.Car_Move)
    DL_Common_delayCycles                    0x00000705   Thumb Code    20  dl_common.o(.text.DL_Common_delayCycles)
    DL_Timer_initTimerMode                   0x000009a1   Thumb Code   252  dl_timer.o(.text.DL_Timer_initTimerMode)
    DL_Timer_setCaptureCompareCtl            0x00000ab5   Thumb Code    52  dl_timer.o(.text.DL_Timer_setCaptureCompareCtl)
    DL_Timer_setCaptureCompareValue          0x00000af1   Thumb Code    40  dl_timer.o(.text.DL_Timer_setCaptureCompareValue)
    DL_Timer_setClockConfig                  0x00000b1d   Thumb Code    44  dl_timer.o(.text.DL_Timer_setClockConfig)
    DL_UART_init                             0x00000bf9   Thumb Code    68  dl_uart.o(.text.DL_UART_init)
    DL_UART_setClockConfig                   0x00000cd1   Thumb Code    32  dl_uart.o(.text.DL_UART_setClockConfig)
    IIC_Read_Byte                            0x00000d29   Thumb Code   164  ioi2c.o(.text.IIC_Read_Byte)
    IIC_Send_Ack                             0x00000dcd   Thumb Code   144  ioi2c.o(.text.IIC_Send_Ack)
    IIC_Send_Byte                            0x00000e5d   Thumb Code   172  ioi2c.o(.text.IIC_Send_Byte)
    IIC_Start                                0x00000f09   Thumb Code    88  ioi2c.o(.text.IIC_Start)
    IIC_Stop                                 0x00000f61   Thumb Code    88  ioi2c.o(.text.IIC_Stop)
    IIC_Wait_Ack                             0x00000fb9   Thumb Code   200  ioi2c.o(.text.IIC_Wait_Ack)
    Read_ALL_Enconder                        0x00001085   Thumb Code   212  bsp_motor_iic.o(.text.Read_ALL_Enconder)
    SYSCFG_DL_GPIO_init                      0x00001165   Thumb Code    60  ti_msp_dl_config.o(.text.SYSCFG_DL_GPIO_init)
    SYSCFG_DL_SYSCTL_init                    0x000011a5   Thumb Code    34  ti_msp_dl_config.o(.text.SYSCFG_DL_SYSCTL_init)
    SYSCFG_DL_SYSTICK_init                   0x000011c7   Thumb Code    14  ti_msp_dl_config.o(.text.SYSCFG_DL_SYSTICK_init)
    SYSCFG_DL_TIMER_0_init                   0x000011d5   Thumb Code    40  ti_msp_dl_config.o(.text.SYSCFG_DL_TIMER_0_init)
    SYSCFG_DL_UART_0_init                    0x00001205   Thumb Code    60  ti_msp_dl_config.o(.text.SYSCFG_DL_UART_0_init)
    SYSCFG_DL_init                           0x00001249   Thumb Code    36  ti_msp_dl_config.o(.text.SYSCFG_DL_init)
    SYSCFG_DL_initPower                      0x00001271   Thumb Code    72  ti_msp_dl_config.o(.text.SYSCFG_DL_initPower)
    Set_Pluse_Phase                          0x000012c1   Thumb Code    36  bsp_motor_iic.o(.text.Set_Pluse_Phase)
    Set_Pluse_line                           0x000012e9   Thumb Code    36  bsp_motor_iic.o(.text.Set_Pluse_line)
    Set_Wheel_dis                            0x00001311   Thumb Code    32  bsp_motor_iic.o(.text.Set_Wheel_dis)
    Set_motor_deadzone                       0x00001335   Thumb Code    36  bsp_motor_iic.o(.text.Set_motor_deadzone)
    Set_motor_type                           0x0000135d   Thumb Code    22  bsp_motor_iic.o(.text.Set_motor_type)
    TIMA0_IRQHandler                         0x00001375   Thumb Code    28  empty.o(.text.TIMA0_IRQHandler)
    UART0_IRQHandler                         0x00001399   Thumb Code    80  usart.o(.text.UART0_IRQHandler)
    USART_Init                               0x000013f9   Thumb Code    26  usart.o(.text.USART_Init)
    control_pwm                              0x000014bd   Thumb Code    76  bsp_motor_iic.o(.text.control_pwm)
    control_speed                            0x0000150d   Thumb Code    76  bsp_motor_iic.o(.text.control_speed)
    delay_ms                                 0x0000155d   Thumb Code    22  delay.o(.text.delay_ms)
    delay_us                                 0x00001575   Thumb Code   108  delay.o(.text.delay_us)
    float_to_bytes                           0x000015e9   Thumb Code    30  bsp_motor_iic.o(.text.float_to_bytes)
    fputc                                    0x00001609   Thumb Code    40  usart.o(.text.fputc)
    i2cRead                                  0x00001635   Thumb Code   204  ioi2c.o(.text.i2cRead)
    i2cWrite                                 0x00001701   Thumb Code   172  ioi2c.o(.text.i2cWrite)
    main                                     0x000017ad   Thumb Code   164  empty.o(.text.main)
    __0printf                                0x00001865   Thumb Code    24  printfa.o(i.__0printf)
    __1printf                                0x00001865   Thumb Code     0  printfa.o(i.__0printf)
    __2printf                                0x00001865   Thumb Code     0  printfa.o(i.__0printf)
    __c89printf                              0x00001865   Thumb Code     0  printfa.o(i.__0printf)
    printf                                   0x00001865   Thumb Code     0  printfa.o(i.__0printf)
    __ARM_clz                                0x00001885   Thumb Code    46  depilogue.o(i.__ARM_clz)
    __scatterload_copy                       0x000018b9   Thumb Code    14  handlers.o(i.__scatterload_copy)
    __scatterload_null                       0x000018c9   Thumb Code     2  handlers.o(i.__scatterload_null)
    __scatterload_zeroinit                   0x000018d1   Thumb Code    14  handlers.o(i.__scatterload_zeroinit)
    Region$$Table$$Base                      0x000021e0   Number         0  anon$$obj.o(Region$$Table)
    Region$$Table$$Limit                     0x00002200   Number         0  anon$$obj.o(Region$$Table)
    __stdout                                 0x20200000   Data           4  stdout.o(.data)
    Encoder_Now                              0x2020000c   Data          16  bsp_motor_iic.o(.bss.Encoder_Now)
    gTIMER_0Backup                           0x2020003c   Data         188  ti_msp_dl_config.o(.bss.gTIMER_0Backup)
    recv0_buff                               0x202000f8   Data         128  usart.o(.bss.recv0_buff)
    recv0_flag                               0x20200178   Data           1  usart.o(.bss.recv0_flag)
    recv0_length                             0x2020017a   Data           2  usart.o(.bss.recv0_length)
    times                                    0x2020017c   Data           1  empty.o(.bss.times)
    __initial_sp                             0x20200380   Data           0  startup_mspm0g350x_uvision.o(STACK)



==============================================================================

Memory Map of the image

  Image Entry point : 0x000000c1

  Load Region LR_IROM1 (Base: 0x00000000, Size: 0x00002208, Max: 0x00020000, ABSOLUTE)

    Execution Region ER_IROM1 (Exec base: 0x00000000, Load base: 0x00000000, Size: 0x00002200, Max: 0x00020000, ABSOLUTE)

    Exec Addr    Load Addr    Size         Type   Attr      Idx    E Section Name        Object

    0x00000000   0x00000000   0x000000c0   Data   RO           29    RESET               startup_mspm0g350x_uvision.o
    0x000000c0   0x000000c0   0x00000000   Code   RO         1419  * .ARM.Collect$$$$00000000  mc_p.l(entry.o)
    0x000000c0   0x000000c0   0x00000004   Code   RO         1482    .ARM.Collect$$$$00000001  mc_p.l(entry2.o)
    0x000000c4   0x000000c4   0x00000004   Code   RO         1485    .ARM.Collect$$$$00000004  mc_p.l(entry5.o)
    0x000000c8   0x000000c8   0x00000000   Code   RO         1487    .ARM.Collect$$$$00000008  mc_p.l(entry7b.o)
    0x000000c8   0x000000c8   0x00000000   Code   RO         1489    .ARM.Collect$$$$0000000A  mc_p.l(entry8b.o)
    0x000000c8   0x000000c8   0x00000008   Code   RO         1490    .ARM.Collect$$$$0000000B  mc_p.l(entry9a.o)
    0x000000d0   0x000000d0   0x00000000   Code   RO         1492    .ARM.Collect$$$$0000000D  mc_p.l(entry10a.o)
    0x000000d0   0x000000d0   0x00000000   Code   RO         1494    .ARM.Collect$$$$0000000F  mc_p.l(entry11a.o)
    0x000000d0   0x000000d0   0x00000004   Code   RO         1483    .ARM.Collect$$$$00002712  mc_p.l(entry2.o)
    0x000000d4   0x000000d4   0x00000014   Code   RO           30    .text               startup_mspm0g350x_uvision.o
    0x000000e8   0x000000e8   0x0000003e   Code   RO         1499    .text               mc_p.l(uidiv_div0.o)
    0x00000126   0x00000126   0x00000060   Code   RO         1505    .text               mc_p.l(uldiv.o)
    0x00000186   0x00000186   0x00000000   Code   RO         1513    .text               mc_p.l(iusefp.o)
    0x00000186   0x00000186   0x00000002   PAD
    0x00000188   0x00000188   0x00000164   Code   RO         1514    .text               mf_p.l(dadd.o)
    0x000002ec   0x000002ec   0x000000d0   Code   RO         1516    .text               mf_p.l(dmul.o)
    0x000003bc   0x000003bc   0x000000f0   Code   RO         1518    .text               mf_p.l(ddiv.o)
    0x000004ac   0x000004ac   0x00000040   Code   RO         1520    .text               mf_p.l(dfixul.o)
    0x000004ec   0x000004ec   0x00000028   Code   RO         1522    .text               mf_p.l(cdrcmple.o)
    0x00000514   0x00000514   0x00000004   PAD
    0x00000518   0x00000518   0x00000024   Code   RO         1524    .text               mc_p.l(init.o)
    0x0000053c   0x0000053c   0x00000020   Code   RO         1526    .text               mc_p.l(llshl.o)
    0x0000055c   0x0000055c   0x00000022   Code   RO         1528    .text               mc_p.l(llushr.o)
    0x0000057e   0x0000057e   0x00000026   Code   RO         1530    .text               mc_p.l(llsshr.o)
    0x000005a4   0x000005a4   0x000000be   Code   RO         1532    .text               mf_p.l(depilogue.o)
    0x00000662   0x00000662   0x00000002   PAD
    0x00000664   0x00000664   0x000000a0   Code   RO            2    .text.Car_Move      empty.o
    0x00000704   0x00000704   0x00000014   Code   RO          170    .text.DL_Common_delayCycles  dl_common.o
    0x00000718   0x00000718   0x00000028   Code   RO          103    .text.DL_Common_updateReg  ti_msp_dl_config.o
    0x00000740   0x00000740   0x00000028   Code   RO         1059    .text.DL_Common_updateReg  dl_timer.o
    0x00000768   0x00000768   0x00000028   Code   RO         1165    .text.DL_Common_updateReg  dl_uart.o
    0x00000790   0x00000790   0x00000014   Code   RO         1393    .text.DL_GPIO_clearPins  ioi2c.o
    0x000007a4   0x000007a4   0x00000014   Code   RO           75    .text.DL_GPIO_enableOutput  ti_msp_dl_config.o
    0x000007b8   0x000007b8   0x00000018   Code   RO         1391    .text.DL_GPIO_enableOutput  ioi2c.o
    0x000007d0   0x000007d0   0x00000014   Code   RO           61    .text.DL_GPIO_enablePower  ti_msp_dl_config.o
    0x000007e4   0x000007e4   0x00000018   Code   RO         1399    .text.DL_GPIO_initDigitalInput  ioi2c.o
    0x000007fc   0x000007fc   0x00000014   Code   RO           71    .text.DL_GPIO_initDigitalOutput  ti_msp_dl_config.o
    0x00000810   0x00000810   0x00000014   Code   RO         1387    .text.DL_GPIO_initDigitalOutput  ioi2c.o
    0x00000824   0x00000824   0x0000001c   Code   RO           69    .text.DL_GPIO_initPeripheralInputFunction  ti_msp_dl_config.o
    0x00000840   0x00000840   0x0000001c   Code   RO           67    .text.DL_GPIO_initPeripheralOutputFunction  ti_msp_dl_config.o
    0x0000085c   0x0000085c   0x00000016   Code   RO         1401    .text.DL_GPIO_readPins  ioi2c.o
    0x00000872   0x00000872   0x00000002   PAD
    0x00000874   0x00000874   0x00000010   Code   RO           55    .text.DL_GPIO_reset  ti_msp_dl_config.o
    0x00000884   0x00000884   0x00000014   Code   RO           73    .text.DL_GPIO_setPins  ti_msp_dl_config.o
    0x00000898   0x00000898   0x00000018   Code   RO         1389    .text.DL_GPIO_setPins  ioi2c.o
    0x000008b0   0x000008b0   0x0000000c   Code   RO           81    .text.DL_SYSCTL_disableHFXT  ti_msp_dl_config.o
    0x000008bc   0x000008bc   0x00000014   Code   RO           83    .text.DL_SYSCTL_disableSYSPLL  ti_msp_dl_config.o
    0x000008d0   0x000008d0   0x00000014   Code   RO           85    .text.DL_SYSCTL_enableMFCLK  ti_msp_dl_config.o
    0x000008e4   0x000008e4   0x00000018   Code   RO           77    .text.DL_SYSCTL_setBORThreshold  ti_msp_dl_config.o
    0x000008fc   0x000008fc   0x0000001c   Code   RO           79    .text.DL_SYSCTL_setSYSOSCFreq  ti_msp_dl_config.o
    0x00000918   0x00000918   0x0000000c   Code   RO          101    .text.DL_SYSTICK_enable  ti_msp_dl_config.o
    0x00000924   0x00000924   0x00000028   Code   RO           99    .text.DL_SYSTICK_init  ti_msp_dl_config.o
    0x0000094c   0x0000094c   0x00000010   Code   RO           89    .text.DL_Timer_enableClock  ti_msp_dl_config.o
    0x0000095c   0x0000095c   0x00000018   Code   RO           87    .text.DL_Timer_enableInterrupt  ti_msp_dl_config.o
    0x00000974   0x00000974   0x00000018   Code   RO           63    .text.DL_Timer_enablePower  ti_msp_dl_config.o
    0x0000098c   0x0000098c   0x00000012   Code   RO           14    .text.DL_Timer_getPendingInterrupt  empty.o
    0x0000099e   0x0000099e   0x00000002   PAD
    0x000009a0   0x000009a0   0x000000fc   Code   RO         1041    .text.DL_Timer_initTimerMode  dl_timer.o
    0x00000a9c   0x00000a9c   0x00000018   Code   RO           57    .text.DL_Timer_reset  ti_msp_dl_config.o
    0x00000ab4   0x00000ab4   0x0000003c   Code   RO         1049    .text.DL_Timer_setCaptureCompareCtl  dl_timer.o
    0x00000af0   0x00000af0   0x0000002c   Code   RO         1047    .text.DL_Timer_setCaptureCompareValue  dl_timer.o
    0x00000b1c   0x00000b1c   0x00000030   Code   RO         1037    .text.DL_Timer_setClockConfig  dl_timer.o
    0x00000b4c   0x00000b4c   0x00000020   Code   RO         1045    .text.DL_Timer_setCounterValueAfterEnable  dl_timer.o
    0x00000b6c   0x00000b6c   0x00000018   Code   RO         1043    .text.DL_Timer_setLoadValue  dl_timer.o
    0x00000b84   0x00000b84   0x00000016   Code   RO         1163    .text.DL_UART_disable  dl_uart.o
    0x00000b9a   0x00000b9a   0x00000016   Code   RO           97    .text.DL_UART_enable  ti_msp_dl_config.o
    0x00000bb0   0x00000bb0   0x0000001c   Code   RO           95    .text.DL_UART_enableInterrupt  ti_msp_dl_config.o
    0x00000bcc   0x00000bcc   0x00000018   Code   RO           65    .text.DL_UART_enablePower  ti_msp_dl_config.o
    0x00000be4   0x00000be4   0x00000012   Code   RO         1331    .text.DL_UART_getPendingInterrupt  usart.o
    0x00000bf6   0x00000bf6   0x00000002   PAD
    0x00000bf8   0x00000bf8   0x00000048   Code   RO         1161    .text.DL_UART_init  dl_uart.o
    0x00000c40   0x00000c40   0x00000018   Code   RO         1323    .text.DL_UART_isBusy  usart.o
    0x00000c58   0x00000c58   0x00000014   Code   RO         1333    .text.DL_UART_receiveData  usart.o
    0x00000c6c   0x00000c6c   0x00000018   Code   RO           59    .text.DL_UART_reset  ti_msp_dl_config.o
    0x00000c84   0x00000c84   0x0000004c   Code   RO           93    .text.DL_UART_setBaudRateDivisor  ti_msp_dl_config.o
    0x00000cd0   0x00000cd0   0x00000024   Code   RO         1167    .text.DL_UART_setClockConfig  dl_uart.o
    0x00000cf4   0x00000cf4   0x0000001e   Code   RO           91    .text.DL_UART_setOversampling  ti_msp_dl_config.o
    0x00000d12   0x00000d12   0x00000016   Code   RO         1325    .text.DL_UART_transmitData  usart.o
    0x00000d28   0x00000d28   0x000000a4   Code   RO         1411    .text.IIC_Read_Byte  ioi2c.o
    0x00000dcc   0x00000dcc   0x00000090   Code   RO         1403    .text.IIC_Send_Ack  ioi2c.o
    0x00000e5c   0x00000e5c   0x000000ac   Code   RO         1405    .text.IIC_Send_Byte  ioi2c.o
    0x00000f08   0x00000f08   0x00000058   Code   RO         1385    .text.IIC_Start     ioi2c.o
    0x00000f60   0x00000f60   0x00000058   Code   RO         1395    .text.IIC_Stop      ioi2c.o
    0x00000fb8   0x00000fb8   0x000000cc   Code   RO         1397    .text.IIC_Wait_Ack  ioi2c.o
    0x00001084   0x00001084   0x000000e0   Code   RO         1365    .text.Read_ALL_Enconder  bsp_motor_iic.o
    0x00001164   0x00001164   0x00000040   Code   RO           41    .text.SYSCFG_DL_GPIO_init  ti_msp_dl_config.o
    0x000011a4   0x000011a4   0x00000022   Code   RO           43    .text.SYSCFG_DL_SYSCTL_init  ti_msp_dl_config.o
    0x000011c6   0x000011c6   0x0000000e   Code   RO           49    .text.SYSCFG_DL_SYSTICK_init  ti_msp_dl_config.o
    0x000011d4   0x000011d4   0x00000030   Code   RO           45    .text.SYSCFG_DL_TIMER_0_init  ti_msp_dl_config.o
    0x00001204   0x00001204   0x00000044   Code   RO           47    .text.SYSCFG_DL_UART_0_init  ti_msp_dl_config.o
    0x00001248   0x00001248   0x00000028   Code   RO           37    .text.SYSCFG_DL_init  ti_msp_dl_config.o
    0x00001270   0x00001270   0x00000050   Code   RO           39    .text.SYSCFG_DL_initPower  ti_msp_dl_config.o
    0x000012c0   0x000012c0   0x00000028   Code   RO         1355    .text.Set_Pluse_Phase  bsp_motor_iic.o
    0x000012e8   0x000012e8   0x00000028   Code   RO         1353    .text.Set_Pluse_line  bsp_motor_iic.o
    0x00001310   0x00001310   0x00000024   Code   RO         1357    .text.Set_Wheel_dis  bsp_motor_iic.o
    0x00001334   0x00001334   0x00000028   Code   RO         1351    .text.Set_motor_deadzone  bsp_motor_iic.o
    0x0000135c   0x0000135c   0x00000016   Code   RO         1349    .text.Set_motor_type  bsp_motor_iic.o
    0x00001372   0x00001372   0x00000002   PAD
    0x00001374   0x00001374   0x00000024   Code   RO           12    .text.TIMA0_IRQHandler  empty.o
    0x00001398   0x00001398   0x00000060   Code   RO         1329    .text.UART0_IRQHandler  usart.o
    0x000013f8   0x000013f8   0x0000001a   Code   RO         1315    .text.USART_Init    usart.o
    0x00001412   0x00001412   0x00000002   PAD
    0x00001414   0x00001414   0x00000028   Code   RO            8    .text.__NVIC_ClearPendingIRQ  empty.o
    0x0000143c   0x0000143c   0x0000002c   Code   RO         1317    .text.__NVIC_ClearPendingIRQ  usart.o
    0x00001468   0x00001468   0x00000028   Code   RO           10    .text.__NVIC_EnableIRQ  empty.o
    0x00001490   0x00001490   0x0000002c   Code   RO         1319    .text.__NVIC_EnableIRQ  usart.o
    0x000014bc   0x000014bc   0x00000050   Code   RO         1361    .text.control_pwm   bsp_motor_iic.o
    0x0000150c   0x0000150c   0x00000050   Code   RO         1359    .text.control_speed  bsp_motor_iic.o
    0x0000155c   0x0000155c   0x00000016   Code   RO         1305    .text.delay_ms      delay.o
    0x00001572   0x00001572   0x00000002   PAD
    0x00001574   0x00001574   0x00000074   Code   RO         1303    .text.delay_us      delay.o
    0x000015e8   0x000015e8   0x0000001e   Code   RO         1345    .text.float_to_bytes  bsp_motor_iic.o
    0x00001606   0x00001606   0x00000002   PAD
    0x00001608   0x00001608   0x0000002c   Code   RO         1327    .text.fputc         usart.o
    0x00001634   0x00001634   0x000000cc   Code   RO         1409    .text.i2cRead       ioi2c.o
    0x00001700   0x00001700   0x000000ac   Code   RO         1407    .text.i2cWrite      ioi2c.o
    0x000017ac   0x000017ac   0x000000b8   Code   RO            6    .text.main          empty.o
    0x00001864   0x00001864   0x00000020   Code   RO         1427    i.__0printf         mc_p.l(printfa.o)
    0x00001884   0x00001884   0x0000002e   Code   RO         1534    i.__ARM_clz         mf_p.l(depilogue.o)
    0x000018b2   0x000018b2   0x00000006   PAD
    0x000018b8   0x000018b8   0x0000000e   Code   RO         1538    i.__scatterload_copy  mc_p.l(handlers.o)
    0x000018c6   0x000018c6   0x00000002   PAD
    0x000018c8   0x000018c8   0x00000002   Code   RO         1539    i.__scatterload_null  mc_p.l(handlers.o)
    0x000018ca   0x000018ca   0x00000006   PAD
    0x000018d0   0x000018d0   0x0000000e   Code   RO         1540    i.__scatterload_zeroinit  mc_p.l(handlers.o)
    0x000018de   0x000018de   0x00000002   PAD
    0x000018e0   0x000018e0   0x00000174   Code   RO         1434    i._fp_digits        mc_p.l(printfa.o)
    0x00001a54   0x00001a54   0x000006ec   Code   RO         1435    i._printf_core      mc_p.l(printfa.o)
    0x00002140   0x00002140   0x00000020   Code   RO         1436    i._printf_post_padding  mc_p.l(printfa.o)
    0x00002160   0x00002160   0x0000002c   Code   RO         1437    i._printf_pre_padding  mc_p.l(printfa.o)
    0x0000218c   0x0000218c   0x00000003   Data   RO          106    .rodata.gTIMER_0ClockConfig  ti_msp_dl_config.o
    0x0000218f   0x0000218f   0x00000001   PAD
    0x00002190   0x00002190   0x00000014   Data   RO          107    .rodata.gTIMER_0TimerConfig  ti_msp_dl_config.o
    0x000021a4   0x000021a4   0x00000002   Data   RO          108    .rodata.gUART_0ClockConfig  ti_msp_dl_config.o
    0x000021a6   0x000021a6   0x0000000a   Data   RO          109    .rodata.gUART_0Config  ti_msp_dl_config.o
    0x000021b0   0x000021b0   0x0000002e   Data   RO           19    .rodata.str1.1      empty.o
    0x000021de   0x000021de   0x00000002   PAD
    0x000021e0   0x000021e0   0x00000020   Data   RO         1537    Region$$Table       anon$$obj.o


    Execution Region RW_IRAM2 (Exec base: 0x20200000, Load base: 0x00002200, Size: 0x00000380, Max: 0x00008000, ABSOLUTE)

    Exec Addr    Load Addr    Size         Type   Attr      Idx    E Section Name        Object

    0x20200000   0x00002200   0x00000004   Data   RW         1496    .data               mc_p.l(stdout.o)
    0x20200004   0x00002204   0x00000004   PAD
    0x20200008        -       0x00000001   Zero   RW           17    .bss.Car_Move.state  empty.o
    0x20200009   0x00002204   0x00000003   PAD
    0x2020000c        -       0x00000010   Zero   RW         1377    .bss.Encoder_Now    bsp_motor_iic.o
    0x2020001c        -       0x00000002   Zero   RW         1375    .bss.Read_ALL_Enconder.buf  bsp_motor_iic.o
    0x2020001e        -       0x00000002   Zero   RW         1376    .bss.Read_ALL_Enconder.buf2  bsp_motor_iic.o
    0x20200020        -       0x00000002   Zero   RW         1369    .bss.Set_Pluse_Phase.buf_tempPhase  bsp_motor_iic.o
    0x20200022        -       0x00000002   Zero   RW         1368    .bss.Set_Pluse_line.buf_templine  bsp_motor_iic.o
    0x20200024        -       0x00000004   Zero   RW         1370    .bss.Set_Wheel_dis.bytes  bsp_motor_iic.o
    0x20200028        -       0x00000002   Zero   RW         1367    .bss.Set_motor_deadzone.buf_tempzone  bsp_motor_iic.o
    0x2020002a        -       0x00000008   Zero   RW         1372    .bss.control_pwm.pwm  bsp_motor_iic.o
    0x20200032        -       0x00000008   Zero   RW         1371    .bss.control_speed.speed  bsp_motor_iic.o
    0x2020003a   0x00002204   0x00000002   PAD
    0x2020003c        -       0x000000bc   Zero   RW          105    .bss.gTIMER_0Backup  ti_msp_dl_config.o
    0x202000f8        -       0x00000080   Zero   RW         1335    .bss.recv0_buff     usart.o
    0x20200178        -       0x00000001   Zero   RW         1337    .bss.recv0_flag     usart.o
    0x20200179   0x00002204   0x00000001   PAD
    0x2020017a        -       0x00000002   Zero   RW         1336    .bss.recv0_length   usart.o
    0x2020017c        -       0x00000001   Zero   RW           16    .bss.times          empty.o
    0x2020017d   0x00002204   0x00000003   PAD
    0x20200180        -       0x00000200   Zero   RW           27    STACK               startup_mspm0g350x_uvision.o



  Load Region LR_BCR (Base: 0x41c00000, Size: 0x00000000, Max: 0x00000100, ABSOLUTE)

    Execution Region BCR_CONFIG (Exec base: 0x41c00000, Load base: 0x41c00000, Size: 0x00000000, Max: 0x00000080, ABSOLUTE)

    **** No section assigned to this execution region ****



  Load Region LR_BSL (Base: 0x41c00100, Size: 0x00000000, Max: 0x00000100, ABSOLUTE)

    Execution Region BSL_CONFIG (Exec base: 0x41c00100, Load base: 0x41c00100, Size: 0x00000000, Max: 0x00000080, ABSOLUTE)

    **** No section assigned to this execution region ****


==============================================================================

Image component sizes


      Code (inc. data)   RO Data    RW Data    ZI Data      Debug   Object Name

       592         36          0          0         46       3440   bsp_motor_iic.o
       138          8          0          0          0       1172   delay.o
        20          0          0          0          0        578   dl_common.o
       500        164          0          0          0      23629   dl_timer.o
       170          8          0          0          0      10599   dl_uart.o
       478         60         46          0          2       6017   empty.o
      1370         16          0          0          0       7290   ioi2c.o
        20          4        192          0        512        616   startup_mspm0g350x_uvision.o
       988        112         35          0        188      24693   ti_msp_dl_config.o
       338         36          0          0        131       6109   usart.o

    ----------------------------------------------------------------------
      4628        444        308          0        888      84143   Object Totals
         0          0         32          0          0          0   (incl. Generated)
        14          0          3          0          9          0   (incl. Padding)

    ----------------------------------------------------------------------

      Code (inc. data)   RO Data    RW Data    ZI Data      Debug   Library Member Name

         0          0          0          0          0          0   entry.o
         0          0          0          0          0          0   entry10a.o
         0          0          0          0          0          0   entry11a.o
         8          4          0          0          0          0   entry2.o
         4          0          0          0          0          0   entry5.o
         0          0          0          0          0          0   entry7b.o
         0          0          0          0          0          0   entry8b.o
         8          4          0          0          0          0   entry9a.o
        30          0          0          0          0          0   handlers.o
        36          8          0          0          0         68   init.o
         0          0          0          0          0          0   iusefp.o
        32          0          0          0          0         68   llshl.o
        38          0          0          0          0         68   llsshr.o
        34          0          0          0          0         68   llushr.o
      2252         98          0          0          0        412   printfa.o
         0          0          0          4          0          0   stdout.o
        62          0          0          0          0         72   uidiv_div0.o
        96          0          0          0          0         84   uldiv.o
        40          2          0          0          0         68   cdrcmple.o
       356          4          0          0          0        140   dadd.o
       240          6          0          0          0         84   ddiv.o
       236          0          0          0          0        216   depilogue.o
        64         10          0          0          0         68   dfixul.o
       208          6          0          0          0         88   dmul.o

    ----------------------------------------------------------------------
      3768        146          0          4          4       1504   Library Totals
        24          4          0          0          4          0   (incl. Padding)

    ----------------------------------------------------------------------

      Code (inc. data)   RO Data    RW Data    ZI Data      Debug   Library Name

      2600        114          0          4          0        840   mc_p.l
      1144         28          0          0          0        664   mf_p.l

    ----------------------------------------------------------------------
      3768        146          0          4          4       1504   Library Totals

    ----------------------------------------------------------------------

==============================================================================


      Code (inc. data)   RO Data    RW Data    ZI Data      Debug   

      8396        590        308          4        892      84927   Grand Totals
      8396        590        308          4        892      84927   ELF Image Totals
      8396        590        308          4          0          0   ROM Totals

==============================================================================

    Total RO  Size (Code + RO Data)                 8704 (   8.50kB)
    Total RW  Size (RW Data + ZI Data)               896 (   0.88kB)
    Total ROM Size (Code + RO Data + RW Data)       8708 (   8.50kB)

==============================================================================

