Component: Arm Compiler for Embedded 6.19 Tool: armlink [5e73cb00]

==============================================================================

Section Cross References

    empty.o(.text.Car_Move) refers to app_motor_usart.o(.text.Contrl_Speed) for Contrl_Speed
    empty.o(.text.Car_Move) refers to empty.o(.bss.Car_Move.state) for [Anonymous Symbol]
    empty.o(.ARM.exidx.text.Car_Move) refers to empty.o(.text.Car_Move) for [Anonymous Symbol]
    empty.o(.text.Car_Move_PWM) refers to app_motor_usart.o(.text.Contrl_Pwm) for Contrl_Pwm
    empty.o(.text.Car_Move_PWM) refers to empty.o(.bss.Car_Move_PWM.state) for [Anonymous Symbol]
    empty.o(.ARM.exidx.text.Car_Move_PWM) refers to empty.o(.text.Car_Move_PWM) for [Anonymous Symbol]
    empty.o(.text.main) refers to usart.o(.text.USART_Init) for USART_Init
    empty.o(.text.main) refers to printfa.o(i.__0printf) for printf
    empty.o(.text.main) refers to app_motor_usart.o(.text.Contrl_Pwm) for Contrl_Pwm
    empty.o(.text.main) refers to delay.o(.text.delay_ms) for delay_ms
    empty.o(.text.main) refers to app_motor_usart.o(.text.send_upload_data) for send_upload_data
    empty.o(.text.main) refers to app_motor_usart.o(.text.send_motor_type) for send_motor_type
    empty.o(.text.main) refers to app_motor_usart.o(.text.send_pulse_phase) for send_pulse_phase
    empty.o(.text.main) refers to app_motor_usart.o(.text.send_pulse_line) for send_pulse_line
    empty.o(.text.main) refers to app_motor_usart.o(.text.send_wheel_diameter) for send_wheel_diameter
    empty.o(.text.main) refers to app_motor_usart.o(.text.send_motor_deadzone) for send_motor_deadzone
    empty.o(.text.main) refers to empty.o(.text.__NVIC_ClearPendingIRQ) for __NVIC_ClearPendingIRQ
    empty.o(.text.main) refers to empty.o(.text.__NVIC_EnableIRQ) for __NVIC_EnableIRQ
    empty.o(.text.main) refers to empty.o(.text.Car_Move) for Car_Move
    empty.o(.text.main) refers to app_motor_usart.o(.text.Deal_data_real) for Deal_data_real
    empty.o(.text.main) refers to f2d.o(.text) for __aeabi_f2d
    empty.o(.text.main) refers to empty.o(.rodata.str1.1) for [Anonymous Symbol]
    empty.o(.text.main) refers to empty.o(.bss.times) for times
    empty.o(.text.main) refers to app_motor_usart.o(.bss.g_recv_flag) for g_recv_flag
    empty.o(.text.main) refers to app_motor_usart.o(.bss.g_Speed) for g_Speed
    empty.o(.ARM.exidx.text.main) refers to empty.o(.text.main) for [Anonymous Symbol]
    empty.o(.ARM.exidx.text.__NVIC_ClearPendingIRQ) refers to empty.o(.text.__NVIC_ClearPendingIRQ) for [Anonymous Symbol]
    empty.o(.ARM.exidx.text.__NVIC_EnableIRQ) refers to empty.o(.text.__NVIC_EnableIRQ) for [Anonymous Symbol]
    empty.o(.text.TIMA0_IRQHandler) refers to empty.o(.text.DL_Timer_getPendingInterrupt) for DL_Timer_getPendingInterrupt
    empty.o(.text.TIMA0_IRQHandler) refers to empty.o(.bss.times) for times
    empty.o(.ARM.exidx.text.TIMA0_IRQHandler) refers to empty.o(.text.TIMA0_IRQHandler) for [Anonymous Symbol]
    empty.o(.ARM.exidx.text.DL_Timer_getPendingInterrupt) refers to empty.o(.text.DL_Timer_getPendingInterrupt) for [Anonymous Symbol]
    startup_mspm0g350x_uvision.o(RESET) refers to startup_mspm0g350x_uvision.o(STACK) for __initial_sp
    startup_mspm0g350x_uvision.o(RESET) refers to startup_mspm0g350x_uvision.o(.text) for Reset_Handler
    startup_mspm0g350x_uvision.o(RESET) refers to bsp_motor_usart.o(.text.UART1_IRQHandler) for UART1_IRQHandler
    startup_mspm0g350x_uvision.o(RESET) refers to usart.o(.text.UART0_IRQHandler) for UART0_IRQHandler
    startup_mspm0g350x_uvision.o(RESET) refers to empty.o(.text.TIMA0_IRQHandler) for TIMA0_IRQHandler
    startup_mspm0g350x_uvision.o(.text) refers to entry.o(.ARM.Collect$$$$00000000) for __main
    ti_msp_dl_config.o(.text.SYSCFG_DL_init) refers to ti_msp_dl_config.o(.text.SYSCFG_DL_initPower) for SYSCFG_DL_initPower
    ti_msp_dl_config.o(.text.SYSCFG_DL_init) refers to ti_msp_dl_config.o(.text.SYSCFG_DL_GPIO_init) for SYSCFG_DL_GPIO_init
    ti_msp_dl_config.o(.text.SYSCFG_DL_init) refers to ti_msp_dl_config.o(.text.SYSCFG_DL_SYSCTL_init) for SYSCFG_DL_SYSCTL_init
    ti_msp_dl_config.o(.text.SYSCFG_DL_init) refers to ti_msp_dl_config.o(.text.SYSCFG_DL_TIMER_0_init) for SYSCFG_DL_TIMER_0_init
    ti_msp_dl_config.o(.text.SYSCFG_DL_init) refers to ti_msp_dl_config.o(.text.SYSCFG_DL_UART_0_init) for SYSCFG_DL_UART_0_init
    ti_msp_dl_config.o(.text.SYSCFG_DL_init) refers to ti_msp_dl_config.o(.text.SYSCFG_DL_UART_1_init) for SYSCFG_DL_UART_1_init
    ti_msp_dl_config.o(.text.SYSCFG_DL_init) refers to ti_msp_dl_config.o(.text.SYSCFG_DL_SYSTICK_init) for SYSCFG_DL_SYSTICK_init
    ti_msp_dl_config.o(.text.SYSCFG_DL_init) refers to ti_msp_dl_config.o(.bss.gTIMER_0Backup) for gTIMER_0Backup
    ti_msp_dl_config.o(.ARM.exidx.text.SYSCFG_DL_init) refers to ti_msp_dl_config.o(.text.SYSCFG_DL_init) for [Anonymous Symbol]
[...]
    Removing dl_uart.o(.ARM.exidx.text.DL_Common_updateReg), (8 bytes).
    Removing dl_uart.o(.ARM.exidx.text.DL_UART_setClockConfig), (8 bytes).
    Removing dl_uart.o(.text.DL_UART_getClockConfig), (36 bytes).
    Removing dl_uart.o(.ARM.exidx.text.DL_UART_getClockConfig), (8 bytes).
    Removing dl_uart.o(.text.DL_UART_configBaudRate), (142 bytes).
    Removing dl_uart.o(.ARM.exidx.text.DL_UART_configBaudRate), (8 bytes).
    Removing dl_uart.o(.text.DL_UART_setOversampling), (30 bytes).
    Removing dl_uart.o(.ARM.exidx.text.DL_UART_setOversampling), (8 bytes).
    Removing dl_uart.o(.text.DL_UART_setBaudRateDivisor), (76 bytes).
    Removing dl_uart.o(.ARM.exidx.text.DL_UART_setBaudRateDivisor), (8 bytes).
    Removing dl_uart.o(.text.DL_UART_configIrDAMode), (64 bytes).
    Removing dl_uart.o(.ARM.exidx.text.DL_UART_configIrDAMode), (8 bytes).
    Removing dl_uart.o(.text.DL_UART_setIrDAPulseLength), (74 bytes).
    Removing dl_uart.o(.ARM.exidx.text.DL_UART_setIrDAPulseLength), (8 bytes).
    Removing dl_uart.o(.text.DL_UART_receiveDataBlocking), (32 bytes).
    Removing dl_uart.o(.ARM.exidx.text.DL_UART_receiveDataBlocking), (8 bytes).
    Removing dl_uart.o(.text.DL_UART_isRXFIFOEmpty), (24 bytes).
    Removing dl_uart.o(.ARM.exidx.text.DL_UART_isRXFIFOEmpty), (8 bytes).
    Removing dl_uart.o(.text.DL_UART_receiveData), (20 bytes).
    Removing dl_uart.o(.ARM.exidx.text.DL_UART_receiveData), (8 bytes).
    Removing dl_uart.o(.text.DL_UART_transmitDataBlocking), (40 bytes).
    Removing dl_uart.o(.ARM.exidx.text.DL_UART_transmitDataBlocking), (8 bytes).
    Removing dl_uart.o(.text.DL_UART_isTXFIFOFull), (24 bytes).
    Removing dl_uart.o(.ARM.exidx.text.DL_UART_isTXFIFOFull), (8 bytes).
    Removing dl_uart.o(.text.DL_UART_transmitData), (22 bytes).
    Removing dl_uart.o(.ARM.exidx.text.DL_UART_transmitData), (8 bytes).
    Removing dl_uart.o(.text.DL_UART_receiveDataCheck), (58 bytes).
    Removing dl_uart.o(.ARM.exidx.text.DL_UART_receiveDataCheck), (8 bytes).
    Removing dl_uart.o(.text.DL_UART_transmitDataCheck), (60 bytes).
    Removing dl_uart.o(.ARM.exidx.text.DL_UART_transmitDataCheck), (8 bytes).
    Removing dl_uart.o(.text.DL_UART_drainRXFIFO), (70 bytes).
    Removing dl_uart.o(.ARM.exidx.text.DL_UART_drainRXFIFO), (8 bytes).
    Removing dl_uart.o(.text.DL_UART_fillTXFIFO), (70 bytes).
    Removing dl_uart.o(.ARM.exidx.text.DL_UART_fillTXFIFO), (8 bytes).
    Removing dl_uart.o(.text.DL_UART_Main_saveConfiguration), (200 bytes).
    Removing dl_uart.o(.ARM.exidx.text.DL_UART_Main_saveConfiguration), (8 bytes).
    Removing dl_uart.o(.text.DL_UART_Main_restoreConfiguration), (228 bytes).
    Removing dl_uart.o(.ARM.exidx.text.DL_UART_Main_restoreConfiguration), (8 bytes).
    Removing dl_uart.o(.text.DL_UART_enable), (22 bytes).
    Removing dl_uart.o(.ARM.exidx.text.DL_UART_enable), (8 bytes).
    Removing dl_uart.o(.text.DL_UART_Extend_saveConfiguration), (256 bytes).
    Removing dl_uart.o(.ARM.exidx.text.DL_UART_Extend_saveConfiguration), (8 bytes).
    Removing dl_uart.o(.text.DL_UART_Extend_restoreConfiguration), (276 bytes).
    Removing dl_uart.o(.ARM.exidx.text.DL_UART_Extend_restoreConfiguration), (8 bytes).
    Removing dl_vref.o(.text), (0 bytes).
    Removing dl_vref.o(.text.DL_VREF_configReference), (52 bytes).
    Removing dl_vref.o(.ARM.exidx.text.DL_VREF_configReference), (8 bytes).
    Removing dl_vref.o(.text.DL_VREF_setClockConfig), (36 bytes).
    Removing dl_vref.o(.ARM.exidx.text.DL_VREF_setClockConfig), (8 bytes).
    Removing dl_vref.o(.text.DL_VREF_getClockConfig), (36 bytes).
    Removing dl_vref.o(.ARM.exidx.text.DL_VREF_getClockConfig), (8 bytes).
    Removing delay.o(.text), (0 bytes).
    Removing delay.o(.ARM.exidx.text.delay_us), (8 bytes).
    Removing delay.o(.ARM.exidx.text.delay_ms), (8 bytes).
    Removing delay.o(.bss.delay_times), (4 bytes).
    Removing usart.o(.text), (0 bytes).
    Removing usart.o(.ARM.exidx.text.USART_Init), (8 bytes).
    Removing usart.o(.ARM.exidx.text.__NVIC_ClearPendingIRQ), (8 bytes).
    Removing usart.o(.ARM.exidx.text.__NVIC_EnableIRQ), (8 bytes).
    Removing usart.o(.text.USART_SendData), (44 bytes).
    Removing usart.o(.ARM.exidx.text.USART_SendData), (8 bytes).
    Removing usart.o(.ARM.exidx.text.DL_UART_isBusy), (8 bytes).
    Removing usart.o(.ARM.exidx.text.DL_UART_transmitData), (8 bytes).
    Removing usart.o(.ARM.exidx.text.fputc), (8 bytes).
    Removing usart.o(.ARM.exidx.text.UART0_IRQHandler), (8 bytes).
    Removing usart.o(.ARM.exidx.text.DL_UART_getPendingInterrupt), (8 bytes).
    Removing usart.o(.ARM.exidx.text.DL_UART_receiveData), (8 bytes).
    Removing app_motor_usart.o(.text), (0 bytes).
    Removing app_motor_usart.o(.ARM.exidx.text.send_motor_type), (8 bytes).
    Removing app_motor_usart.o(.ARM.exidx.text.send_motor_deadzone), (8 bytes).
    Removing app_motor_usart.o(.ARM.exidx.text.send_pulse_line), (8 bytes).
    Removing app_motor_usart.o(.ARM.exidx.text.send_pulse_phase), (8 bytes).
    Removing app_motor_usart.o(.ARM.exidx.text.send_wheel_diameter), (8 bytes).
    Removing app_motor_usart.o(.text.send_motor_PID), (96 bytes).
    Removing app_motor_usart.o(.ARM.exidx.text.send_motor_PID), (8 bytes).
    Removing app_motor_usart.o(.ARM.exidx.text.send_upload_data), (8 bytes).
    Removing app_motor_usart.o(.ARM.exidx.text.Contrl_Speed), (8 bytes).
    Removing app_motor_usart.o(.ARM.exidx.text.Contrl_Pwm), (8 bytes).
    Removing app_motor_usart.o(.ARM.exidx.text.splitString), (8 bytes).
    Removing app_motor_usart.o(.ARM.exidx.text.Deal_Control_Rxtemp), (8 bytes).
    Removing app_motor_usart.o(.ARM.exidx.text.Deal_data_real), (8 bytes).
    Removing bsp_motor_usart.o(.text), (0 bytes).
    Removing bsp_motor_usart.o(.ARM.exidx.text.Send_Motor_U8), (8 bytes).
    Removing bsp_motor_usart.o(.ARM.exidx.text.DL_UART_isBusy), (8 bytes).
    Removing bsp_motor_usart.o(.ARM.exidx.text.DL_UART_transmitData), (8 bytes).
    Removing bsp_motor_usart.o(.ARM.exidx.text.Send_Motor_ArrayU8), (8 bytes).
    Removing bsp_motor_usart.o(.ARM.exidx.text.UART1_IRQHandler), (8 bytes).
    Removing bsp_motor_usart.o(.ARM.exidx.text.DL_UART_getPendingInterrupt), (8 bytes).
    Removing bsp_motor_usart.o(.ARM.exidx.text.DL_UART_receiveData), (8 bytes).

1085 unused section(s) (total 39373 bytes) removed from the image.

==============================================================================

Image Symbol Table

    Local Symbols

    Symbol Name                              Value     Ov Type        Size  Object(Section)

    ../clib/division.s                       0x00000000   Number         0  aeabi_sdiv.o ABSOLUTE
    ../clib/division.s                       0x00000000   Number         0  aeabi_sdiv_div0.o ABSOLUTE
    ../clib/longlong.c                       0x00000000   Number         0  llmul.o ABSOLUTE
    ../clib/microlib/ctype/ctype.c           0x00000000   Number         0  isspace_c.o ABSOLUTE
    ../clib/microlib/ctype/ctype.c           0x00000000   Number         0  ctype_o.o ABSOLUTE
    ../clib/microlib/ctype/ctype.c           0x00000000   Number         0  isalnum_o.o ABSOLUTE
    ../clib/microlib/ctype/ctype.c           0x00000000   Number         0  isalpha_o.o ABSOLUTE
    ../clib/microlib/ctype/ctype.c           0x00000000   Number         0  isblank_o.o ABSOLUTE
    ../clib/microlib/ctype/ctype.c           0x00000000   Number         0  iscntrl_o.o ABSOLUTE
    ../clib/microlib/ctype/ctype.c           0x00000000   Number         0  isdigit_o.o ABSOLUTE
    ../clib/microlib/ctype/ctype.c           0x00000000   Number         0  isgraph_o.o ABSOLUTE
    ../clib/microlib/ctype/ctype.c           0x00000000   Number         0  islower_o.o ABSOLUTE
    ../clib/microlib/ctype/ctype.c           0x00000000   Number         0  isprint_o.o ABSOLUTE
    ../clib/microlib/ctype/ctype.c           0x00000000   Number         0  ispunct_o.o ABSOLUTE
    ../clib/microlib/ctype/ctype.c           0x00000000   Number         0  isspace_o.o ABSOLUTE
    ../clib/microlib/ctype/ctype.c           0x00000000   Number         0  isupper_o.o ABSOLUTE
    ../clib/microlib/ctype/ctype.c           0x00000000   Number         0  isxdigit_o.o ABSOLUTE
    ../clib/microlib/ctype/ctype.c           0x00000000   Number         0  ctype_c.o ABSOLUTE
    ../clib/microlib/division.c              0x00000000   Number         0  uidiv.o ABSOLUTE
    ../clib/microlib/division.c              0x00000000   Number         0  uidiv_div0.o ABSOLUTE
    ../clib/microlib/division.c              0x00000000   Number         0  idiv_div0.o ABSOLUTE
    ../clib/microlib/division.c              0x00000000   Number         0  idiv0.o ABSOLUTE
    ../clib/microlib/division.c              0x00000000   Number         0  uldiv.o ABSOLUTE
    ../clib/microlib/errno.c                 0x00000000   Number         0  errno.o ABSOLUTE
    ../clib/microlib/init/entry.s            0x00000000   Number         0  entry.o ABSOLUTE
    ../clib/microlib/init/entry.s            0x00000000   Number         0  entry2.o ABSOLUTE
    ../clib/microlib/init/entry.s            0x00000000   Number         0  entry5.o ABSOLUTE
    ../clib/microlib/init/entry.s            0x00000000   Number         0  entry7a.o ABSOLUTE
    ../clib/microlib/init/entry.s            0x00000000   Number         0  entry7b.o ABSOLUTE
    ../clib/microlib/init/entry.s            0x00000000   Number         0  entry8a.o ABSOLUTE
    ../clib/microlib/init/entry.s            0x00000000   Number         0  entry8b.o ABSOLUTE
    ../clib/microlib/init/entry.s            0x00000000   Number         0  entry9a.o ABSOLUTE
    ../clib/microlib/init/entry.s            0x00000000   Number         0  entry9b.o ABSOLUTE
    ../clib/microlib/init/entry.s            0x00000000   Number         0  entry10a.o ABSOLUTE
    ../clib/microlib/init/entry.s            0x00000000   Number         0  entry10b.o ABSOLUTE
    ../clib/microlib/init/entry.s            0x00000000   Number         0  entry11a.o ABSOLUTE
    ../clib/microlib/init/entry.s            0x00000000   Number         0  entry11b.o ABSOLUTE
    ../clib/microlib/longlong.c              0x00000000   Number         0  llshl.o ABSOLUTE
    ../clib/microlib/longlong.c              0x00000000   Number         0  llushr.o ABSOLUTE
    ../clib/microlib/longlong.c              0x00000000   Number         0  llsshr.o ABSOLUTE
    ../clib/microlib/printf/printf.c         0x00000000   Number         0  printfa.o ABSOLUTE
    ../clib/microlib/stdio/streams.c         0x00000000   Number         0  stdout.o ABSOLUTE
    ../clib/microlib/string/memcpy.c         0x00000000   Number         0  memcpya.o ABSOLUTE
    ../clib/microlib/string/memcpy.c         0x00000000   Number         0  memcpyb.o ABSOLUTE
    ../clib/microlib/string/memset.c         0x00000000   Number         0  memseta.o ABSOLUTE
    ../clib/microlib/string/strcpy.c         0x00000000   Number         0  strcpy.o ABSOLUTE
    ../clib/microlib/string/strlen.c         0x00000000   Number         0  strlen.o ABSOLUTE
    ../clib/microlib/string/strncmp.c        0x00000000   Number         0  strncmp.o ABSOLUTE
    ../clib/microlib/string/strtok.c         0x00000000   Number         0  strtok.o ABSOLUTE
    ../clib/microlib/string/strtok.c         0x00000000   Number         0  strtok_r.o ABSOLUTE
    ../clib/microlib/stubs.s                 0x00000000   Number         0  iusefp.o ABSOLUTE
    ../clib/scanf.c                          0x00000000   Number         0  atoi.o ABSOLUTE
    ../clib/scanf.c                          0x00000000   Number         0  strtod.o ABSOLUTE
    ../clib/scanf.c                          0x00000000   Number         0  strtol.o ABSOLUTE
    ../clib/scanf.c                          0x00000000   Number         0  scanf_fp.o ABSOLUTE
    ../clib/scanf.c                          0x00000000   Number         0  _sgetc.o ABSOLUTE
    ../clib/scanf.c                          0x00000000   Number         0  _strtoul.o ABSOLUTE
    ../clib/scanf.c                          0x00000000   Number         0  _chval.o ABSOLUTE
    ../fplib/microlib/d2f.c                  0x00000000   Number         0  d2f.o ABSOLUTE
    ../fplib/microlib/f2d.c                  0x00000000   Number         0  f2d.o ABSOLUTE
    ../fplib/microlib/fpadd.c                0x00000000   Number         0  dadd.o ABSOLUTE
    ../fplib/microlib/fpdiv.c                0x00000000   Number         0  ddiv.o ABSOLUTE
    ../fplib/microlib/fpepilogue.c           0x00000000   Number         0  fepilogue.o ABSOLUTE
    ../fplib/microlib/fpepilogue.c           0x00000000   Number         0  depilogue.o ABSOLUTE
    ../fplib/microlib/fpfix.c                0x00000000   Number         0  dfixul.o ABSOLUTE
    ../fplib/microlib/fpflt.c                0x00000000   Number         0  dfltul.o ABSOLUTE
    ../fplib/microlib/fpmul.c                0x00000000   Number         0  dmul.o ABSOLUTE
    ../mathlib/atof.c                        0x00000000   Number         0  atof.o ABSOLUTE
    app_motor_usart.c                        0x00000000   Number         0  app_motor_usart.o ABSOLUTE
    bsp_motor_usart.c                        0x00000000   Number         0  bsp_motor_usart.o ABSOLUTE
    cdrcmple.s                               0x00000000   Number         0  cdrcmple.o ABSOLUTE
    dc.s                                     0x00000000   Number         0  dc.o ABSOLUTE
    delay.c                                  0x00000000   Number         0  delay.o ABSOLUTE
    dl_adc12.c                               0x00000000   Number         0  dl_adc12.o ABSOLUTE
    dl_aes.c                                 0x00000000   Number         0  dl_aes.o ABSOLUTE
    dl_aesadv.c                              0x00000000   Number         0  dl_aesadv.o ABSOLUTE
    dl_common.c                              0x00000000   Number         0  dl_common.o ABSOLUTE
    dl_crc.c                                 0x00000000   Number         0  dl_crc.o ABSOLUTE
    dl_crcp.c                                0x00000000   Number         0  dl_crcp.o ABSOLUTE
    dl_dac12.c                               0x00000000   Number         0  dl_dac12.o ABSOLUTE
    dl_dma.c                                 0x00000000   Number         0  dl_dma.o ABSOLUTE
    dl_flashctl.c                            0x00000000   Number         0  dl_flashctl.o ABSOLUTE
    dl_i2c.c                                 0x00000000   Number         0  dl_i2c.o ABSOLUTE
    dl_keystorectl.c                         0x00000000   Number         0  dl_keystorectl.o ABSOLUTE
    dl_lcd.c                                 0x00000000   Number         0  dl_lcd.o ABSOLUTE
    dl_lfss.c                                0x00000000   Number         0  dl_lfss.o ABSOLUTE
    dl_mathacl.c                             0x00000000   Number         0  dl_mathacl.o ABSOLUTE
    dl_mcan.c                                0x00000000   Number         0  dl_mcan.o ABSOLUTE
    dl_opa.c                                 0x00000000   Number         0  dl_opa.o ABSOLUTE
    dl_rtc_common.c                          0x00000000   Number         0  dl_rtc_common.o ABSOLUTE
    dl_spi.c                                 0x00000000   Number         0  dl_spi.o ABSOLUTE
    dl_timer.c                               0x00000000   Number         0  dl_timer.o ABSOLUTE
    dl_trng.c                                0x00000000   Number         0  dl_trng.o ABSOLUTE
    dl_uart.c                                0x00000000   Number         0  dl_uart.o ABSOLUTE
    dl_vref.c                                0x00000000   Number         0  dl_vref.o ABSOLUTE
    empty.c                                  0x00000000   Number         0  empty.o ABSOLUTE
    handlers.s                               0x00000000   Number         0  handlers.o ABSOLUTE
    init.s                                   0x00000000   Number         0  init.o ABSOLUTE
    startup_mspm0g350x_uvision.s             0x00000000   Number         0  startup_mspm0g350x_uvision.o ABSOLUTE
    ti_msp_dl_config.c                       0x00000000   Number         0  ti_msp_dl_config.o ABSOLUTE
    usart.c                                  0x00000000   Number         0  usart.o ABSOLUTE
    RESET                                    0x00000000   Section      192  startup_mspm0g350x_uvision.o(RESET)
    .ARM.Collect$$$$00000000                 0x000000c0   Section        0  entry.o(.ARM.Collect$$$$00000000)
    .ARM.Collect$$$$00000001                 0x000000c0   Section        4  entry2.o(.ARM.Collect$$$$00000001)
    .ARM.Collect$$$$00000004                 0x000000c4   Section        4  entry5.o(.ARM.Collect$$$$00000004)
    .ARM.Collect$$$$00000008                 0x000000c8   Section        0  entry7b.o(.ARM.Collect$$$$00000008)
    .ARM.Collect$$$$0000000A                 0x000000c8   Section        0  entry8b.o(.ARM.Collect$$$$0000000A)
    .ARM.Collect$$$$0000000B                 0x000000c8   Section        8  entry9a.o(.ARM.Collect$$$$0000000B)
    __lit__00000000                          0x000000d0   Data           4  entry2.o(.ARM.Collect$$$$00002712)
    .ARM.Collect$$$$0000000D                 0x000000d0   Section        0  entry10a.o(.ARM.Collect$$$$0000000D)
    .ARM.Collect$$$$0000000F                 0x000000d0   Section        0  entry11a.o(.ARM.Collect$$$$0000000F)
    .ARM.Collect$$$$00002712                 0x000000d0   Section        4  entry2.o(.ARM.Collect$$$$00002712)
    .text                                    0x000000d4   Section       20  startup_mspm0g350x_uvision.o(.text)
    .text                                    0x000000e8   Section        0  memcpya.o(.text)
    .text                                    0x0000010c   Section        0  memseta.o(.text)
    .text                                    0x00000130   Section        0  strlen.o(.text)
    .text                                    0x0000013e   Section        0  strcpy.o(.text)
    .text                                    0x00000150   Section        0  strncmp.o(.text)
    .text                                    0x00000170   Section        0  strtok.o(.text)
    .text                                    0x000001b8   Section        0  atoi.o(.text)
    .text                                    0x000001d2   Section        0  f2d.o(.text)
    .text                                    0x000001fa   Section        0  d2f.o(.text)
    .text                                    0x00000232   Section        0  uidiv_div0.o(.text)
    .text                                    0x00000270   Section        0  uldiv.o(.text)
    _local_sscanf                            0x000002d1   Thumb Code    64  strtod.o(.text)
    .text                                    0x000002d0   Section        0  strtod.o(.text)
    .text                                    0x00000384   Section        0  strtol.o(.text)
    .text                                    0x000003f4   Section        0  iusefp.o(.text)
    .text                                    0x000003f4   Section        0  fepilogue.o(.text)
    .text                                    0x00000478   Section        0  dadd.o(.text)
    .text                                    0x000005dc   Section        0  dmul.o(.text)
    .text                                    0x000006ac   Section        0  ddiv.o(.text)
    .text                                    0x0000079c   Section        0  dfixul.o(.text)
    .text                                    0x000007dc   Section       40  cdrcmple.o(.text)
    .text                                    0x00000808   Section       36  init.o(.text)
    .text                                    0x0000082c   Section        0  llshl.o(.text)
    .text                                    0x0000084c   Section        0  llushr.o(.text)
    .text                                    0x0000086e   Section        0  llsshr.o(.text)
    .text                                    0x00000894   Section        0  ctype_o.o(.text)
    .text                                    0x0000089c   Section        0  isspace_o.o(.text)
    _fp_value                                0x000008b1   Thumb Code   286  scanf_fp.o(.text)
    .text                                    0x000008b0   Section        0  scanf_fp.o(.text)
    .text                                    0x00000c24   Section        0  _sgetc.o(.text)
    .text                                    0x00000c68   Section        0  _strtoul.o(.text)
    .text                                    0x00000d0e   Section        0  depilogue.o(.text)
    .text                                    0x00000dcc   Section        0  llmul.o(.text)
    .text                                    0x00000dfc   Section        0  _chval.o(.text)
    .text                                    0x00000e1c   Section        0  dfltul.o(.text)
    [Anonymous Symbol]                       0x00000e38   Section        0  empty.o(.text.Car_Move)
    __arm_cp.0_0                             0x00000ecc   Number         4  empty.o(.text.Car_Move)
    __arm_cp.0_1                             0x00000ed0   Number         4  empty.o(.text.Car_Move)
    __arm_cp.0_2                             0x00000ed4   Number         4  empty.o(.text.Car_Move)
    [Anonymous Symbol]                       0x00000ed8   Section        0  app_motor_usart.o(.text.Contrl_Pwm)
    __arm_cp.8_1                             0x00000f28   Number         4  app_motor_usart.o(.text.Contrl_Pwm)
    [Anonymous Symbol]                       0x00000f2c   Section        0  app_motor_usart.o(.text.Contrl_Speed)
    __arm_cp.7_0                             0x00000f7c   Number         4  app_motor_usart.o(.text.Contrl_Speed)
    __arm_cp.7_1                             0x00000f80   Number         4  app_motor_usart.o(.text.Contrl_Speed)
    [Anonymous Symbol]                       0x00000f84   Section        0  dl_common.o(.text.DL_Common_delayCycles)
    DL_Common_updateReg                      0x00000f99   Thumb Code    40  ti_msp_dl_config.o(.text.DL_Common_updateReg)
    [Anonymous Symbol]                       0x00000f98   Section        0  ti_msp_dl_config.o(.text.DL_Common_updateReg)
    DL_Common_updateReg                      0x00000fc1   Thumb Code    40  dl_timer.o(.text.DL_Common_updateReg)
    [Anonymous Symbol]                       0x00000fc0   Section        0  dl_timer.o(.text.DL_Common_updateReg)
    DL_Common_updateReg                      0x00000fe9   Thumb Code    40  dl_uart.o(.text.DL_Common_updateReg)
    [Anonymous Symbol]                       0x00000fe8   Section        0  dl_uart.o(.text.DL_Common_updateReg)
    DL_GPIO_enablePower                      0x00001011   Thumb Code    20  ti_msp_dl_config.o(.text.DL_GPIO_enablePower)
    [Anonymous Symbol]                       0x00001010   Section        0  ti_msp_dl_config.o(.text.DL_GPIO_enablePower)
    DL_GPIO_initPeripheralInputFunction      0x00001025   Thumb Code    24  ti_msp_dl_config.o(.text.DL_GPIO_initPeripheralInputFunction)
    [Anonymous Symbol]                       0x00001024   Section        0  ti_msp_dl_config.o(.text.DL_GPIO_initPeripheralInputFunction)
    __arm_cp.17_0                            0x0000103c   Number         4  ti_msp_dl_config.o(.text.DL_GPIO_initPeripheralInputFunction)
    DL_GPIO_initPeripheralOutputFunction     0x00001041   Thumb Code    24  ti_msp_dl_config.o(.text.DL_GPIO_initPeripheralOutputFunction)
    [Anonymous Symbol]                       0x00001040   Section        0  ti_msp_dl_config.o(.text.DL_GPIO_initPeripheralOutputFunction)
    __arm_cp.16_0                            0x00001058   Number         4  ti_msp_dl_config.o(.text.DL_GPIO_initPeripheralOutputFunction)
    DL_GPIO_reset                            0x0000105d   Thumb Code    16  ti_msp_dl_config.o(.text.DL_GPIO_reset)
    [Anonymous Symbol]                       0x0000105c   Section        0  ti_msp_dl_config.o(.text.DL_GPIO_reset)
    DL_SYSCTL_disableHFXT                    0x0000106d   Thumb Code    12  ti_msp_dl_config.o(.text.DL_SYSCTL_disableHFXT)
    [Anonymous Symbol]                       0x0000106c   Section        0  ti_msp_dl_config.o(.text.DL_SYSCTL_disableHFXT)
    DL_SYSCTL_disableSYSPLL                  0x00001079   Thumb Code    16  ti_msp_dl_config.o(.text.DL_SYSCTL_disableSYSPLL)
    [Anonymous Symbol]                       0x00001078   Section        0  ti_msp_dl_config.o(.text.DL_SYSCTL_disableSYSPLL)
    __arm_cp.21_0                            0x00001088   Number         4  ti_msp_dl_config.o(.text.DL_SYSCTL_disableSYSPLL)
    DL_SYSCTL_enableMFCLK                    0x0000108d   Thumb Code    16  ti_msp_dl_config.o(.text.DL_SYSCTL_enableMFCLK)
    [Anonymous Symbol]                       0x0000108c   Section        0  ti_msp_dl_config.o(.text.DL_SYSCTL_enableMFCLK)
    __arm_cp.22_0                            0x0000109c   Number         4  ti_msp_dl_config.o(.text.DL_SYSCTL_enableMFCLK)
    DL_SYSCTL_setBORThreshold                0x000010a1   Thumb Code    20  ti_msp_dl_config.o(.text.DL_SYSCTL_setBORThreshold)
    [Anonymous Symbol]                       0x000010a0   Section        0  ti_msp_dl_config.o(.text.DL_SYSCTL_setBORThreshold)
    __arm_cp.18_0                            0x000010b4   Number         4  ti_msp_dl_config.o(.text.DL_SYSCTL_setBORThreshold)
    DL_SYSCTL_setSYSOSCFreq                  0x000010b9   Thumb Code    24  ti_msp_dl_config.o(.text.DL_SYSCTL_setSYSOSCFreq)
    [Anonymous Symbol]                       0x000010b8   Section        0  ti_msp_dl_config.o(.text.DL_SYSCTL_setSYSOSCFreq)
    __arm_cp.19_0                            0x000010d0   Number         4  ti_msp_dl_config.o(.text.DL_SYSCTL_setSYSOSCFreq)
    DL_SYSTICK_enable                        0x000010d5   Thumb Code    12  ti_msp_dl_config.o(.text.DL_SYSTICK_enable)
    [Anonymous Symbol]                       0x000010d4   Section        0  ti_msp_dl_config.o(.text.DL_SYSTICK_enable)
    DL_SYSTICK_init                          0x000010e1   Thumb Code    28  ti_msp_dl_config.o(.text.DL_SYSTICK_init)
    [Anonymous Symbol]                       0x000010e0   Section        0  ti_msp_dl_config.o(.text.DL_SYSTICK_init)
    __arm_cp.29_0                            0x000010fc   Number         4  ti_msp_dl_config.o(.text.DL_SYSTICK_init)
    __arm_cp.29_1                            0x00001100   Number         4  ti_msp_dl_config.o(.text.DL_SYSTICK_init)
    __arm_cp.29_2                            0x00001104   Number         4  ti_msp_dl_config.o(.text.DL_SYSTICK_init)
    DL_Timer_enableClock                     0x00001109   Thumb Code    16  ti_msp_dl_config.o(.text.DL_Timer_enableClock)
    [Anonymous Symbol]                       0x00001108   Section        0  ti_msp_dl_config.o(.text.DL_Timer_enableClock)
    DL_Timer_enableInterrupt                 0x00001119   Thumb Code    24  ti_msp_dl_config.o(.text.DL_Timer_enableInterrupt)
    [Anonymous Symbol]                       0x00001118   Section        0  ti_msp_dl_config.o(.text.DL_Timer_enableInterrupt)
    DL_Timer_enablePower                     0x00001131   Thumb Code    20  ti_msp_dl_config.o(.text.DL_Timer_enablePower)
    [Anonymous Symbol]                       0x00001130   Section        0  ti_msp_dl_config.o(.text.DL_Timer_enablePower)
    DL_Timer_getPendingInterrupt             0x00001145   Thumb Code    18  empty.o(.text.DL_Timer_getPendingInterrupt)
    [Anonymous Symbol]                       0x00001144   Section        0  empty.o(.text.DL_Timer_getPendingInterrupt)
    [Anonymous Symbol]                       0x00001158   Section        0  dl_timer.o(.text.DL_Timer_initTimerMode)
    DL_Timer_reset                           0x00001255   Thumb Code    16  ti_msp_dl_config.o(.text.DL_Timer_reset)
    [Anonymous Symbol]                       0x00001254   Section        0  ti_msp_dl_config.o(.text.DL_Timer_reset)
    __arm_cp.11_0                            0x00001264   Number         4  ti_msp_dl_config.o(.text.DL_Timer_reset)
    __arm_cp.11_1                            0x00001268   Number         4  ti_msp_dl_config.o(.text.DL_Timer_reset)
    [Anonymous Symbol]                       0x0000126c   Section        0  dl_timer.o(.text.DL_Timer_setCaptureCompareCtl)
    __arm_cp.6_0                             0x000012a0   Number         4  dl_timer.o(.text.DL_Timer_setCaptureCompareCtl)
    __arm_cp.6_1                             0x000012a4   Number         4  dl_timer.o(.text.DL_Timer_setCaptureCompareCtl)
    [Anonymous Symbol]                       0x000012a8   Section        0  dl_timer.o(.text.DL_Timer_setCaptureCompareValue)
    __arm_cp.5_0                             0x000012d0   Number         4  dl_timer.o(.text.DL_Timer_setCaptureCompareValue)
    [Anonymous Symbol]                       0x000012d4   Section        0  dl_timer.o(.text.DL_Timer_setClockConfig)
    __arm_cp.0_1                             0x00001300   Number         4  dl_timer.o(.text.DL_Timer_setClockConfig)
    DL_Timer_setCounterValueAfterEnable      0x00001305   Thumb Code    28  dl_timer.o(.text.DL_Timer_setCounterValueAfterEnable)
    [Anonymous Symbol]                       0x00001304   Section        0  dl_timer.o(.text.DL_Timer_setCounterValueAfterEnable)
    __arm_cp.4_0                             0x00001320   Number         4  dl_timer.o(.text.DL_Timer_setCounterValueAfterEnable)
    DL_Timer_setLoadValue                    0x00001325   Thumb Code    20  dl_timer.o(.text.DL_Timer_setLoadValue)
    [Anonymous Symbol]                       0x00001324   Section        0  dl_timer.o(.text.DL_Timer_setLoadValue)
    __arm_cp.3_0                             0x00001338   Number         4  dl_timer.o(.text.DL_Timer_setLoadValue)
    DL_UART_disable                          0x0000133d   Thumb Code    22  dl_uart.o(.text.DL_UART_disable)
    [Anonymous Symbol]                       0x0000133c   Section        0  dl_uart.o(.text.DL_UART_disable)
    DL_UART_enable                           0x00001353   Thumb Code    22  ti_msp_dl_config.o(.text.DL_UART_enable)
    [Anonymous Symbol]                       0x00001352   Section        0  ti_msp_dl_config.o(.text.DL_UART_enable)
    DL_UART_enableInterrupt                  0x00001369   Thumb Code    24  ti_msp_dl_config.o(.text.DL_UART_enableInterrupt)
    [Anonymous Symbol]                       0x00001368   Section        0  ti_msp_dl_config.o(.text.DL_UART_enableInterrupt)
    __arm_cp.27_0                            0x00001380   Number         4  ti_msp_dl_config.o(.text.DL_UART_enableInterrupt)
    DL_UART_enablePower                      0x00001385   Thumb Code    20  ti_msp_dl_config.o(.text.DL_UART_enablePower)
    [Anonymous Symbol]                       0x00001384   Section        0  ti_msp_dl_config.o(.text.DL_UART_enablePower)
    __arm_cp.15_0                            0x00001398   Number         4  ti_msp_dl_config.o(.text.DL_UART_enablePower)
    DL_UART_getPendingInterrupt              0x0000139d   Thumb Code    18  usart.o(.text.DL_UART_getPendingInterrupt)
    [Anonymous Symbol]                       0x0000139c   Section        0  usart.o(.text.DL_UART_getPendingInterrupt)
    DL_UART_getPendingInterrupt              0x000013af   Thumb Code    18  bsp_motor_usart.o(.text.DL_UART_getPendingInterrupt)
    [Anonymous Symbol]                       0x000013ae   Section        0  bsp_motor_usart.o(.text.DL_UART_getPendingInterrupt)
    [Anonymous Symbol]                       0x000013c0   Section        0  dl_uart.o(.text.DL_UART_init)
    __arm_cp.0_0                             0x00001404   Number         4  dl_uart.o(.text.DL_UART_init)
    DL_UART_isBusy                           0x00001409   Thumb Code    20  usart.o(.text.DL_UART_isBusy)
    [Anonymous Symbol]                       0x00001408   Section        0  usart.o(.text.DL_UART_isBusy)
    DL_UART_isBusy                           0x0000141d   Thumb Code    20  bsp_motor_usart.o(.text.DL_UART_isBusy)
    [Anonymous Symbol]                       0x0000141c   Section        0  bsp_motor_usart.o(.text.DL_UART_isBusy)
    __arm_cp.1_0                             0x00001430   Number         4  bsp_motor_usart.o(.text.DL_UART_isBusy)
    DL_UART_receiveData                      0x00001435   Thumb Code    16  usart.o(.text.DL_UART_receiveData)
    [Anonymous Symbol]                       0x00001434   Section        0  usart.o(.text.DL_UART_receiveData)
    DL_UART_receiveData                      0x00001445   Thumb Code    16  bsp_motor_usart.o(.text.DL_UART_receiveData)
    [Anonymous Symbol]                       0x00001444   Section        0  bsp_motor_usart.o(.text.DL_UART_receiveData)
    __arm_cp.6_0                             0x00001454   Number         4  bsp_motor_usart.o(.text.DL_UART_receiveData)
    DL_UART_reset                            0x00001459   Thumb Code    16  ti_msp_dl_config.o(.text.DL_UART_reset)
    [Anonymous Symbol]                       0x00001458   Section        0  ti_msp_dl_config.o(.text.DL_UART_reset)
    __arm_cp.12_0                            0x00001468   Number         4  ti_msp_dl_config.o(.text.DL_UART_reset)
    __arm_cp.12_1                            0x0000146c   Number         4  ti_msp_dl_config.o(.text.DL_UART_reset)
    DL_UART_setBaudRateDivisor               0x00001471   Thumb Code    60  ti_msp_dl_config.o(.text.DL_UART_setBaudRateDivisor)
    [Anonymous Symbol]                       0x00001470   Section        0  ti_msp_dl_config.o(.text.DL_UART_setBaudRateDivisor)
    __arm_cp.26_0                            0x000014ac   Number         4  ti_msp_dl_config.o(.text.DL_UART_setBaudRateDivisor)
    __arm_cp.26_1                            0x000014b0   Number         4  ti_msp_dl_config.o(.text.DL_UART_setBaudRateDivisor)
    __arm_cp.26_2                            0x000014b4   Number         4  ti_msp_dl_config.o(.text.DL_UART_setBaudRateDivisor)
    __arm_cp.26_3                            0x000014b8   Number         4  ti_msp_dl_config.o(.text.DL_UART_setBaudRateDivisor)
    [Anonymous Symbol]                       0x000014bc   Section        0  dl_uart.o(.text.DL_UART_setClockConfig)
    __arm_cp.3_0                             0x000014dc   Number         4  dl_uart.o(.text.DL_UART_setClockConfig)
    DL_UART_setOversampling                  0x000014e1   Thumb Code    30  ti_msp_dl_config.o(.text.DL_UART_setOversampling)
    [Anonymous Symbol]                       0x000014e0   Section        0  ti_msp_dl_config.o(.text.DL_UART_setOversampling)
    DL_UART_transmitData                     0x000014ff   Thumb Code    22  usart.o(.text.DL_UART_transmitData)
    [Anonymous Symbol]                       0x000014fe   Section        0  usart.o(.text.DL_UART_transmitData)
    DL_UART_transmitData                     0x00001515   Thumb Code    22  bsp_motor_usart.o(.text.DL_UART_transmitData)
    [Anonymous Symbol]                       0x00001514   Section        0  bsp_motor_usart.o(.text.DL_UART_transmitData)
    [Anonymous Symbol]                       0x0000152c   Section        0  app_motor_usart.o(.text.Deal_Control_Rxtemp)
    __arm_cp.10_0                            0x000015c8   Number         4  app_motor_usart.o(.text.Deal_Control_Rxtemp)
    __arm_cp.10_1                            0x000015cc   Number         4  app_motor_usart.o(.text.Deal_Control_Rxtemp)
    __arm_cp.10_2                            0x000015d0   Number         4  app_motor_usart.o(.text.Deal_Control_Rxtemp)
    __arm_cp.10_3                            0x000015d4   Number         4  app_motor_usart.o(.text.Deal_Control_Rxtemp)
    [Anonymous Symbol]                       0x000015d8   Section        0  app_motor_usart.o(.text.Deal_data_real)
    __arm_cp.11_0                            0x0000180c   Number         4  app_motor_usart.o(.text.Deal_data_real)
    __arm_cp.11_1                            0x00001810   Number         4  app_motor_usart.o(.text.Deal_data_real)
    __arm_cp.11_2                            0x00001814   Number         4  app_motor_usart.o(.text.Deal_data_real)
    __arm_cp.11_3                            0x00001818   Number         4  app_motor_usart.o(.text.Deal_data_real)
    __arm_cp.11_4                            0x0000181c   Number         4  app_motor_usart.o(.text.Deal_data_real)
    __arm_cp.11_5                            0x00001820   Number         4  app_motor_usart.o(.text.Deal_data_real)
    __arm_cp.11_6                            0x00001824   Number         4  app_motor_usart.o(.text.Deal_data_real)
    __arm_cp.11_7                            0x00001828   Number         4  app_motor_usart.o(.text.Deal_data_real)
    __arm_cp.11_8                            0x0000182c   Number         4  app_motor_usart.o(.text.Deal_data_real)
    [Anonymous Symbol]                       0x00001830   Section        0  ti_msp_dl_config.o(.text.SYSCFG_DL_GPIO_init)
    [Anonymous Symbol]                       0x0000185a   Section        0  ti_msp_dl_config.o(.text.SYSCFG_DL_SYSCTL_init)
    [Anonymous Symbol]                       0x0000187c   Section        0  ti_msp_dl_config.o(.text.SYSCFG_DL_SYSTICK_init)
    [Anonymous Symbol]                       0x0000188c   Section        0  ti_msp_dl_config.o(.text.SYSCFG_DL_TIMER_0_init)
    __arm_cp.4_0                             0x000018b4   Number         4  ti_msp_dl_config.o(.text.SYSCFG_DL_TIMER_0_init)
    __arm_cp.4_2                             0x000018b8   Number         4  ti_msp_dl_config.o(.text.SYSCFG_DL_TIMER_0_init)
    [Anonymous Symbol]                       0x000018bc   Section        0  ti_msp_dl_config.o(.text.SYSCFG_DL_UART_0_init)
    __arm_cp.5_0                             0x000018f8   Number         4  ti_msp_dl_config.o(.text.SYSCFG_DL_UART_0_init)
    __arm_cp.5_2                             0x000018fc   Number         4  ti_msp_dl_config.o(.text.SYSCFG_DL_UART_0_init)
    [Anonymous Symbol]                       0x00001900   Section        0  ti_msp_dl_config.o(.text.SYSCFG_DL_UART_1_init)
    __arm_cp.6_0                             0x0000193c   Number         4  ti_msp_dl_config.o(.text.SYSCFG_DL_UART_1_init)
    __arm_cp.6_2                             0x00001940   Number         4  ti_msp_dl_config.o(.text.SYSCFG_DL_UART_1_init)
    [Anonymous Symbol]                       0x00001944   Section        0  ti_msp_dl_config.o(.text.SYSCFG_DL_init)
    __arm_cp.0_0                             0x0000196c   Number         4  ti_msp_dl_config.o(.text.SYSCFG_DL_init)
    [Anonymous Symbol]                       0x00001970   Section        0  ti_msp_dl_config.o(.text.SYSCFG_DL_initPower)
    __arm_cp.1_0                             0x000019c4   Number         4  ti_msp_dl_config.o(.text.SYSCFG_DL_initPower)
    __arm_cp.1_1                             0x000019c8   Number         4  ti_msp_dl_config.o(.text.SYSCFG_DL_initPower)
    [Anonymous Symbol]                       0x000019cc   Section        0  bsp_motor_usart.o(.text.Send_Motor_ArrayU8)
    [Anonymous Symbol]                       0x000019fc   Section        0  bsp_motor_usart.o(.text.Send_Motor_U8)
    [Anonymous Symbol]                       0x00001a24   Section        0  empty.o(.text.TIMA0_IRQHandler)
    __arm_cp.5_0                             0x00001a40   Number         4  empty.o(.text.TIMA0_IRQHandler)
    [Anonymous Symbol]                       0x00001a44   Section        0  usart.o(.text.UART0_IRQHandler)
    __arm_cp.7_1                             0x00001a94   Number         4  usart.o(.text.UART0_IRQHandler)
    __arm_cp.7_2                             0x00001a98   Number         4  usart.o(.text.UART0_IRQHandler)
    __arm_cp.7_3                             0x00001a9c   Number         4  usart.o(.text.UART0_IRQHandler)
    [Anonymous Symbol]                       0x00001aa0   Section        0  bsp_motor_usart.o(.text.UART1_IRQHandler)
    __arm_cp.4_0                             0x00001ad0   Number         4  bsp_motor_usart.o(.text.UART1_IRQHandler)
    [Anonymous Symbol]                       0x00001ad4   Section        0  usart.o(.text.USART_Init)
    __NVIC_ClearPendingIRQ                   0x00001afd   Thumb Code    40  empty.o(.text.__NVIC_ClearPendingIRQ)
    [Anonymous Symbol]                       0x00001afc   Section        0  empty.o(.text.__NVIC_ClearPendingIRQ)
    __NVIC_ClearPendingIRQ                   0x00001b25   Thumb Code    40  usart.o(.text.__NVIC_ClearPendingIRQ)
    [Anonymous Symbol]                       0x00001b24   Section        0  usart.o(.text.__NVIC_ClearPendingIRQ)
    __arm_cp.1_0                             0x00001b4c   Number         4  usart.o(.text.__NVIC_ClearPendingIRQ)
    __NVIC_EnableIRQ                         0x00001b51   Thumb Code    40  empty.o(.text.__NVIC_EnableIRQ)
    [Anonymous Symbol]                       0x00001b50   Section        0  empty.o(.text.__NVIC_EnableIRQ)
    __NVIC_EnableIRQ                         0x00001b79   Thumb Code    40  usart.o(.text.__NVIC_EnableIRQ)
    [Anonymous Symbol]                       0x00001b78   Section        0  usart.o(.text.__NVIC_EnableIRQ)
    __arm_cp.2_0                             0x00001ba0   Number         4  usart.o(.text.__NVIC_EnableIRQ)
    [Anonymous Symbol]                       0x00001ba4   Section        0  delay.o(.text.delay_ms)
    [Anonymous Symbol]                       0x00001bbc   Section        0  delay.o(.text.delay_us)
    __arm_cp.0_0                             0x00001c28   Number         4  delay.o(.text.delay_us)
    __arm_cp.0_1                             0x00001c2c   Number         4  delay.o(.text.delay_us)
    [Anonymous Symbol]                       0x00001c30   Section        0  usart.o(.text.fputc)
    __arm_cp.6_0                             0x00001c58   Number         4  usart.o(.text.fputc)
    [Anonymous Symbol]                       0x00001c5c   Section        0  empty.o(.text.main)
    __arm_cp.2_0                             0x00001d74   Number         4  empty.o(.text.main)
    __arm_cp.2_1                             0x00001d78   Number         4  empty.o(.text.main)
    __arm_cp.2_2                             0x00001d7c   Number         4  empty.o(.text.main)
    __arm_cp.2_3                             0x00001d80   Number         4  empty.o(.text.main)
    __arm_cp.2_4                             0x00001d84   Number         4  empty.o(.text.main)
    __arm_cp.2_5                             0x00001d88   Number         4  empty.o(.text.main)
    [Anonymous Symbol]                       0x00001d8c   Section        0  app_motor_usart.o(.text.send_motor_deadzone)
    __arm_cp.1_1                             0x00001db8   Number         4  app_motor_usart.o(.text.send_motor_deadzone)
    [Anonymous Symbol]                       0x00001dbc   Section        0  app_motor_usart.o(.text.send_motor_type)
    __arm_cp.0_1                             0x00001de8   Number         4  app_motor_usart.o(.text.send_motor_type)
    [Anonymous Symbol]                       0x00001dec   Section        0  app_motor_usart.o(.text.send_pulse_line)
    __arm_cp.2_1                             0x00001e18   Number         4  app_motor_usart.o(.text.send_pulse_line)
    [Anonymous Symbol]                       0x00001e1c   Section        0  app_motor_usart.o(.text.send_pulse_phase)
    __arm_cp.3_1                             0x00001e48   Number         4  app_motor_usart.o(.text.send_pulse_phase)
    [Anonymous Symbol]                       0x00001e4c   Section        0  app_motor_usart.o(.text.send_upload_data)
    __arm_cp.6_1                             0x00001e90   Number         4  app_motor_usart.o(.text.send_upload_data)
    [Anonymous Symbol]                       0x00001e94   Section        0  app_motor_usart.o(.text.send_wheel_diameter)
    __arm_cp.4_0                             0x00001ec4   Number         4  app_motor_usart.o(.text.send_wheel_diameter)
    __arm_cp.4_1                             0x00001ec8   Number         4  app_motor_usart.o(.text.send_wheel_diameter)
    [Anonymous Symbol]                       0x00001ecc   Section        0  app_motor_usart.o(.text.splitString)
    i.__0printf                              0x00001f14   Section        0  printfa.o(i.__0printf)
    i.__0sprintf                             0x00001f34   Section        0  printfa.o(i.__0sprintf)
    i.__ARM_clz                              0x00001f5c   Section        0  depilogue.o(i.__ARM_clz)
    i.__aeabi_errno_addr                     0x00001f8c   Section        0  errno.o(i.__aeabi_errno_addr)
    i.__read_errno                           0x00001f94   Section        0  errno.o(i.__read_errno)
    i.__scatterload_copy                     0x00001fa0   Section       14  handlers.o(i.__scatterload_copy)
    i.__scatterload_null                     0x00001fb0   Section        2  handlers.o(i.__scatterload_null)
    i.__scatterload_zeroinit                 0x00001fb8   Section       14  handlers.o(i.__scatterload_zeroinit)
    i.__set_errno                            0x00001fc8   Section        0  errno.o(i.__set_errno)
    _fp_digits                               0x00001fd5   Thumb Code   344  printfa.o(i._fp_digits)
    i._fp_digits                             0x00001fd4   Section        0  printfa.o(i._fp_digits)
    i._is_digit                              0x00002148   Section        0  scanf_fp.o(i._is_digit)
    _printf_core                             0x00002159   Thumb Code  1754  printfa.o(i._printf_core)
    i._printf_core                           0x00002158   Section        0  printfa.o(i._printf_core)
    _printf_post_padding                     0x00002845   Thumb Code    32  printfa.o(i._printf_post_padding)
    i._printf_post_padding                   0x00002844   Section        0  printfa.o(i._printf_post_padding)
    _printf_pre_padding                      0x00002865   Thumb Code    44  printfa.o(i._printf_pre_padding)
    i._printf_pre_padding                    0x00002864   Section        0  printfa.o(i._printf_pre_padding)
    _sputc                                   0x00002891   Thumb Code    10  printfa.o(i._sputc)
    i._sputc                                 0x00002890   Section        0  printfa.o(i._sputc)
    i.atof                                   0x0000289a   Section        0  atof.o(i.atof)
    .constdata                               0x000028c6   Section      129  ctype_o.o(.constdata)
    table                                    0x00002948   Data           4  ctype_o.o(.constdata)
    .constdata                               0x00002948   Section        4  ctype_o.o(.constdata)
    gTIMER_0ClockConfig                      0x0000294c   Data           3  ti_msp_dl_config.o(.rodata.gTIMER_0ClockConfig)
    [Anonymous Symbol]                       0x0000294c   Section        0  ti_msp_dl_config.o(.rodata.gTIMER_0ClockConfig)
    gTIMER_0TimerConfig                      0x00002950   Data          20  ti_msp_dl_config.o(.rodata.gTIMER_0TimerConfig)
    [Anonymous Symbol]                       0x00002950   Section        0  ti_msp_dl_config.o(.rodata.gTIMER_0TimerConfig)
    gUART_0ClockConfig                       0x00002964   Data           2  ti_msp_dl_config.o(.rodata.gUART_0ClockConfig)
    [Anonymous Symbol]                       0x00002964   Section        0  ti_msp_dl_config.o(.rodata.gUART_0ClockConfig)
    gUART_0Config                            0x00002966   Data          10  ti_msp_dl_config.o(.rodata.gUART_0Config)
    [Anonymous Symbol]                       0x00002966   Section        0  ti_msp_dl_config.o(.rodata.gUART_0Config)
    gUART_1ClockConfig                       0x00002970   Data           2  ti_msp_dl_config.o(.rodata.gUART_1ClockConfig)
    [Anonymous Symbol]                       0x00002970   Section        0  ti_msp_dl_config.o(.rodata.gUART_1ClockConfig)
    gUART_1Config                            0x00002972   Data          10  ti_msp_dl_config.o(.rodata.gUART_1Config)
    [Anonymous Symbol]                       0x00002972   Section        0  ti_msp_dl_config.o(.rodata.gUART_1Config)
    [Anonymous Symbol]                       0x0000297c   Section        0  empty.o(.rodata.str1.1)
    [Anonymous Symbol]                       0x000029af   Section        0  app_motor_usart.o(.rodata.str1.1)
    state                                    0x20200000   Data           4  strtok.o(.data)
    .data                                    0x20200000   Section        4  strtok.o(.data)
    .data                                    0x20200004   Section        4  stdout.o(.data)
    _errno                                   0x20200008   Data           4  errno.o(.data)
    .data                                    0x20200008   Section        4  errno.o(.data)
    Car_Move.state                           0x20200010   Data           1  empty.o(.bss.Car_Move.state)
    [Anonymous Symbol]                       0x20200010   Section        0  empty.o(.bss.Car_Move.state)
    Deal_Control_Rxtemp.start_flag           0x20200011   Data           1  app_motor_usart.o(.bss.Deal_Control_Rxtemp.start_flag)
    [Anonymous Symbol]                       0x20200011   Section        0  app_motor_usart.o(.bss.Deal_Control_Rxtemp.start_flag)
    Deal_Control_Rxtemp.step                 0x20200012   Data           2  app_motor_usart.o(.bss.Deal_Control_Rxtemp.step)
    [Anonymous Symbol]                       0x20200012   Section        0  app_motor_usart.o(.bss.Deal_Control_Rxtemp.step)
    Deal_data_real.data                      0x20200014   Data         256  app_motor_usart.o(.bss.Deal_data_real.data)
    [Anonymous Symbol]                       0x20200014   Section        0  app_motor_usart.o(.bss.Deal_data_real.data)
    STACK                                    0x202004b8   Section     1024  startup_mspm0g350x_uvision.o(STACK)

    Global Symbols

    Symbol Name                              Value     Ov Type        Size  Object(Section)

    BuildAttributes$$THM_ISAv3M$S$PE$A:L22$X:L11$S22$IEEE1$IW$~IW$USESV6$~STKCKD$USESV7$~SHL$OTIME$ROPI$IEEEJ$EBA8$MICROLIB$REQ8$PRES8$EABIv2 0x00000000   Number         0  anon$$obj.o ABSOLUTE
    __Vectors                                0x00000000   Data           4  startup_mspm0g350x_uvision.o(RESET)
    __cpp_initialize__aeabi_                  - Undefined Weak Reference
    __cxa_finalize                            - Undefined Weak Reference
    __decompress                              - Undefined Weak Reference
    _clock_init                               - Undefined Weak Reference
    _microlib_exit                            - Undefined Weak Reference
    __Vectors_End                            0x000000c0   Data           0  startup_mspm0g350x_uvision.o(RESET)
    __Vectors_Size                           0x000000c0   Number         0  startup_mspm0g350x_uvision.o ABSOLUTE
    __main                                   0x000000c1   Thumb Code     0  entry.o(.ARM.Collect$$$$00000000)
    _main_stk                                0x000000c1   Thumb Code     0  entry2.o(.ARM.Collect$$$$00000001)
    _main_scatterload                        0x000000c5   Thumb Code     0  entry5.o(.ARM.Collect$$$$00000004)
    __main_after_scatterload                 0x000000c9   Thumb Code     0  entry5.o(.ARM.Collect$$$$00000004)
    _main_clock                              0x000000c9   Thumb Code     0  entry7b.o(.ARM.Collect$$$$00000008)
    _main_cpp_init                           0x000000c9   Thumb Code     0  entry8b.o(.ARM.Collect$$$$0000000A)
    _main_init                               0x000000c9   Thumb Code     0  entry9a.o(.ARM.Collect$$$$0000000B)
    __rt_final_cpp                           0x000000d1   Thumb Code     0  entry10a.o(.ARM.Collect$$$$0000000D)
    __rt_final_exit                          0x000000d1   Thumb Code     0  entry11a.o(.ARM.Collect$$$$0000000F)
    Reset_Handler                            0x000000d5   Thumb Code     4  startup_mspm0g350x_uvision.o(.text)
    NMI_Handler                              0x000000d9   Thumb Code     2  startup_mspm0g350x_uvision.o(.text)
    HardFault_Handler                        0x000000db   Thumb Code     2  startup_mspm0g350x_uvision.o(.text)
    SVC_Handler                              0x000000dd   Thumb Code     2  startup_mspm0g350x_uvision.o(.text)
    PendSV_Handler                           0x000000df   Thumb Code     2  startup_mspm0g350x_uvision.o(.text)
    SysTick_Handler                          0x000000e1   Thumb Code     2  startup_mspm0g350x_uvision.o(.text)
    ADC0_IRQHandler                          0x000000e3   Thumb Code     0  startup_mspm0g350x_uvision.o(.text)
    ADC1_IRQHandler                          0x000000e3   Thumb Code     0  startup_mspm0g350x_uvision.o(.text)
    AES_IRQHandler                           0x000000e3   Thumb Code     0  startup_mspm0g350x_uvision.o(.text)
    CANFD0_IRQHandler                        0x000000e3   Thumb Code     0  startup_mspm0g350x_uvision.o(.text)
    DAC0_IRQHandler                          0x000000e3   Thumb Code     0  startup_mspm0g350x_uvision.o(.text)
    DMA_IRQHandler                           0x000000e3   Thumb Code     0  startup_mspm0g350x_uvision.o(.text)
    Default_Handler                          0x000000e3   Thumb Code     2  startup_mspm0g350x_uvision.o(.text)
    GROUP0_IRQHandler                        0x000000e3   Thumb Code     0  startup_mspm0g350x_uvision.o(.text)
    GROUP1_IRQHandler                        0x000000e3   Thumb Code     0  startup_mspm0g350x_uvision.o(.text)
    I2C0_IRQHandler                          0x000000e3   Thumb Code     0  startup_mspm0g350x_uvision.o(.text)
    I2C1_IRQHandler                          0x000000e3   Thumb Code     0  startup_mspm0g350x_uvision.o(.text)
    RTC_IRQHandler                           0x000000e3   Thumb Code     0  startup_mspm0g350x_uvision.o(.text)
    SPI0_IRQHandler                          0x000000e3   Thumb Code     0  startup_mspm0g350x_uvision.o(.text)
    SPI1_IRQHandler                          0x000000e3   Thumb Code     0  startup_mspm0g350x_uvision.o(.text)
    TIMA1_IRQHandler                         0x000000e3   Thumb Code     0  startup_mspm0g350x_uvision.o(.text)
    TIMG0_IRQHandler                         0x000000e3   Thumb Code     0  startup_mspm0g350x_uvision.o(.text)
    TIMG12_IRQHandler                        0x000000e3   Thumb Code     0  startup_mspm0g350x_uvision.o(.text)
    TIMG6_IRQHandler                         0x000000e3   Thumb Code     0  startup_mspm0g350x_uvision.o(.text)
    TIMG7_IRQHandler                         0x000000e3   Thumb Code     0  startup_mspm0g350x_uvision.o(.text)
    TIMG8_IRQHandler                         0x000000e3   Thumb Code     0  startup_mspm0g350x_uvision.o(.text)
    UART2_IRQHandler                         0x000000e3   Thumb Code     0  startup_mspm0g350x_uvision.o(.text)
    UART3_IRQHandler                         0x000000e3   Thumb Code     0  startup_mspm0g350x_uvision.o(.text)
    __aeabi_memcpy                           0x000000e9   Thumb Code    36  memcpya.o(.text)
    __aeabi_memcpy4                          0x000000e9   Thumb Code     0  memcpya.o(.text)
    __aeabi_memcpy8                          0x000000e9   Thumb Code     0  memcpya.o(.text)
    __aeabi_memset                           0x0000010d   Thumb Code    14  memseta.o(.text)
    __aeabi_memset4                          0x0000010d   Thumb Code     0  memseta.o(.text)
    __aeabi_memset8                          0x0000010d   Thumb Code     0  memseta.o(.text)
    __aeabi_memclr                           0x0000011b   Thumb Code     4  memseta.o(.text)
    __aeabi_memclr4                          0x0000011b   Thumb Code     0  memseta.o(.text)
    __aeabi_memclr8                          0x0000011b   Thumb Code     0  memseta.o(.text)
    _memset$wrapper                          0x0000011f   Thumb Code    18  memseta.o(.text)
    strlen                                   0x00000131   Thumb Code    14  strlen.o(.text)
    strcpy                                   0x0000013f   Thumb Code    18  strcpy.o(.text)
    strncmp                                  0x00000151   Thumb Code    30  strncmp.o(.text)
    strtok                                   0x00000171   Thumb Code    68  strtok.o(.text)
    atoi                                     0x000001b9   Thumb Code    26  atoi.o(.text)
    __aeabi_f2d                              0x000001d3   Thumb Code    40  f2d.o(.text)
    __aeabi_d2f                              0x000001fb   Thumb Code    56  d2f.o(.text)
    __aeabi_uidiv                            0x00000233   Thumb Code     0  uidiv_div0.o(.text)
    __aeabi_uidivmod                         0x00000233   Thumb Code    62  uidiv_div0.o(.text)
    __aeabi_uldivmod                         0x00000271   Thumb Code    96  uldiv.o(.text)
    __strtod_int                             0x00000311   Thumb Code    98  strtod.o(.text)
    strtol                                   0x00000385   Thumb Code   108  strtol.o(.text)
    __I$use$fp                               0x000003f5   Thumb Code     0  iusefp.o(.text)
    _float_round                             0x000003f5   Thumb Code    16  fepilogue.o(.text)
    _float_epilogue                          0x00000405   Thumb Code   114  fepilogue.o(.text)
    __aeabi_dadd                             0x00000479   Thumb Code   328  dadd.o(.text)
    __aeabi_dsub                             0x000005c1   Thumb Code    12  dadd.o(.text)
    __aeabi_drsub                            0x000005cd   Thumb Code    12  dadd.o(.text)
    __aeabi_dmul                             0x000005dd   Thumb Code   202  dmul.o(.text)
    __aeabi_ddiv                             0x000006ad   Thumb Code   234  ddiv.o(.text)
    __aeabi_d2ulz                            0x0000079d   Thumb Code    54  dfixul.o(.text)
    __aeabi_cdrcmple                         0x000007dd   Thumb Code    38  cdrcmple.o(.text)
    __scatterload                            0x00000809   Thumb Code    28  init.o(.text)
    __scatterload_rt2                        0x00000809   Thumb Code     0  init.o(.text)
    __aeabi_llsl                             0x0000082d   Thumb Code    32  llshl.o(.text)
    _ll_shift_l                              0x0000082d   Thumb Code     0  llshl.o(.text)
    __aeabi_llsr                             0x0000084d   Thumb Code    34  llushr.o(.text)
    _ll_ushift_r                             0x0000084d   Thumb Code     0  llushr.o(.text)
    __aeabi_lasr                             0x0000086f   Thumb Code    38  llsshr.o(.text)
    _ll_sshift_r                             0x0000086f   Thumb Code     0  llsshr.o(.text)
    __rt_ctype_table                         0x00000895   Thumb Code     4  ctype_o.o(.text)
    isspace                                  0x0000089d   Thumb Code    18  isspace_o.o(.text)
    _scanf_real                              0x000009cf   Thumb Code     0  scanf_fp.o(.text)
    _scanf_really_real                       0x000009cf   Thumb Code   584  scanf_fp.o(.text)
    _sgetc                                   0x00000c25   Thumb Code    32  _sgetc.o(.text)
    _sbackspace                              0x00000c45   Thumb Code    36  _sgetc.o(.text)
    _strtoul                                 0x00000c69   Thumb Code   166  _strtoul.o(.text)
    _double_round                            0x00000d0f   Thumb Code    26  depilogue.o(.text)
    _double_epilogue                         0x00000d29   Thumb Code   164  depilogue.o(.text)
    __aeabi_lmul                             0x00000dcd   Thumb Code    48  llmul.o(.text)
    _ll_mul                                  0x00000dcd   Thumb Code     0  llmul.o(.text)
    _chval                                   0x00000dfd   Thumb Code    30  _chval.o(.text)
    __aeabi_ul2d                             0x00000e1d   Thumb Code    22  dfltul.o(.text)
    Car_Move                                 0x00000e39   Thumb Code   148  empty.o(.text.Car_Move)
    Contrl_Pwm                               0x00000ed9   Thumb Code    80  app_motor_usart.o(.text.Contrl_Pwm)
    Contrl_Speed                             0x00000f2d   Thumb Code    80  app_motor_usart.o(.text.Contrl_Speed)
    DL_Common_delayCycles                    0x00000f85   Thumb Code    20  dl_common.o(.text.DL_Common_delayCycles)
    DL_Timer_initTimerMode                   0x00001159   Thumb Code   252  dl_timer.o(.text.DL_Timer_initTimerMode)
    DL_Timer_setCaptureCompareCtl            0x0000126d   Thumb Code    52  dl_timer.o(.text.DL_Timer_setCaptureCompareCtl)
    DL_Timer_setCaptureCompareValue          0x000012a9   Thumb Code    40  dl_timer.o(.text.DL_Timer_setCaptureCompareValue)
    DL_Timer_setClockConfig                  0x000012d5   Thumb Code    44  dl_timer.o(.text.DL_Timer_setClockConfig)
    DL_UART_init                             0x000013c1   Thumb Code    68  dl_uart.o(.text.DL_UART_init)
    DL_UART_setClockConfig                   0x000014bd   Thumb Code    32  dl_uart.o(.text.DL_UART_setClockConfig)
    Deal_Control_Rxtemp                      0x0000152d   Thumb Code   156  app_motor_usart.o(.text.Deal_Control_Rxtemp)
    Deal_data_real                           0x000015d9   Thumb Code   564  app_motor_usart.o(.text.Deal_data_real)
    SYSCFG_DL_GPIO_init                      0x00001831   Thumb Code    42  ti_msp_dl_config.o(.text.SYSCFG_DL_GPIO_init)
    SYSCFG_DL_SYSCTL_init                    0x0000185b   Thumb Code    34  ti_msp_dl_config.o(.text.SYSCFG_DL_SYSCTL_init)
    SYSCFG_DL_SYSTICK_init                   0x0000187d   Thumb Code    14  ti_msp_dl_config.o(.text.SYSCFG_DL_SYSTICK_init)
    SYSCFG_DL_TIMER_0_init                   0x0000188d   Thumb Code    40  ti_msp_dl_config.o(.text.SYSCFG_DL_TIMER_0_init)
    SYSCFG_DL_UART_0_init                    0x000018bd   Thumb Code    60  ti_msp_dl_config.o(.text.SYSCFG_DL_UART_0_init)
    SYSCFG_DL_UART_1_init                    0x00001901   Thumb Code    60  ti_msp_dl_config.o(.text.SYSCFG_DL_UART_1_init)
    SYSCFG_DL_init                           0x00001945   Thumb Code    40  ti_msp_dl_config.o(.text.SYSCFG_DL_init)
    SYSCFG_DL_initPower                      0x00001971   Thumb Code    84  ti_msp_dl_config.o(.text.SYSCFG_DL_initPower)
    Send_Motor_ArrayU8                       0x000019cd   Thumb Code    46  bsp_motor_usart.o(.text.Send_Motor_ArrayU8)
    Send_Motor_U8                            0x000019fd   Thumb Code    40  bsp_motor_usart.o(.text.Send_Motor_U8)
    TIMA0_IRQHandler                         0x00001a25   Thumb Code    28  empty.o(.text.TIMA0_IRQHandler)
    UART0_IRQHandler                         0x00001a45   Thumb Code    80  usart.o(.text.UART0_IRQHandler)
    UART1_IRQHandler                         0x00001aa1   Thumb Code    48  bsp_motor_usart.o(.text.UART1_IRQHandler)
    USART_Init                               0x00001ad5   Thumb Code    40  usart.o(.text.USART_Init)
    delay_ms                                 0x00001ba5   Thumb Code    22  delay.o(.text.delay_ms)
    delay_us                                 0x00001bbd   Thumb Code   108  delay.o(.text.delay_us)
    fputc                                    0x00001c31   Thumb Code    40  usart.o(.text.fputc)
    main                                     0x00001c5d   Thumb Code   280  empty.o(.text.main)
    send_motor_deadzone                      0x00001d8d   Thumb Code    44  app_motor_usart.o(.text.send_motor_deadzone)
    send_motor_type                          0x00001dbd   Thumb Code    44  app_motor_usart.o(.text.send_motor_type)
    send_pulse_line                          0x00001ded   Thumb Code    44  app_motor_usart.o(.text.send_pulse_line)
    send_pulse_phase                         0x00001e1d   Thumb Code    44  app_motor_usart.o(.text.send_pulse_phase)
    send_upload_data                         0x00001e4d   Thumb Code    68  app_motor_usart.o(.text.send_upload_data)
    send_wheel_diameter                      0x00001e95   Thumb Code    48  app_motor_usart.o(.text.send_wheel_diameter)
    splitString                              0x00001ecd   Thumb Code    72  app_motor_usart.o(.text.splitString)
    __0printf                                0x00001f15   Thumb Code    24  printfa.o(i.__0printf)
    __1printf                                0x00001f15   Thumb Code     0  printfa.o(i.__0printf)
    __2printf                                0x00001f15   Thumb Code     0  printfa.o(i.__0printf)
    __c89printf                              0x00001f15   Thumb Code     0  printfa.o(i.__0printf)
    printf                                   0x00001f15   Thumb Code     0  printfa.o(i.__0printf)
    __0sprintf                               0x00001f35   Thumb Code    36  printfa.o(i.__0sprintf)
    __1sprintf                               0x00001f35   Thumb Code     0  printfa.o(i.__0sprintf)
    __2sprintf                               0x00001f35   Thumb Code     0  printfa.o(i.__0sprintf)
    __c89sprintf                             0x00001f35   Thumb Code     0  printfa.o(i.__0sprintf)
    sprintf                                  0x00001f35   Thumb Code     0  printfa.o(i.__0sprintf)
    __ARM_clz                                0x00001f5d   Thumb Code    46  depilogue.o(i.__ARM_clz)
    __aeabi_errno_addr                       0x00001f8d   Thumb Code     4  errno.o(i.__aeabi_errno_addr)
    __rt_errno_addr                          0x00001f8d   Thumb Code     0  errno.o(i.__aeabi_errno_addr)
    __read_errno                             0x00001f95   Thumb Code     6  errno.o(i.__read_errno)
    __scatterload_copy                       0x00001fa1   Thumb Code    14  handlers.o(i.__scatterload_copy)
    __scatterload_null                       0x00001fb1   Thumb Code     2  handlers.o(i.__scatterload_null)
    __scatterload_zeroinit                   0x00001fb9   Thumb Code    14  handlers.o(i.__scatterload_zeroinit)
    __set_errno                              0x00001fc9   Thumb Code     6  errno.o(i.__set_errno)
    _is_digit                                0x00002149   Thumb Code    14  scanf_fp.o(i._is_digit)
    atof                                     0x0000289b   Thumb Code    44  atof.o(i.atof)
    __ctype_table                            0x000028c6   Data         129  ctype_o.o(.constdata)
    Region$$Table$$Base                      0x00002a38   Number         0  anon$$obj.o(Region$$Table)
    Region$$Table$$Limit                     0x00002a58   Number         0  anon$$obj.o(Region$$Table)
    __stdout                                 0x20200004   Data           4  stdout.o(.data)
    Encoder_Now                              0x20200114   Data          16  app_motor_usart.o(.bss.Encoder_Now)
    Encoder_Offset                           0x20200124   Data          16  app_motor_usart.o(.bss.Encoder_Offset)
    gTIMER_0Backup                           0x20200134   Data         188  ti_msp_dl_config.o(.bss.gTIMER_0Backup)
    g_Speed                                  0x202001f0   Data          16  app_motor_usart.o(.bss.g_Speed)
    g_recv_buff                              0x20200200   Data         256  app_motor_usart.o(.bss.g_recv_buff)
    g_recv_buff_deal                         0x20200300   Data         256  app_motor_usart.o(.bss.g_recv_buff_deal)
    g_recv_flag                              0x20200400   Data           1  app_motor_usart.o(.bss.g_recv_flag)
    recv0_buff                               0x20200401   Data         128  usart.o(.bss.recv0_buff)
    recv0_flag                               0x20200481   Data           1  usart.o(.bss.recv0_flag)
    recv0_length                             0x20200482   Data           2  usart.o(.bss.recv0_length)
    send_buff                                0x20200484   Data          50  app_motor_usart.o(.bss.send_buff)
    times                                    0x202004b6   Data           1  empty.o(.bss.times)
    __initial_sp                             0x202008b8   Data           0  startup_mspm0g350x_uvision.o(STACK)



==============================================================================

Memory Map of the image

  Image Entry point : 0x000000c1

  Load Region LR_IROM1 (Base: 0x00000000, Size: 0x00002a68, Max: 0x00020000, ABSOLUTE)

    Execution Region ER_IROM1 (Exec base: 0x00000000, Load base: 0x00000000, Size: 0x00002a58, Max: 0x00020000, ABSOLUTE)

    Exec Addr    Load Addr    Size         Type   Attr      Idx    E Section Name        Object

    0x00000000   0x00000000   0x000000c0   Data   RO           29    RESET               startup_mspm0g350x_uvision.o
    0x000000c0   0x000000c0   0x00000000   Code   RO         1337  * .ARM.Collect$$$$00000000  mc_p.l(entry.o)
    0x000000c0   0x000000c0   0x00000004   Code   RO         1396    .ARM.Collect$$$$00000001  mc_p.l(entry2.o)
    0x000000c4   0x000000c4   0x00000004   Code   RO         1399    .ARM.Collect$$$$00000004  mc_p.l(entry5.o)
    0x000000c8   0x000000c8   0x00000000   Code   RO         1401    .ARM.Collect$$$$00000008  mc_p.l(entry7b.o)
    0x000000c8   0x000000c8   0x00000000   Code   RO         1403    .ARM.Collect$$$$0000000A  mc_p.l(entry8b.o)
    0x000000c8   0x000000c8   0x00000008   Code   RO         1404    .ARM.Collect$$$$0000000B  mc_p.l(entry9a.o)
    0x000000d0   0x000000d0   0x00000000   Code   RO         1406    .ARM.Collect$$$$0000000D  mc_p.l(entry10a.o)
    0x000000d0   0x000000d0   0x00000000   Code   RO         1408    .ARM.Collect$$$$0000000F  mc_p.l(entry11a.o)
    0x000000d0   0x000000d0   0x00000004   Code   RO         1397    .ARM.Collect$$$$00002712  mc_p.l(entry2.o)
    0x000000d4   0x000000d4   0x00000014   Code   RO           30    .text               startup_mspm0g350x_uvision.o
    0x000000e8   0x000000e8   0x00000024   Code   RO         1344    .text               mc_p.l(memcpya.o)
    0x0000010c   0x0000010c   0x00000024   Code   RO         1346    .text               mc_p.l(memseta.o)
    0x00000130   0x00000130   0x0000000e   Code   RO         1348    .text               mc_p.l(strlen.o)
    0x0000013e   0x0000013e   0x00000012   Code   RO         1350    .text               mc_p.l(strcpy.o)
    0x00000150   0x00000150   0x0000001e   Code   RO         1352    .text               mc_p.l(strncmp.o)
    0x0000016e   0x0000016e   0x00000002   PAD
    0x00000170   0x00000170   0x00000048   Code   RO         1354    .text               mc_p.l(strtok.o)
    0x000001b8   0x000001b8   0x0000001a   Code   RO         1390    .text               mc_p.l(atoi.o)
    0x000001d2   0x000001d2   0x00000028   Code   RO         1392    .text               mf_p.l(f2d.o)
    0x000001fa   0x000001fa   0x00000038   Code   RO         1394    .text               mf_p.l(d2f.o)
    0x00000232   0x00000232   0x0000003e   Code   RO         1413    .text               mc_p.l(uidiv_div0.o)
    0x00000270   0x00000270   0x00000060   Code   RO         1419    .text               mc_p.l(uldiv.o)
    0x000002d0   0x000002d0   0x000000b4   Code   RO         1428    .text               mc_p.l(strtod.o)
    0x00000384   0x00000384   0x00000070   Code   RO         1430    .text               mc_p.l(strtol.o)
    0x000003f4   0x000003f4   0x00000000   Code   RO         1432    .text               mc_p.l(iusefp.o)
    0x000003f4   0x000003f4   0x00000082   Code   RO         1433    .text               mf_p.l(fepilogue.o)
    0x00000476   0x00000476   0x00000002   PAD
    0x00000478   0x00000478   0x00000164   Code   RO         1435    .text               mf_p.l(dadd.o)
    0x000005dc   0x000005dc   0x000000d0   Code   RO         1437    .text               mf_p.l(dmul.o)
    0x000006ac   0x000006ac   0x000000f0   Code   RO         1439    .text               mf_p.l(ddiv.o)
    0x0000079c   0x0000079c   0x00000040   Code   RO         1441    .text               mf_p.l(dfixul.o)
    0x000007dc   0x000007dc   0x00000028   Code   RO         1443    .text               mf_p.l(cdrcmple.o)
    0x00000804   0x00000804   0x00000004   PAD
    0x00000808   0x00000808   0x00000024   Code   RO         1445    .text               mc_p.l(init.o)
    0x0000082c   0x0000082c   0x00000020   Code   RO         1447    .text               mc_p.l(llshl.o)
    0x0000084c   0x0000084c   0x00000022   Code   RO         1449    .text               mc_p.l(llushr.o)
    0x0000086e   0x0000086e   0x00000026   Code   RO         1451    .text               mc_p.l(llsshr.o)
    0x00000894   0x00000894   0x00000008   Code   RO         1455    .text               mc_p.l(ctype_o.o)
    0x0000089c   0x0000089c   0x00000012   Code   RO         1477    .text               mc_p.l(isspace_o.o)
    0x000008ae   0x000008ae   0x00000002   PAD
    0x000008b0   0x000008b0   0x00000374   Code   RO         1483    .text               mc_p.l(scanf_fp.o)
    0x00000c24   0x00000c24   0x00000044   Code   RO         1487    .text               mc_p.l(_sgetc.o)
    0x00000c68   0x00000c68   0x000000a6   Code   RO         1489    .text               mc_p.l(_strtoul.o)
    0x00000d0e   0x00000d0e   0x000000be   Code   RO         1491    .text               mf_p.l(depilogue.o)
    0x00000dcc   0x00000dcc   0x00000030   Code   RO         1495    .text               mc_p.l(llmul.o)
    0x00000dfc   0x00000dfc   0x0000001e   Code   RO         1500    .text               mc_p.l(_chval.o)
    0x00000e1a   0x00000e1a   0x00000002   PAD
    0x00000e1c   0x00000e1c   0x0000001c   Code   RO         1502    .text               mf_p.l(dfltul.o)
    0x00000e38   0x00000e38   0x000000a0   Code   RO            2    .text.Car_Move      empty.o
    0x00000ed8   0x00000ed8   0x00000054   Code   RO         1287    .text.Contrl_Pwm    app_motor_usart.o
    0x00000f2c   0x00000f2c   0x00000058   Code   RO         1285    .text.Contrl_Speed  app_motor_usart.o
    0x00000f84   0x00000f84   0x00000014   Code   RO          168    .text.DL_Common_delayCycles  dl_common.o
    0x00000f98   0x00000f98   0x00000028   Code   RO           99    .text.DL_Common_updateReg  ti_msp_dl_config.o
    0x00000fc0   0x00000fc0   0x00000028   Code   RO         1057    .text.DL_Common_updateReg  dl_timer.o
    0x00000fe8   0x00000fe8   0x00000028   Code   RO         1163    .text.DL_Common_updateReg  dl_uart.o
    0x00001010   0x00001010   0x00000014   Code   RO           63    .text.DL_GPIO_enablePower  ti_msp_dl_config.o
    0x00001024   0x00001024   0x0000001c   Code   RO           71    .text.DL_GPIO_initPeripheralInputFunction  ti_msp_dl_config.o
    0x00001040   0x00001040   0x0000001c   Code   RO           69    .text.DL_GPIO_initPeripheralOutputFunction  ti_msp_dl_config.o
    0x0000105c   0x0000105c   0x00000010   Code   RO           57    .text.DL_GPIO_reset  ti_msp_dl_config.o
    0x0000106c   0x0000106c   0x0000000c   Code   RO           77    .text.DL_SYSCTL_disableHFXT  ti_msp_dl_config.o
    0x00001078   0x00001078   0x00000014   Code   RO           79    .text.DL_SYSCTL_disableSYSPLL  ti_msp_dl_config.o
    0x0000108c   0x0000108c   0x00000014   Code   RO           81    .text.DL_SYSCTL_enableMFCLK  ti_msp_dl_config.o
    0x000010a0   0x000010a0   0x00000018   Code   RO           73    .text.DL_SYSCTL_setBORThreshold  ti_msp_dl_config.o
    0x000010b8   0x000010b8   0x0000001c   Code   RO           75    .text.DL_SYSCTL_setSYSOSCFreq  ti_msp_dl_config.o
    0x000010d4   0x000010d4   0x0000000c   Code   RO           97    .text.DL_SYSTICK_enable  ti_msp_dl_config.o
    0x000010e0   0x000010e0   0x00000028   Code   RO           95    .text.DL_SYSTICK_init  ti_msp_dl_config.o
    0x00001108   0x00001108   0x00000010   Code   RO           85    .text.DL_Timer_enableClock  ti_msp_dl_config.o
    0x00001118   0x00001118   0x00000018   Code   RO           83    .text.DL_Timer_enableInterrupt  ti_msp_dl_config.o
    0x00001130   0x00001130   0x00000014   Code   RO           65    .text.DL_Timer_enablePower  ti_msp_dl_config.o
    0x00001144   0x00001144   0x00000012   Code   RO           14    .text.DL_Timer_getPendingInterrupt  empty.o
    0x00001156   0x00001156   0x00000002   PAD
    0x00001158   0x00001158   0x000000fc   Code   RO         1039    .text.DL_Timer_initTimerMode  dl_timer.o
    0x00001254   0x00001254   0x00000018   Code   RO           59    .text.DL_Timer_reset  ti_msp_dl_config.o
    0x0000126c   0x0000126c   0x0000003c   Code   RO         1047    .text.DL_Timer_setCaptureCompareCtl  dl_timer.o
    0x000012a8   0x000012a8   0x0000002c   Code   RO         1045    .text.DL_Timer_setCaptureCompareValue  dl_timer.o
    0x000012d4   0x000012d4   0x00000030   Code   RO         1035    .text.DL_Timer_setClockConfig  dl_timer.o
    0x00001304   0x00001304   0x00000020   Code   RO         1043    .text.DL_Timer_setCounterValueAfterEnable  dl_timer.o
    0x00001324   0x00001324   0x00000018   Code   RO         1041    .text.DL_Timer_setLoadValue  dl_timer.o
    0x0000133c   0x0000133c   0x00000016   Code   RO         1161    .text.DL_UART_disable  dl_uart.o
    0x00001352   0x00001352   0x00000016   Code   RO           93    .text.DL_UART_enable  ti_msp_dl_config.o
    0x00001368   0x00001368   0x0000001c   Code   RO           91    .text.DL_UART_enableInterrupt  ti_msp_dl_config.o
    0x00001384   0x00001384   0x00000018   Code   RO           67    .text.DL_UART_enablePower  ti_msp_dl_config.o
    0x0000139c   0x0000139c   0x00000012   Code   RO         1257    .text.DL_UART_getPendingInterrupt  usart.o
    0x000013ae   0x000013ae   0x00000012   Code   RO         1323    .text.DL_UART_getPendingInterrupt  bsp_motor_usart.o
    0x000013c0   0x000013c0   0x00000048   Code   RO         1159    .text.DL_UART_init  dl_uart.o
    0x00001408   0x00001408   0x00000014   Code   RO         1249    .text.DL_UART_isBusy  usart.o
    0x0000141c   0x0000141c   0x00000018   Code   RO         1315    .text.DL_UART_isBusy  bsp_motor_usart.o
    0x00001434   0x00001434   0x00000010   Code   RO         1259    .text.DL_UART_receiveData  usart.o
    0x00001444   0x00001444   0x00000014   Code   RO         1325    .text.DL_UART_receiveData  bsp_motor_usart.o
    0x00001458   0x00001458   0x00000018   Code   RO           61    .text.DL_UART_reset  ti_msp_dl_config.o
    0x00001470   0x00001470   0x0000004c   Code   RO           89    .text.DL_UART_setBaudRateDivisor  ti_msp_dl_config.o
    0x000014bc   0x000014bc   0x00000024   Code   RO         1165    .text.DL_UART_setClockConfig  dl_uart.o
    0x000014e0   0x000014e0   0x0000001e   Code   RO           87    .text.DL_UART_setOversampling  ti_msp_dl_config.o
    0x000014fe   0x000014fe   0x00000016   Code   RO         1251    .text.DL_UART_transmitData  usart.o
    0x00001514   0x00001514   0x00000016   Code   RO         1317    .text.DL_UART_transmitData  bsp_motor_usart.o
    0x0000152a   0x0000152a   0x00000002   PAD
    0x0000152c   0x0000152c   0x000000ac   Code   RO         1291    .text.Deal_Control_Rxtemp  app_motor_usart.o
    0x000015d8   0x000015d8   0x00000258   Code   RO         1293    .text.Deal_data_real  app_motor_usart.o
    0x00001830   0x00001830   0x0000002a   Code   RO           41    .text.SYSCFG_DL_GPIO_init  ti_msp_dl_config.o
    0x0000185a   0x0000185a   0x00000022   Code   RO           43    .text.SYSCFG_DL_SYSCTL_init  ti_msp_dl_config.o
    0x0000187c   0x0000187c   0x0000000e   Code   RO           51    .text.SYSCFG_DL_SYSTICK_init  ti_msp_dl_config.o
    0x0000188a   0x0000188a   0x00000002   PAD
    0x0000188c   0x0000188c   0x00000030   Code   RO           45    .text.SYSCFG_DL_TIMER_0_init  ti_msp_dl_config.o
    0x000018bc   0x000018bc   0x00000044   Code   RO           47    .text.SYSCFG_DL_UART_0_init  ti_msp_dl_config.o
    0x00001900   0x00001900   0x00000044   Code   RO           49    .text.SYSCFG_DL_UART_1_init  ti_msp_dl_config.o
    0x00001944   0x00001944   0x0000002c   Code   RO           37    .text.SYSCFG_DL_init  ti_msp_dl_config.o
    0x00001970   0x00001970   0x0000005c   Code   RO           39    .text.SYSCFG_DL_initPower  ti_msp_dl_config.o
    0x000019cc   0x000019cc   0x0000002e   Code   RO         1319    .text.Send_Motor_ArrayU8  bsp_motor_usart.o
    0x000019fa   0x000019fa   0x00000002   PAD
    0x000019fc   0x000019fc   0x00000028   Code   RO         1313    .text.Send_Motor_U8  bsp_motor_usart.o
    0x00001a24   0x00001a24   0x00000020   Code   RO           12    .text.TIMA0_IRQHandler  empty.o
    0x00001a44   0x00001a44   0x0000005c   Code   RO         1255    .text.UART0_IRQHandler  usart.o
    0x00001aa0   0x00001aa0   0x00000034   Code   RO         1321    .text.UART1_IRQHandler  bsp_motor_usart.o
    0x00001ad4   0x00001ad4   0x00000028   Code   RO         1241    .text.USART_Init    usart.o
    0x00001afc   0x00001afc   0x00000028   Code   RO            8    .text.__NVIC_ClearPendingIRQ  empty.o
    0x00001b24   0x00001b24   0x0000002c   Code   RO         1243    .text.__NVIC_ClearPendingIRQ  usart.o
    0x00001b50   0x00001b50   0x00000028   Code   RO           10    .text.__NVIC_EnableIRQ  empty.o
    0x00001b78   0x00001b78   0x0000002c   Code   RO         1245    .text.__NVIC_EnableIRQ  usart.o
    0x00001ba4   0x00001ba4   0x00000016   Code   RO         1231    .text.delay_ms      delay.o
    0x00001bba   0x00001bba   0x00000002   PAD
    0x00001bbc   0x00001bbc   0x00000074   Code   RO         1229    .text.delay_us      delay.o
    0x00001c30   0x00001c30   0x0000002c   Code   RO         1253    .text.fputc         usart.o
    0x00001c5c   0x00001c5c   0x00000130   Code   RO            6    .text.main          empty.o
    0x00001d8c   0x00001d8c   0x00000030   Code   RO         1273    .text.send_motor_deadzone  app_motor_usart.o
    0x00001dbc   0x00001dbc   0x00000030   Code   RO         1271    .text.send_motor_type  app_motor_usart.o
    0x00001dec   0x00001dec   0x00000030   Code   RO         1275    .text.send_pulse_line  app_motor_usart.o
    0x00001e1c   0x00001e1c   0x00000030   Code   RO         1277    .text.send_pulse_phase  app_motor_usart.o
    0x00001e4c   0x00001e4c   0x00000048   Code   RO         1283    .text.send_upload_data  app_motor_usart.o
    0x00001e94   0x00001e94   0x00000038   Code   RO         1279    .text.send_wheel_diameter  app_motor_usart.o
    0x00001ecc   0x00001ecc   0x00000048   Code   RO         1289    .text.splitString   app_motor_usart.o
    0x00001f14   0x00001f14   0x00000020   Code   RO         1363    i.__0printf         mc_p.l(printfa.o)
    0x00001f34   0x00001f34   0x00000028   Code   RO         1365    i.__0sprintf        mc_p.l(printfa.o)
    0x00001f5c   0x00001f5c   0x0000002e   Code   RO         1493    i.__ARM_clz         mf_p.l(depilogue.o)
    0x00001f8a   0x00001f8a   0x00000002   PAD
    0x00001f8c   0x00001f8c   0x00000008   Code   RO         1421    i.__aeabi_errno_addr  mc_p.l(errno.o)
    0x00001f94   0x00001f94   0x0000000c   Code   RO         1422    i.__read_errno      mc_p.l(errno.o)
    0x00001fa0   0x00001fa0   0x0000000e   Code   RO         1506    i.__scatterload_copy  mc_p.l(handlers.o)
    0x00001fae   0x00001fae   0x00000002   PAD
    0x00001fb0   0x00001fb0   0x00000002   Code   RO         1507    i.__scatterload_null  mc_p.l(handlers.o)
    0x00001fb2   0x00001fb2   0x00000006   PAD
    0x00001fb8   0x00001fb8   0x0000000e   Code   RO         1508    i.__scatterload_zeroinit  mc_p.l(handlers.o)
    0x00001fc6   0x00001fc6   0x00000002   PAD
    0x00001fc8   0x00001fc8   0x0000000c   Code   RO         1423    i.__set_errno       mc_p.l(errno.o)
    0x00001fd4   0x00001fd4   0x00000174   Code   RO         1370    i._fp_digits        mc_p.l(printfa.o)
    0x00002148   0x00002148   0x0000000e   Code   RO         1485    i._is_digit         mc_p.l(scanf_fp.o)
    0x00002156   0x00002156   0x00000002   PAD
    0x00002158   0x00002158   0x000006ec   Code   RO         1371    i._printf_core      mc_p.l(printfa.o)
    0x00002844   0x00002844   0x00000020   Code   RO         1372    i._printf_post_padding  mc_p.l(printfa.o)
    0x00002864   0x00002864   0x0000002c   Code   RO         1373    i._printf_pre_padding  mc_p.l(printfa.o)
    0x00002890   0x00002890   0x0000000a   Code   RO         1375    i._sputc            mc_p.l(printfa.o)
    0x0000289a   0x0000289a   0x0000002c   Code   RO         1334    i.atof              m_ps.l(atof.o)
    0x000028c6   0x000028c6   0x00000081   Data   RO         1456    .constdata          mc_p.l(ctype_o.o)
    0x00002947   0x00002947   0x00000001   PAD
    0x00002948   0x00002948   0x00000004   Data   RO         1457    .constdata          mc_p.l(ctype_o.o)
    0x0000294c   0x0000294c   0x00000003   Data   RO          102    .rodata.gTIMER_0ClockConfig  ti_msp_dl_config.o
    0x0000294f   0x0000294f   0x00000001   PAD
    0x00002950   0x00002950   0x00000014   Data   RO          103    .rodata.gTIMER_0TimerConfig  ti_msp_dl_config.o
    0x00002964   0x00002964   0x00000002   Data   RO          104    .rodata.gUART_0ClockConfig  ti_msp_dl_config.o
    0x00002966   0x00002966   0x0000000a   Data   RO          105    .rodata.gUART_0Config  ti_msp_dl_config.o
    0x00002970   0x00002970   0x00000002   Data   RO          106    .rodata.gUART_1ClockConfig  ti_msp_dl_config.o
    0x00002972   0x00002972   0x0000000a   Data   RO          107    .rodata.gUART_1Config  ti_msp_dl_config.o
    0x0000297c   0x0000297c   0x00000033   Data   RO           19    .rodata.str1.1      empty.o
    0x000029af   0x000029af   0x00000089   Data   RO         1296    .rodata.str1.1      app_motor_usart.o
    0x00002a38   0x00002a38   0x00000020   Data   RO         1505    Region$$Table       anon$$obj.o


    Execution Region RW_IRAM2 (Exec base: 0x20200000, Load base: 0x00002a58, Size: 0x000008b8, Max: 0x00008000, ABSOLUTE)

    Exec Addr    Load Addr    Size         Type   Attr      Idx    E Section Name        Object

    0x20200000   0x00002a58   0x00000004   Data   RW         1355    .data               mc_p.l(strtok.o)
    0x20200004   0x00002a5c   0x00000004   Data   RW         1410    .data               mc_p.l(stdout.o)
    0x20200008   0x00002a60   0x00000004   Data   RW         1424    .data               mc_p.l(errno.o)
    0x2020000c   0x00002a64   0x00000004   PAD
    0x20200010        -       0x00000001   Zero   RW           17    .bss.Car_Move.state  empty.o
    0x20200011        -       0x00000001   Zero   RW         1298    .bss.Deal_Control_Rxtemp.start_flag  app_motor_usart.o
    0x20200012        -       0x00000002   Zero   RW         1297    .bss.Deal_Control_Rxtemp.step  app_motor_usart.o
    0x20200014        -       0x00000100   Zero   RW         1302    .bss.Deal_data_real.data  app_motor_usart.o
    0x20200114        -       0x00000010   Zero   RW         1303    .bss.Encoder_Now    app_motor_usart.o
    0x20200124        -       0x00000010   Zero   RW         1304    .bss.Encoder_Offset  app_motor_usart.o
    0x20200134        -       0x000000bc   Zero   RW          101    .bss.gTIMER_0Backup  ti_msp_dl_config.o
    0x202001f0        -       0x00000010   Zero   RW         1305    .bss.g_Speed        app_motor_usart.o
    0x20200200        -       0x00000100   Zero   RW         1299    .bss.g_recv_buff    app_motor_usart.o
    0x20200300        -       0x00000100   Zero   RW         1301    .bss.g_recv_buff_deal  app_motor_usart.o
    0x20200400        -       0x00000001   Zero   RW         1300    .bss.g_recv_flag    app_motor_usart.o
    0x20200401        -       0x00000080   Zero   RW         1261    .bss.recv0_buff     usart.o
    0x20200481        -       0x00000001   Zero   RW         1263    .bss.recv0_flag     usart.o
    0x20200482        -       0x00000002   Zero   RW         1262    .bss.recv0_length   usart.o
    0x20200484        -       0x00000032   Zero   RW         1295    .bss.send_buff      app_motor_usart.o
    0x202004b6        -       0x00000001   Zero   RW           16    .bss.times          empty.o
    0x202004b7   0x00002a64   0x00000001   PAD
    0x202004b8        -       0x00000400   Zero   RW           27    STACK               startup_mspm0g350x_uvision.o



  Load Region LR_BCR (Base: 0x41c00000, Size: 0x00000000, Max: 0x00000100, ABSOLUTE)

    Execution Region BCR_CONFIG (Exec base: 0x41c00000, Load base: 0x41c00000, Size: 0x00000000, Max: 0x00000080, ABSOLUTE)

    **** No section assigned to this execution region ****



  Load Region LR_BSL (Base: 0x41c00100, Size: 0x00000000, Max: 0x00000100, ABSOLUTE)

    Execution Region BSL_CONFIG (Exec base: 0x41c00100, Load base: 0x41c00100, Size: 0x00000000, Max: 0x00000080, ABSOLUTE)

    **** No section assigned to this execution region ****


==============================================================================

Image component sizes


      Code (inc. data)   RO Data    RW Data    ZI Data      Debug   Object Name

      1336         92        137          0        870       4373   app_motor_usart.o
       222         12          0          0          0       4131   bsp_motor_usart.o
       138          8          0          0          0       1174   delay.o
        20          0          0          0          0        580   dl_common.o
       500        164          0          0          0      23631   dl_timer.o
       170          8          0          0          0      10601   dl_uart.o
       594         60         51          0          2       6046   empty.o
        20          4        192          0       1024        628   startup_mspm0g350x_uvision.o
       986        112         47          0        188      24494   ti_msp_dl_config.o
       340         24          0          0        131       6115   usart.o

    ----------------------------------------------------------------------
      4336        484        460          0       2216      81773   Object Totals
         0          0         32          0          0          0   (incl. Generated)
        10          0          1          0          1          0   (incl. Padding)

    ----------------------------------------------------------------------

      Code (inc. data)   RO Data    RW Data    ZI Data      Debug   Library Member Name

        44          0          0          0          0         76   atof.o
        30          0          0          0          0         60   _chval.o
        68          0          0          0          0         76   _sgetc.o
       166          0          0          0          0         84   _strtoul.o
        26          0          0          0          0         72   atoi.o
         8          4        133          0          0         60   ctype_o.o
         0          0          0          0          0          0   entry.o
         0          0          0          0          0          0   entry10a.o
         0          0          0          0          0          0   entry11a.o
         8          4          0          0          0          0   entry2.o
         4          0          0          0          0          0   entry5.o
         0          0          0          0          0          0   entry7b.o
         0          0          0          0          0          0   entry8b.o
         8          4          0          0          0          0   entry9a.o
        32         16          0          4          0        180   errno.o
        30          0          0          0          0          0   handlers.o
        36          8          0          0          0         68   init.o
        18          0          0          0          0         68   isspace_o.o
         0          0          0          0          0          0   iusefp.o
        48          0          0          0          0         72   llmul.o
        32          0          0          0          0         68   llshl.o
        38          0          0          0          0         68   llsshr.o
        34          0          0          0          0         68   llushr.o
        36          0          0          0          0         60   memcpya.o
        36          0          0          0          0        100   memseta.o
      2302        102          0          0          0        556   printfa.o
       898         14          0          0          0        184   scanf_fp.o
         0          0          0          4          0          0   stdout.o
        18          0          0          0          0         60   strcpy.o
        14          0          0          0          0         60   strlen.o
        30          0          0          0          0         72   strncmp.o
       180         18          0          0          0        120   strtod.o
        72          4          0          4          0         72   strtok.o
       112          4          0          0          0         76   strtol.o
        62          0          0          0          0         72   uidiv_div0.o
        96          0          0          0          0         84   uldiv.o
        40          2          0          0          0         68   cdrcmple.o
        56          0          0          0          0         68   d2f.o
       356          4          0          0          0        140   dadd.o
       240          6          0          0          0         84   ddiv.o
       236          0          0          0          0        216   depilogue.o
        64         10          0          0          0         68   dfixul.o
        28          6          0          0          0         68   dfltul.o
       208          6          0          0          0         88   dmul.o
        40          0          0          0          0         60   f2d.o
       130          0          0          0          0        144   fepilogue.o

    ----------------------------------------------------------------------
      5910        216        134         12          4       3540   Library Totals
        26          4          1          0          4          0   (incl. Padding)

    ----------------------------------------------------------------------

      Code (inc. data)   RO Data    RW Data    ZI Data      Debug   Library Name

        44          0          0          0          0         76   m_ps.l
      4442        178        133         12          0       2460   mc_p.l
      1398         34          0          0          0       1004   mf_p.l

    ----------------------------------------------------------------------
      5910        216        134         12          4       3540   Library Totals

    ----------------------------------------------------------------------

==============================================================================


      Code (inc. data)   RO Data    RW Data    ZI Data      Debug   

     10246        700        594         12       2220      83493   Grand Totals
     10246        700        594         12       2220      83493   ELF Image Totals
     10246        700        594         12          0          0   ROM Totals

==============================================================================

    Total RO  Size (Code + RO Data)                10840 (  10.59kB)
    Total RW  Size (RW Data + ZI Data)              2232 (   2.18kB)
    Total ROM Size (Code + RO Data + RW Data)      10852 (  10.60kB)

==============================================================================

