******************************************************************************
            TI ARM Clang Linker PC v4.0.0                      
******************************************************************************
>> Linked Tue Feb 18 10:11:08 2025

OUTPUT FILE NAME:   <CarMove_USART.out>
ENTRY POINT SYMBOL: "_c_int00_noargs"  address: 000039a5


MEMORY CONFIGURATION

         name            origin    length      used     unused   attr    fill
----------------------  --------  ---------  --------  --------  ----  --------
  FLASH                 00000000   00020000  00004048  0001bfb8  R  X
  SRAM                  20200000   00008000  00001249  00006db7  RW X
  BCR_CONFIG            41c00000   00000080  00000000  00000080  R   
  BSL_CONFIG            41c00100   00000080  00000000  00000080  R   


SEGMENT ALLOCATION MAP

run origin  load origin   length   init length attrs members
----------  ----------- ---------- ----------- ----- -------
00000000    00000000    00004048   00004048    r-x
  00000000    00000000    000000c0   000000c0    r-- .intvecs
  000000c0    000000c0    00003c30   00003c30    r-x .text
  00003cf0    00003cf0    000002d0   000002d0    r-- .rodata
  00003fc0    00003fc0    00000088   00000088    r-- .cinit
20200000    20200000    00001049   00000000    rw-
  20200000    20200000    00000800   00000000    rw- .sysmem
  20200800    20200800    000005ec   00000000    rw- .bss
  20200dec    20200dec    0000025d   00000000    rw- .data
20207e00    20207e00    00000200   00000000    rw-
  20207e00    20207e00    00000200   00000000    rw- .stack


SECTION ALLOCATION MAP

 output                                  attributes/
section   page    origin      length       input sections
--------  ----  ----------  ----------   ----------------
.intvecs   0    00000000    000000c0     
                  00000000    000000c0     startup_mspm0g350x_ticlang.o (.intvecs)

.text      0    000000c0    00003c30     
                  000000c0    000009d0     libc.a : _printfi.c.obj (.text:__TI_printfi)
                  00000a90    00000448     app_motor_usart.o (.text.Deal_data_real)
                  00000ed8    000003b8     libc.a : strtod.c.obj (.text.strtod)
                  00001290    00000220            : _printfi.c.obj (.text._pconv_a)
                  000014b0    000001dc            : _printfi.c.obj (.text._pconv_g)
                  0000168c    00000192     libclang_rt.builtins.a : adddf3.S.obj (.text.adddf3_subdf3)
                  0000181e    00000002     startup_mspm0g350x_ticlang.o (.text.Default_Handler)
                  00001820    0000013c     libc.a : _printfi.c.obj (.text.fcvt)
                  0000195c    00000120            : _printfi.c.obj (.text._pconv_e)
                  00001a7c    00000118     empty.o (.text.main)
                  00001b94    00000114     libc.a : memory.c.obj (.text.aligned_alloc)
                  00001ca8    0000010c     libclang_rt.builtins.a : divdf3.S.obj (.text.__divdf3)
                  00001db4    000000f8     libc.a : fputs.c.obj (.text.fputs)
                  00001eac    000000e8     driverlib.a : dl_timer.o (.text.DL_Timer_initTimerMode)
                  00001f94    000000e8     libc.a : memory.c.obj (.text.free)
                  0000207c    000000e4     bsp_motor_usart.o (.text.Send_Motor_ArrayU8)
                  00002160    000000e4     libclang_rt.builtins.a : muldf3.S.obj (.text.__muldf3)
                  00002244    000000e0     libc.a : setvbuf.c.obj (.text.setvbuf)
                  00002324    000000d8            : s_scalbn.c.obj (.text.scalbn)
                  000023fc    000000a2     libclang_rt.builtins.a : udivmoddi4.S.obj (.text)
                  0000249e    0000009a     libc.a : memcpy16.S.obj (.text:memcpy)
                  00002538    00000008            : strtod.c.obj (.text.OUTLINED_FUNCTION_0)
                  00002540    00000088            : strcmp-armv6m.S.obj (.text:strcmp)
                  000025c8    0000007c            : fclose.c.obj (.text.__TI_closefile)
                  00002644    0000007c            : copy_decompress_lzss.c.obj (.text:decompress:lzss)
                  000026c0    00000074     app_motor_usart.o (.text.Deal_Control_Rxtemp)
                  00002734    00000074     libclang_rt.builtins.a : comparedf2.c.obj (.text.__gedf2)
                  000027a8    00000008     libc.a : strtod.c.obj (.text.OUTLINED_FUNCTION_1)
                  000027b0    00000074     libclang_rt.builtins.a : truncdfsf2.S.obj (.text.__truncdfsf2)
                  00002824    00000070     ti_msp_dl_config.o (.text.SYSCFG_DL_UART_0_init)
                  00002894    00000070     ti_msp_dl_config.o (.text.SYSCFG_DL_UART_1_init)
                  00002904    0000006c     libsysbm.a : hostlseek.c.obj (.text.HOSTlseek)
                  00002970    0000006c                : hostrename.c.obj (.text.HOSTrename)
                  000029dc    0000006c     libc.a : fseek.c.obj (.text.fseeko)
                  00002a48    0000006c            : getdevice.c.obj (.text.getdevice)
                  00002ab4    00000068     libclang_rt.builtins.a : comparedf2.c.obj (.text.__ledf2)
                  00002b1c    00000066     libc.a : _printfi.c.obj (.text._mcpy)
                  00002b82    00000064            : _io_perm.c.obj (.text.__TI_wrt_ok)
                  00002be6    00000002     libclang_rt.builtins.a : aeabi_div0.c.obj (.text.__aeabi_idiv0)
                  00002be8    00000064     libc.a : memory.c.obj (.text.split)
                  00002c4c    00000062     libclang_rt.builtins.a : aeabi_dcmp.S.obj (.text.__aeabi_dcmp)
                  00002cae    00000062     libc.a : memset16.S.obj (.text:memset)
                  00002d10    00000060     empty.o (.text.Car_Move)
                  00002d70    00000060     libsysbm.a : hostopen.c.obj (.text.HOSTopen)
                  00002dd0    0000005c     libc.a : s_frexp.c.obj (.text.frexp)
                  00002e2c    0000005c            : printf.c.obj (.text.printf)
                  00002e88    00000058     libsysbm.a : hostread.c.obj (.text.HOSTread)
                  00002ee0    00000058                : hostwrite.c.obj (.text.HOSTwrite)
                  00002f38    00000058     libc.a : _ltoa.c.obj (.text.__TI_ltoa)
                  00002f90    00000058            : _printfi.c.obj (.text._pconv_f)
                  00002fe8    00000056     libclang_rt.builtins.a : aeabi_idivmod.S.obj (.text.__aeabi_idivmod)
                  0000303e    00000052     libc.a : fflush.c.obj (.text.__TI_doflush)
                  00003090    00000052            : _printfi.c.obj (.text._ecpy)
                  000030e2    00000002     libclang_rt.builtins.a : aeabi_div0.c.obj (.text.__aeabi_ldiv0)
                  000030e4    00000050     libsysbm.a : close.c.obj (.text.close)
                  00003134    0000004c     app_motor_usart.o (.text.Contrl_Pwm)
                  00003180    0000004c     app_motor_usart.o (.text.Contrl_Speed)
                  000031cc    0000004a     libclang_rt.builtins.a : fixdfsi.S.obj (.text.__fixdfsi)
                  00003216    00000002     libc.a : _lock.c.obj (.text._nop)
                  00003218    00000048     driverlib.a : dl_uart.o (.text.DL_UART_init)
                  00003260    00000048     libsysbm.a : hostclose.c.obj (.text.HOSTclose)
                  000032a8    00000048                : hostunlink.c.obj (.text.HOSTunlink)
                  000032f0    00000048     ti_msp_dl_config.o (.text.SYSCFG_DL_initPower)
                  00003338    00000048     app_motor_usart.o (.text.send_upload_data)
                  00003380    00000048     libc.a : strtok.c.obj (.text.strtok)
                  000033c8    00000044     usart.o (.text.UART0_IRQHandler)
                  0000340c    00000044     app_motor_usart.o (.text.send_wheel_diameter)
                  00003450    00000040     libclang_rt.builtins.a : aeabi_uidivmod.S.obj (.text.__aeabi_uidivmod)
                  00003490    00000040                            : extendsfdf2.S.obj (.text.__extendsfdf2)
                  000034d0    00000040     libc.a : atoi.c.obj (.text.atoi)
                  00003510    00000040     delay.o (.text.delay_ms)
                  00003550    00000040     app_motor_usart.o (.text.send_motor_deadzone)
                  00003590    00000040     app_motor_usart.o (.text.send_motor_type)
                  000035d0    00000040     app_motor_usart.o (.text.send_pulse_line)
                  00003610    00000040     app_motor_usart.o (.text.send_pulse_phase)
                  00003650    0000003c     ti_msp_dl_config.o (.text.SYSCFG_DL_SYSCTL_init)
                  0000368c    0000003c     libc.a : autoinit.c.obj (.text:__TI_auto_init_nobinit_nopinit)
                  000036c8    0000003a     libclang_rt.builtins.a : muldsi3.S.obj (.text.__muldsi3)
                  00003702    00000002     --HOLE-- [fill = 0]
                  00003704    00000038     ti_msp_dl_config.o (.text.SYSCFG_DL_TIMER_0_init)
                  0000373c    00000038     libc.a : sprintf.c.obj (.text.sprintf)
                  00003774    00000034            : fopen.c.obj (.text.__TI_cleanup)
                  000037a8    00000034     libsysbm.a : trgmsg.c.obj (.text.__TI_readmsg)
                  000037dc    00000034                : trgmsg.c.obj (.text.__TI_writemsg)
                  00003810    00000034     libc.a : exit.c.obj (.text.exit)
                  00003844    00000034            : getdevice.c.obj (.text.finddevice)
                  00003878    00000030            : _printfi.c.obj (.text._fcpy)
                  000038a8    0000002c     ti_msp_dl_config.o (.text.SYSCFG_DL_init)
                  000038d4    0000002c     libclang_rt.builtins.a : floatsidf.S.obj (.text.__floatsidf)
                  00003900    0000002c     libsysbm.a : unlink.c.obj (.text.unlink)
                  0000392c    00000028     libc.a : memory.c.obj (.text.free_list_insert)
                  00003954    00000028     libsysbm.a : lseek.c.obj (.text.lseek)
                  0000397c    00000028                : write.c.obj (.text.write)
                  000039a4    00000028     libc.a : boot_cortex_m.c.obj (.text:_c_int00_noargs)
                  000039cc    00000026            : strspn.c.obj (.text.strspn)
                  000039f2    00000002     --HOLE-- [fill = 0]
                  000039f4    00000024     usart.o (.text.USART_Init)
                  00003a18    00000024     libclang_rt.builtins.a : muldi3.S.obj (.text.__muldi3)
                  00003a3c    00000024     libc.a : fputs.c.obj (.text.puts)
                  00003a60    00000024            : strcspn.c.obj (.text.strcspn)
                  00003a84    00000022            : memccpy.c.obj (.text.memccpy)
                  00003aa6    00000002     --HOLE-- [fill = 0]
                  00003aa8    00000020     bsp_motor_usart.o (.text.UART1_IRQHandler)
                  00003ac8    00000020     usart.o (.text.fputc)
                  00003ae8    0000001e     libclang_rt.builtins.a : ashldi3.S.obj (.text.__ashldi3)
                  00003b06    00000002     --HOLE-- [fill = 0]
                  00003b08    0000001c     driverlib.a : dl_timer.o (.text.DL_Timer_setClockConfig)
                  00003b24    0000001c     ti_msp_dl_config.o (.text.SYSCFG_DL_SYSTICK_init)
                  00003b40    0000001c     empty.o (.text.TIMA0_IRQHandler)
                  00003b5c    0000001c     libc.a : memory.c.obj (.text.free_list_remove)
                  00003b78    00000018     ti_msp_dl_config.o (.text.SYSCFG_DL_GPIO_init)
                  00003b90    00000018     libc.a : sprintf.c.obj (.text._outs)
                  00003ba8    00000014     libclang_rt.builtins.a : aeabi_uldivmod.S.obj (.text.__aeabi_uldivmod)
                  00003bbc    00000014     libc.a : _printfi.c.obj (.text.strchr)
                  00003bd0    00000012     driverlib.a : dl_uart.o (.text.DL_UART_setClockConfig)
                  00003be2    00000012     libc.a : copy_decompress_none.c.obj (.text:decompress:none)
                  00003bf4    00000010            : wcslen.c.obj (.text.wcslen)
                  00003c04    00000010            : copy_zero_init.c.obj (.text:decompress:ZI)
                  00003c14    0000000e            : memory.c.obj (.text.OUTLINED_FUNCTION_0)
                  00003c22    00000002     --HOLE-- [fill = 0]
                  00003c24    0000000e     libclang_rt.builtins.a : aeabi_memset.S.obj (.text.__aeabi_memset)
                  00003c32    0000000e     libsysbm.a : hostrename.c.obj (.text.strcpy)
                  00003c40    0000000e     libc.a : _printfi.c.obj (.text.strlen)
                  00003c4e    0000000e     libsysbm.a : hostrename.c.obj (.text.strlen)
                  00003c5c    0000000c     libclang_rt.builtins.a : aeabi_memset.S.obj (.text.__aeabi_memclr)
                  00003c68    0000000c     libc.a : memory.c.obj (.text.malloc)
                  00003c74    0000000a     driverlib.a : dl_common.o (.text.DL_Common_delayCycles)
                  00003c7e    0000000a     libc.a : _printfi.c.obj (.text.OUTLINED_FUNCTION_0)
                  00003c88    00000010     libclang_rt.builtins.a : adddf3.S.obj (.tramp.__aeabi_dsub.1)
                  00003c98    0000000a     libc.a : _printfi.c.obj (.text.OUTLINED_FUNCTION_1)
                  00003ca2    0000000a            : sprintf.c.obj (.text._outc)
                  00003cac    00000008            : aeabi_portable.c.obj (.text.__aeabi_errno_addr)
                  00003cb4    00000008     libclang_rt.builtins.a : aeabi_memcpy.S.obj (.text.__aeabi_memcpy)
                  00003cbc    00000008     libc.a : printf.c.obj (.text._outc)
                  00003cc4    00000008            : printf.c.obj (.text._outs)
                  00003ccc    00000008            : fseek.c.obj (.text.fseek)
                  00003cd4    00000008     libsysbm.a : remove.c.obj (.text.remove)
                  00003cdc    00000004     startup_mspm0g350x_ticlang.o (.text.Reset_Handler)
                  00003ce0    00000004     libc.a : pre_init.c.obj (.text._system_pre_init)
                  00003ce4    00000004            : exit.c.obj (.text:abort)
                  00003ce8    00000008     --HOLE-- [fill = 0]

.cinit     0    00003fc0    00000088     
                  00003fc0    00000064     (.cinit..data.load) [load image, compression = lzss]
                  00004024    0000000c     (__TI_handler_table)
                  00004030    00000008     (.cinit..bss.load) [load image, compression = zero_init]
                  00004038    00000010     (__TI_cinit_table)

.rodata    0    00003cf0    000002d0     
                  00003cf0    00000101     libc.a : aeabi_ctype.S.obj (.rodata:__aeabi_ctype_table_)
                  00003df1    00000003     ti_msp_dl_config.o (.rodata.gTIMER_0ClockConfig)
                  00003df4    00000003     app_motor_usart.o (.rodata.str1.38835746890475915111)
                  00003df7    00000001     --HOLE-- [fill = 0]
                  00003df8    00000080     libc.a : strtod.c.obj (.rodata.digits)
                  00003e78    00000048            : strtod.c.obj (.rodata.powerof10)
                  00003ec0    00000022     empty.o (.rodata.str1.100506750686581518081)
                  00003ee2    00000002     ti_msp_dl_config.o (.rodata.gUART_0ClockConfig)
                  00003ee4    00000014     ti_msp_dl_config.o (.rodata.gTIMER_0TimerConfig)
                  00003ef8    00000012     app_motor_usart.o (.rodata.str1.151009922404568866841)
                  00003f0a    00000012     app_motor_usart.o (.rodata.str1.177430081765570553101)
                  00003f1c    00000012     app_motor_usart.o (.rodata.str1.2691616975900509361)
                  00003f2e    00000011     libc.a : _printfi.c.obj (.rodata.str1.103488685894817597201)
                  00003f3f    00000011            : _printfi.c.obj (.rodata.str1.153638888446227384661)
                  00003f50    00000011     app_motor_usart.o (.rodata.str1.19366273577901094251)
                  00003f61    00000010     empty.o (.rodata.str1.115469792269033204851)
                  00003f71    0000000e     app_motor_usart.o (.rodata.str1.11867396368620600391)
                  00003f7f    0000000c     app_motor_usart.o (.rodata.str1.69024998803089298601)
                  00003f8b    0000000b     app_motor_usart.o (.rodata.str1.157726972120725782571)
                  00003f96    0000000b     app_motor_usart.o (.rodata.str1.63670896866782352001)
                  00003fa1    00000001     --HOLE-- [fill = 0]
                  00003fa2    0000000a     ti_msp_dl_config.o (.rodata.gUART_0Config)
                  00003fac    0000000a     ti_msp_dl_config.o (.rodata.gUART_1Config)
                  00003fb6    00000002     ti_msp_dl_config.o (.rodata.gUART_1ClockConfig)
                  00003fb8    00000002     libc.a : fputs.c.obj (.rodata.str1.166077212684151853901)
                  00003fba    00000006     --HOLE-- [fill = 0]

.init_array 
*          0    00000000    00000000     UNINITIALIZED

.binit     0    00000000    00000000     

.sysmem    0    20200000    00000800     UNINITIALIZED
                  20200000    00000010     libc.a : memory.c.obj (.sysmem)
                  20200010    000007f0     --HOLE--

.bss       0    20200800    000005ec     UNINITIALIZED
                  20200800    00000120     libsysbm.a : trgmsg.c.obj (.bss:_CIOBUF_)
                  20200920    00000100     app_motor_usart.o (.bss.Deal_data_real.data)
                  20200a20    00000100     (.common:g_recv_buff)
                  20200b20    00000100     (.common:g_recv_buff_deal)
                  20200c20    000000bc     (.common:gTIMER_0Backup)
                  20200cdc    000000a0     libc.a : defs.c.obj (.bss.__TI_tmpnams)
                  20200d7c    00000032     (.common:send_buff)
                  20200dae    00000001     (.common:g_recv_flag)
                  20200daf    00000001     --HOLE--
                  20200db0    00000010     (.common:Encoder_Now)
                  20200dc0    00000010     (.common:Encoder_Offset)
                  20200dd0    00000010     (.common:g_Speed)
                  20200de0    00000008     libsysbm.a : hostopen.c.obj (.bss.parmbuf)
                  20200de8    00000004     libc.a : memory.c.obj (.bss.sys_free)

.data      0    20200dec    0000025d     UNINITIALIZED
                  20200dec    000000f0     libc.a : defs.c.obj (.data._ftable)
                  20200edc    00000080     usart.o (.data.recv0_buff)
                  20200f5c    00000078     libsysbm.a : host_device.c.obj (.data._device)
                  20200fd4    00000050                : host_device.c.obj (.data._stream)
                  20201024    00000008     libc.a : exit.c.obj (.data..L_MergedGlobals)
                  2020102c    00000004            : defs.c.obj (.data.__TI_ft_end)
                  20201030    00000004            : aeabi_portable.c.obj (.data.__aeabi_errno)
                  20201034    00000004            : _lock.c.obj (.data._lock)
                  20201038    00000004            : _lock.c.obj (.data._unlock)
                  2020103c    00000004            : strtok.c.obj (.data.last_end)
                  20201040    00000002     app_motor_usart.o (.data.Deal_Control_Rxtemp.step)
                  20201042    00000002     usart.o (.data.recv0_length)
                  20201044    00000001     empty.o (.data.Car_Move.state)
                  20201045    00000001     app_motor_usart.o (.data.Deal_Control_Rxtemp.start_flag)
                  20201046    00000001     usart.o (.data.recv0_flag)
                  20201047    00000001     empty.o (.data.times)
                  20201048    00000001     libc.a : memory.c.obj (.data.memory_is_initialized)

.stack     0    20207e00    00000200     UNINITIALIZED
                  20207e00    00000004     libc.a : boot_cortex_m.c.obj (.stack)
                  20207e04    000001fc     --HOLE--

__llvm_prf_cnts 
*          0    20200000    00000000     UNINITIALIZED

__llvm_prf_bits 
*          0    20200000    00000000     UNINITIALIZED

MODULE SUMMARY

       Module                         code    ro data   rw data
       ------                         ----    -------   -------
    .\
       empty.o                        404     50        2      
       startup_mspm0g350x_ticlang.o   6       192       0      
    +--+------------------------------+-------+---------+---------+
       Total:                         410     242       2      
                                                               
    .\BSP\
       app_motor_usart.o              1760    122       870    
       usart.o                        136     0         131    
       bsp_motor_usart.o              260     0         0      
       delay.o                        64      0         0      
    +--+------------------------------+-------+---------+---------+
       Total:                         2220    122       1001   
                                                               
    .\syscfg\
       ti_msp_dl_config.o             508     47        188    
    +--+------------------------------+-------+---------+---------+
       Total:                         508     47        188    
                                                               
    E:/SoftWare/ti/mspm0_sdk_2_02_00_05/source/ti/driverlib/lib/ticlang/m0p/mspm0g1x0x_g3x0x/driverlib.a
       dl_timer.o                     260     0         0      
       dl_uart.o                      90      0         0      
       dl_common.o                    10      0         0      
    +--+------------------------------+-------+---------+---------+
       Total:                         360     0         0      
                                                               
    E:\SoftWare\ti\ccstheia151\ccs\tools\compiler\ti-cgt-armllvm_4.0.0.LTS\lib\armv6m-ti-none-eabi/c/libc.a
       _printfi.c.obj                 4510    34        0      
       strtod.c.obj                   968     200       0      
       memory.c.obj                   702     0         5      
       defs.c.obj                     0       0         404    
       fputs.c.obj                    284     2         0      
       aeabi_ctype.S.obj              0       257       0      
       setvbuf.c.obj                  224     0         0      
       s_scalbn.c.obj                 216     0         0      
       getdevice.c.obj                160     0         0      
       memcpy16.S.obj                 154     0         0      
       strcmp-armv6m.S.obj            136     0         0      
       copy_decompress_lzss.c.obj     124     0         0      
       fclose.c.obj                   124     0         0      
       fseek.c.obj                    116     0         0      
       printf.c.obj                   108     0         0      
       _io_perm.c.obj                 100     0         0      
       memset16.S.obj                 98      0         0      
       s_frexp.c.obj                  92      0         0      
       sprintf.c.obj                  90      0         0      
       _ltoa.c.obj                    88      0         0      
       fflush.c.obj                   82      0         0      
       strtok.c.obj                   72      0         4      
       atoi.c.obj                     64      0         0      
       exit.c.obj                     56      0         8      
       autoinit.c.obj                 60      0         0      
       fopen.c.obj                    52      0         0      
       boot_cortex_m.c.obj            40      0         0      
       strspn.c.obj                   38      0         0      
       strcspn.c.obj                  36      0         0      
       memccpy.c.obj                  34      0         0      
       copy_decompress_none.c.obj     18      0         0      
       copy_zero_init.c.obj           16      0         0      
       wcslen.c.obj                   16      0         0      
       aeabi_portable.c.obj           8       0         4      
       _lock.c.obj                    2       0         8      
       pre_init.c.obj                 4       0         0      
    +--+------------------------------+-------+---------+---------+
       Total:                         8892    493       433    
                                                               
    E:\SoftWare\ti\ccstheia151\ccs\tools\compiler\ti-cgt-armllvm_4.0.0.LTS\lib\armv6m-ti-none-eabi/c/libsysbm.a
       trgmsg.c.obj                   104     0         288    
       host_device.c.obj              0       0         200    
       hostrename.c.obj               136     0         0      
       hostlseek.c.obj                108     0         0      
       hostopen.c.obj                 96      0         8      
       hostread.c.obj                 88      0         0      
       hostwrite.c.obj                88      0         0      
       close.c.obj                    80      0         0      
       hostclose.c.obj                72      0         0      
       hostunlink.c.obj               72      0         0      
       unlink.c.obj                   44      0         0      
       lseek.c.obj                    40      0         0      
       write.c.obj                    40      0         0      
       remove.c.obj                   8       0         0      
    +--+------------------------------+-------+---------+---------+
       Total:                         976     0         496    
                                                               
    E:\SoftWare\ti\ccstheia151\ccs\tools\compiler\ti-cgt-armllvm_4.0.0.LTS\lib\armv6m-ti-none-eabi/libclang_rt.builtins.a
       adddf3.S.obj                   418     0         0      
       divdf3.S.obj                   268     0         0      
       muldf3.S.obj                   228     0         0      
       comparedf2.c.obj               220     0         0      
       udivmoddi4.S.obj               162     0         0      
       truncdfsf2.S.obj               116     0         0      
       aeabi_dcmp.S.obj               98      0         0      
       aeabi_idivmod.S.obj            86      0         0      
       fixdfsi.S.obj                  74      0         0      
       aeabi_uidivmod.S.obj           64      0         0      
       extendsfdf2.S.obj              64      0         0      
       muldsi3.S.obj                  58      0         0      
       floatsidf.S.obj                44      0         0      
       muldi3.S.obj                   36      0         0      
       ashldi3.S.obj                  30      0         0      
       aeabi_memset.S.obj             26      0         0      
       aeabi_uldivmod.S.obj           20      0         0      
       aeabi_memcpy.S.obj             8       0         0      
       aeabi_div0.c.obj               4       0         0      
    +--+------------------------------+-------+---------+---------+
       Total:                         2024    0         0      
                                                               
       Heap:                          0       0         2048   
       Stack:                         0       0         512    
       Linker Generated:              0       136       0      
    +--+------------------------------+-------+---------+---------+
       Grand Total:                   15390   1040      4680   


LINKER GENERATED COPY TABLES

__TI_cinit_table @ 00004038 records: 2, size/record: 8, table size: 16
	.data: load addr=00003fc0, load size=00000064 bytes, run addr=20200dec, run size=0000025d bytes, compression=lzss
	.bss: load addr=00004030, load size=00000008 bytes, run addr=20200800, run size=000005ec bytes, compression=zero_init


LINKER GENERATED HANDLER TABLE

__TI_handler_table @ 00004024 records: 3, size/record: 4, table size: 12
	index: 0, handler: __TI_decompress_lzss
	index: 1, handler: __TI_decompress_none
	index: 2, handler: __TI_zero_init


FAR CALL TRAMPOLINES

callee name               trampoline name
   callee addr  tramp addr   call addr  call info
--------------  -----------  ---------  ----------------
__aeabi_dsub              $Tramp$TT$L$PI$$__aeabi_dsub
   0000168d     00003c88     00003c86   libc.a : _printfi.c.obj (.text.OUTLINED_FUNCTION_0)

[1 trampolines]
[1 trampoline calls]


GLOBAL SYMBOLS: SORTED ALPHABETICALLY BY Name 

address   name                          
-------   ----                          
0000181f  ADC0_IRQHandler               
0000181f  ADC1_IRQHandler               
0000181f  AES_IRQHandler                
00003ce4  C$$EXIT                       
00003809  C$$IO$$                       
0000181f  CANFD0_IRQHandler             
00002d11  Car_Move                      
00003135  Contrl_Pwm                    
00003181  Contrl_Speed                  
0000181f  DAC0_IRQHandler               
00003c75  DL_Common_delayCycles         
00001ead  DL_Timer_initTimerMode        
00003b09  DL_Timer_setClockConfig       
00003219  DL_UART_init                  
00003bd1  DL_UART_setClockConfig        
0000181f  DMA_IRQHandler                
000026c1  Deal_Control_Rxtemp           
00000a91  Deal_data_real                
0000181f  Default_Handler               
20200db0  Encoder_Now                   
20200dc0  Encoder_Offset                
0000181f  GROUP0_IRQHandler             
0000181f  GROUP1_IRQHandler             
00003261  HOSTclose                     
00002905  HOSTlseek                     
00002d71  HOSTopen                      
00002e89  HOSTread                      
00002971  HOSTrename                    
000032a9  HOSTunlink                    
00002ee1  HOSTwrite                     
0000181f  HardFault_Handler             
0000181f  I2C0_IRQHandler               
0000181f  I2C1_IRQHandler               
0000181f  NMI_Handler                   
0000181f  PendSV_Handler                
0000181f  RTC_IRQHandler                
00003cdd  Reset_Handler                 
0000181f  SPI0_IRQHandler               
0000181f  SPI1_IRQHandler               
0000181f  SVC_Handler                   
00003b79  SYSCFG_DL_GPIO_init           
00003651  SYSCFG_DL_SYSCTL_init         
00003b25  SYSCFG_DL_SYSTICK_init        
00003705  SYSCFG_DL_TIMER_0_init        
00002825  SYSCFG_DL_UART_0_init         
00002895  SYSCFG_DL_UART_1_init         
000038a9  SYSCFG_DL_init                
000032f1  SYSCFG_DL_initPower           
0000207d  Send_Motor_ArrayU8            
0000181f  SysTick_Handler               
00003b41  TIMA0_IRQHandler              
0000181f  TIMA1_IRQHandler              
0000181f  TIMG0_IRQHandler              
0000181f  TIMG12_IRQHandler             
0000181f  TIMG6_IRQHandler              
0000181f  TIMG7_IRQHandler              
0000181f  TIMG8_IRQHandler              
000033c9  UART0_IRQHandler              
00003aa9  UART1_IRQHandler              
0000181f  UART2_IRQHandler              
0000181f  UART3_IRQHandler              
000039f5  USART_Init                    
20200800  _CIOBUF_                      
20200800  __CIOBUF_                     
20208000  __STACK_END                   
00000200  __STACK_SIZE                  
00000800  __SYSMEM_SIZE                 
00000000  __TI_ATRegion0_region_sz      
00000000  __TI_ATRegion0_src_addr       
00000000  __TI_ATRegion0_trg_addr       
00000000  __TI_ATRegion1_region_sz      
00000000  __TI_ATRegion1_src_addr       
00000000  __TI_ATRegion1_trg_addr       
00000000  __TI_ATRegion2_region_sz      
00000000  __TI_ATRegion2_src_addr       
00000000  __TI_ATRegion2_trg_addr       
00004038  __TI_CINIT_Base               
00004048  __TI_CINIT_Limit              
00004048  __TI_CINIT_Warm               
00004024  __TI_Handler_Table_Base       
00004030  __TI_Handler_Table_Limit      
0000368d  __TI_auto_init_nobinit_nopinit
00003775  __TI_cleanup                  
20201024  __TI_cleanup_ptr              
000025c9  __TI_closefile                
00002645  __TI_decompress_lzss          
00003be3  __TI_decompress_none          
0000303f  __TI_doflush                  
20201028  __TI_dtors_ptr                
2020102c  __TI_ft_end                   
00002f39  __TI_ltoa                     
ffffffff  __TI_pprof_out_hndl           
000000c1  __TI_printfi                  
ffffffff  __TI_prof_data_size           
ffffffff  __TI_prof_data_start          
000037a9  __TI_readmsg                  
00000000  __TI_static_base__            
20200cdc  __TI_tmpnams                  
000037dd  __TI_writemsg                 
00002b83  __TI_wrt_ok                   
00003c05  __TI_zero_init                
00001697  __adddf3                      
00003cf0  __aeabi_ctype_table_          
00003cf0  __aeabi_ctype_table_C         
000027b1  __aeabi_d2f                   
000031cd  __aeabi_d2iz                  
00001697  __aeabi_dadd                  
00002c4d  __aeabi_dcmpeq                
00002c89  __aeabi_dcmpge                
00002c9d  __aeabi_dcmpgt                
00002c75  __aeabi_dcmple                
00002c61  __aeabi_dcmplt                
00001ca9  __aeabi_ddiv                  
00002161  __aeabi_dmul                  
0000168d  __aeabi_dsub                  
20201030  __aeabi_errno                 
00003cad  __aeabi_errno_addr            
00003491  __aeabi_f2d                   
000038d5  __aeabi_i2d                   
00002fe9  __aeabi_idiv                  
00002be7  __aeabi_idiv0                 
00002fe9  __aeabi_idivmod               
000030e3  __aeabi_ldiv0                 
00003ae9  __aeabi_llsl                  
00003a19  __aeabi_lmul                  
00003c5d  __aeabi_memclr                
00003c5d  __aeabi_memclr4               
00003c5d  __aeabi_memclr8               
00003cb5  __aeabi_memcpy                
00003cb5  __aeabi_memcpy4               
00003cb5  __aeabi_memcpy8               
00003c25  __aeabi_memset                
00003c25  __aeabi_memset4               
00003c25  __aeabi_memset8               
00003451  __aeabi_uidiv                 
00003451  __aeabi_uidivmod              
00003ba9  __aeabi_uldivmod              
00003ae9  __ashldi3                     
ffffffff  __binit__                     
00002ab5  __cmpdf2                      
00001ca9  __divdf3                      
00002ab5  __eqdf2                       
00003491  __extendsfdf2                 
000031cd  __fixdfsi                     
000038d5  __floatsidf                   
00002735  __gedf2                       
00002735  __gtdf2                       
00002ab5  __ledf2                       
00002ab5  __ltdf2                       
UNDEFED   __mpu_init                    
00002161  __muldf3                      
00003a19  __muldi3                      
000036c9  __muldsi3                     
00002ab5  __nedf2                       
20207e00  __stack                       
20200000  __start___llvm_prf_bits       
20200000  __start___llvm_prf_cnts       
20200000  __stop___llvm_prf_bits        
20200000  __stop___llvm_prf_cnts        
0000168d  __subdf3                      
000027b1  __truncdfsf2                  
000023fd  __udivmoddi4                  
000039a5  _c_int00_noargs               
20200f5c  _device                       
20200dec  _ftable                       
20201034  _lock                         
00003217  _nop                          
20200fd4  _stream                       
20200000  _sys_memory                   
UNDEFED   _system_post_cinit            
00003ce1  _system_pre_init              
20201038  _unlock                       
00003ce5  abort                         
00001b95  aligned_alloc                 
000034d1  atoi                          
ffffffff  binit                         
000030e5  close                         
00003511  delay_ms                      
00003811  exit                          
00003845  finddevice                    
00003ac9  fputc                         
00001db5  fputs                         
00001f95  free                          
00002dd1  frexp                         
00002dd1  frexpl                        
00003ccd  fseek                         
000029dd  fseeko                        
20200c20  gTIMER_0Backup                
20200dd0  g_Speed                       
20200a20  g_recv_buff                   
20200b20  g_recv_buff_deal              
20200dae  g_recv_flag                   
00002a49  getdevice                     
00000000  interruptVectors              
00002325  ldexp                         
00002325  ldexpl                        
00003955  lseek                         
00001a7d  main                          
00003c69  malloc                        
00001b95  memalign                      
00003a85  memccpy                       
0000249f  memcpy                        
00002caf  memset                        
20200de0  parmbuf                       
00002e2d  printf                        
00003a3d  puts                          
20200edc  recv0_buff                    
20201046  recv0_flag                    
20201042  recv0_length                  
00003cd5  remove                        
00002325  scalbn                        
00002325  scalbnl                       
20200d7c  send_buff                     
00003551  send_motor_deadzone           
00003591  send_motor_type               
000035d1  send_pulse_line               
00003611  send_pulse_phase              
00003339  send_upload_data              
0000340d  send_wheel_diameter           
00002245  setvbuf                       
0000373d  sprintf                       
00002541  strcmp                        
00003a61  strcspn                       
000039cd  strspn                        
00000ed9  strtod                        
00003381  strtok                        
00000ed9  strtold                       
20201047  times                         
00003901  unlink                        
00003bf5  wcslen                        
0000397d  write                         


GLOBAL SYMBOLS: SORTED BY Symbol Address 

address   name                          
-------   ----                          
00000000  __TI_ATRegion0_region_sz      
00000000  __TI_ATRegion0_src_addr       
00000000  __TI_ATRegion0_trg_addr       
00000000  __TI_ATRegion1_region_sz      
00000000  __TI_ATRegion1_src_addr       
00000000  __TI_ATRegion1_trg_addr       
00000000  __TI_ATRegion2_region_sz      
00000000  __TI_ATRegion2_src_addr       
00000000  __TI_ATRegion2_trg_addr       
00000000  __TI_static_base__            
00000000  interruptVectors              
000000c1  __TI_printfi                  
00000200  __STACK_SIZE                  
00000800  __SYSMEM_SIZE                 
00000a91  Deal_data_real                
00000ed9  strtod                        
00000ed9  strtold                       
0000168d  __aeabi_dsub                  
0000168d  __subdf3                      
00001697  __adddf3                      
00001697  __aeabi_dadd                  
0000181f  ADC0_IRQHandler               
0000181f  ADC1_IRQHandler               
0000181f  AES_IRQHandler                
0000181f  CANFD0_IRQHandler             
0000181f  DAC0_IRQHandler               
0000181f  DMA_IRQHandler                
0000181f  Default_Handler               
0000181f  GROUP0_IRQHandler             
0000181f  GROUP1_IRQHandler             
0000181f  HardFault_Handler             
0000181f  I2C0_IRQHandler               
0000181f  I2C1_IRQHandler               
0000181f  NMI_Handler                   
0000181f  PendSV_Handler                
0000181f  RTC_IRQHandler                
0000181f  SPI0_IRQHandler               
0000181f  SPI1_IRQHandler               
0000181f  SVC_Handler                   
0000181f  SysTick_Handler               
0000181f  TIMA1_IRQHandler              
0000181f  TIMG0_IRQHandler              
0000181f  TIMG12_IRQHandler             
0000181f  TIMG6_IRQHandler              
0000181f  TIMG7_IRQHandler              
0000181f  TIMG8_IRQHandler              
0000181f  UART2_IRQHandler              
0000181f  UART3_IRQHandler              
00001a7d  main                          
00001b95  aligned_alloc                 
00001b95  memalign                      
00001ca9  __aeabi_ddiv                  
00001ca9  __divdf3                      
00001db5  fputs                         
00001ead  DL_Timer_initTimerMode        
00001f95  free                          
0000207d  Send_Motor_ArrayU8            
00002161  __aeabi_dmul                  
00002161  __muldf3                      
00002245  setvbuf                       
00002325  ldexp                         
00002325  ldexpl                        
00002325  scalbn                        
00002325  scalbnl                       
000023fd  __udivmoddi4                  
0000249f  memcpy                        
00002541  strcmp                        
000025c9  __TI_closefile                
00002645  __TI_decompress_lzss          
000026c1  Deal_Control_Rxtemp           
00002735  __gedf2                       
00002735  __gtdf2                       
000027b1  __aeabi_d2f                   
000027b1  __truncdfsf2                  
00002825  SYSCFG_DL_UART_0_init         
00002895  SYSCFG_DL_UART_1_init         
00002905  HOSTlseek                     
00002971  HOSTrename                    
000029dd  fseeko                        
00002a49  getdevice                     
00002ab5  __cmpdf2                      
00002ab5  __eqdf2                       
00002ab5  __ledf2                       
00002ab5  __ltdf2                       
00002ab5  __nedf2                       
00002b83  __TI_wrt_ok                   
00002be7  __aeabi_idiv0                 
00002c4d  __aeabi_dcmpeq                
00002c61  __aeabi_dcmplt                
00002c75  __aeabi_dcmple                
00002c89  __aeabi_dcmpge                
00002c9d  __aeabi_dcmpgt                
00002caf  memset                        
00002d11  Car_Move                      
00002d71  HOSTopen                      
00002dd1  frexp                         
00002dd1  frexpl                        
00002e2d  printf                        
00002e89  HOSTread                      
00002ee1  HOSTwrite                     
00002f39  __TI_ltoa                     
00002fe9  __aeabi_idiv                  
00002fe9  __aeabi_idivmod               
0000303f  __TI_doflush                  
000030e3  __aeabi_ldiv0                 
000030e5  close                         
00003135  Contrl_Pwm                    
00003181  Contrl_Speed                  
000031cd  __aeabi_d2iz                  
000031cd  __fixdfsi                     
00003217  _nop                          
00003219  DL_UART_init                  
00003261  HOSTclose                     
000032a9  HOSTunlink                    
000032f1  SYSCFG_DL_initPower           
00003339  send_upload_data              
00003381  strtok                        
000033c9  UART0_IRQHandler              
0000340d  send_wheel_diameter           
00003451  __aeabi_uidiv                 
00003451  __aeabi_uidivmod              
00003491  __aeabi_f2d                   
00003491  __extendsfdf2                 
000034d1  atoi                          
00003511  delay_ms                      
00003551  send_motor_deadzone           
00003591  send_motor_type               
000035d1  send_pulse_line               
00003611  send_pulse_phase              
00003651  SYSCFG_DL_SYSCTL_init         
0000368d  __TI_auto_init_nobinit_nopinit
000036c9  __muldsi3                     
00003705  SYSCFG_DL_TIMER_0_init        
0000373d  sprintf                       
00003775  __TI_cleanup                  
000037a9  __TI_readmsg                  
000037dd  __TI_writemsg                 
00003809  C$$IO$$                       
00003811  exit                          
00003845  finddevice                    
000038a9  SYSCFG_DL_init                
000038d5  __aeabi_i2d                   
000038d5  __floatsidf                   
00003901  unlink                        
00003955  lseek                         
0000397d  write                         
000039a5  _c_int00_noargs               
000039cd  strspn                        
000039f5  USART_Init                    
00003a19  __aeabi_lmul                  
00003a19  __muldi3                      
00003a3d  puts                          
00003a61  strcspn                       
00003a85  memccpy                       
00003aa9  UART1_IRQHandler              
00003ac9  fputc                         
00003ae9  __aeabi_llsl                  
00003ae9  __ashldi3                     
00003b09  DL_Timer_setClockConfig       
00003b25  SYSCFG_DL_SYSTICK_init        
00003b41  TIMA0_IRQHandler              
00003b79  SYSCFG_DL_GPIO_init           
00003ba9  __aeabi_uldivmod              
00003bd1  DL_UART_setClockConfig        
00003be3  __TI_decompress_none          
00003bf5  wcslen                        
00003c05  __TI_zero_init                
00003c25  __aeabi_memset                
00003c25  __aeabi_memset4               
00003c25  __aeabi_memset8               
00003c5d  __aeabi_memclr                
00003c5d  __aeabi_memclr4               
00003c5d  __aeabi_memclr8               
00003c69  malloc                        
00003c75  DL_Common_delayCycles         
00003cad  __aeabi_errno_addr            
00003cb5  __aeabi_memcpy                
00003cb5  __aeabi_memcpy4               
00003cb5  __aeabi_memcpy8               
00003ccd  fseek                         
00003cd5  remove                        
00003cdd  Reset_Handler                 
00003ce1  _system_pre_init              
00003ce4  C$$EXIT                       
00003ce5  abort                         
00003cf0  __aeabi_ctype_table_          
00003cf0  __aeabi_ctype_table_C         
00004024  __TI_Handler_Table_Base       
00004030  __TI_Handler_Table_Limit      
00004038  __TI_CINIT_Base               
00004048  __TI_CINIT_Limit              
00004048  __TI_CINIT_Warm               
20200000  __start___llvm_prf_bits       
20200000  __start___llvm_prf_cnts       
20200000  __stop___llvm_prf_bits        
20200000  __stop___llvm_prf_cnts        
20200000  _sys_memory                   
20200800  _CIOBUF_                      
20200800  __CIOBUF_                     
20200a20  g_recv_buff                   
20200b20  g_recv_buff_deal              
20200c20  gTIMER_0Backup                
20200cdc  __TI_tmpnams                  
20200d7c  send_buff                     
20200dae  g_recv_flag                   
20200db0  Encoder_Now                   
20200dc0  Encoder_Offset                
20200dd0  g_Speed                       
20200de0  parmbuf                       
20200dec  _ftable                       
20200edc  recv0_buff                    
20200f5c  _device                       
20200fd4  _stream                       
20201024  __TI_cleanup_ptr              
20201028  __TI_dtors_ptr                
2020102c  __TI_ft_end                   
20201030  __aeabi_errno                 
20201034  _lock                         
20201038  _unlock                       
20201042  recv0_length                  
20201046  recv0_flag                    
20201047  times                         
20207e00  __stack                       
20208000  __STACK_END                   
ffffffff  __TI_pprof_out_hndl           
ffffffff  __TI_prof_data_size           
ffffffff  __TI_prof_data_start          
ffffffff  __binit__                     
ffffffff  binit                         
UNDEFED   __mpu_init                    
UNDEFED   _system_post_cinit            

[231 symbols]
